19:36:30 **** Incremental Build of configuration Debug for project OurEDA-B2S_PowH7 ****
make -j12 all 
arm-none-eabi-gcc "../Src/freertos.c" -mcpu=cortex-m7 -std=gnu11 -g3 -DDEBUG -DUSE_HAL_DRIVER -DSTM32H750xx -c -I../Inc -I"F:/Git_repository/OurEDA/OurEDA-B2S/Software/OurEDA-B2S_PowH7/Inc" -I"F:/Git_repository/OurEDA/OurEDA-B2S/Software/OurEDA-B2S_PowH7/LibROV3" -I../Drivers/STM32H7xx_HAL_Driver/Inc -I../Drivers/STM32H7xx_HAL_Driver/Inc/Legacy -I../Middlewares/Third_Party/FreeRTOS/Source/include -I../Middlewares/Third_Party/FreeRTOS/Source/CMSIS_RTOS -I../Middlewares/Third_Party/FreeRTOS/Source/portable/GCC/ARM_CM4F -I../Drivers/CMSIS/Device/ST/STM32H7xx/Include -I../Drivers/CMSIS/Include -O0 -ffunction-sections -fdata-sections -Wall -fstack-usage -MMD -MP -MF"Src/freertos.d" -MT"Src/freertos.o" --specs=nano.specs -mfpu=fpv5-d16 -mfloat-abi=hard -mthumb -o "Src/freertos.o"
../Src/freertos.c: In function 'Thread_SensorEntry':
../Src/freertos.c:622:26: warning: passing argument 1 of 'HAL_DMA_GetState' from incompatible pointer type [-Wincompatible-pointer-types]
  622 |     if (HAL_DMA_GetState(&Master_UART.hdmatx) != HAL_DMA_STATE_BUSY) //wait for DMA tx
      |                          ^~~~~~~~~~~~~~~~~~~
      |                          |
      |                          DMA_HandleTypeDef ** {aka struct __DMA_HandleTypeDef **}
In file included from ../Inc/stm32h7xx_hal_conf.h:254,
                 from ../Drivers/STM32H7xx_HAL_Driver/Inc/stm32h7xx_hal.h:29,
                 from ../Inc/main.h:30,
                 from ../Src/freertos.c:23:
../Drivers/STM32H7xx_HAL_Driver/Inc/stm32h7xx_hal_dma.h:1214:58: note: expected 'DMA_HandleTypeDef *' {aka 'struct __DMA_HandleTypeDef *'} but argument is of type 'DMA_HandleTypeDef **' {aka 'struct __DMA_HandleTypeDef **'}
 1214 | HAL_DMA_StateTypeDef HAL_DMA_GetState(DMA_HandleTypeDef *hdma);
      |                                       ~~~~~~~~~~~~~~~~~~~^~~~
arm-none-eabi-gcc -o "OurEDA-B2S_PowH7.elf" @"objects.list"   -mcpu=cortex-m7 -T"F:\Git_repository\OurEDA\OurEDA-B2S\Software\OurEDA-B2S_PowH7\STM32H750VBTX_FLASH.ld" --specs=nosys.specs -Wl,-Map="OurEDA-B2S_PowH7.map" -Wl,--gc-sections -static --specs=nano.specs -mfpu=fpv5-d16 -mfloat-abi=hard -mthumb -Wl,--start-group -lc -lm -Wl,--end-group
Finished building target: OurEDA-B2S_PowH7.elf
 
arm-none-eabi-objdump -h -S  OurEDA-B2S_PowH7.elf  > "OurEDA-B2S_PowH7.list"
arm-none-eabi-objcopy  -O binary  OurEDA-B2S_PowH7.elf  "OurEDA-B2S_PowH7.bin"
arm-none-eabi-size   OurEDA-B2S_PowH7.elf 
   text	   data	    bss	    dec	    hex	filename
  63432	     28	  31684	  95144	  173a8	OurEDA-B2S_PowH7.elf
Finished building: default.size.stdout
 
Finished building: OurEDA-B2S_PowH7.bin
 
Finished building: OurEDA-B2S_PowH7.list
 
19:36:36 **** Incremental Build of configuration Debug for project OurEDA-B2S_PowH7 ****
make -j12 all 
arm-none-eabi-size   OurEDA-B2S_PowH7.elf 
   text	   data	    bss	    dec	    hex	filename
  63432	     28	  31684	  95144	  173a8	OurEDA-B2S_PowH7.elf
Finished building: default.size.stdout
 
