21:34:39 **** Incremental Build of configuration Debug for project OurEDA-B2S_PowH7 ****
make -j12 all 
arm-none-eabi-gcc "../Src/freertos.c" -mcpu=cortex-m7 -std=gnu11 -g3 -DDEBUG -DUSE_HAL_DRIVER -DSTM32H750xx -c -I../Inc -I"F:/Git_repository/OurEDA/OurEDA-B2S/Software/OurEDA-B2S_PowH7/Inc" -I"F:/Git_repository/OurEDA/OurEDA-B2S/Software/OurEDA-B2S_PowH7/LibROV3" -I../Drivers/STM32H7xx_HAL_Driver/Inc -I../Drivers/STM32H7xx_HAL_Driver/Inc/Legacy -I../Middlewares/Third_Party/FreeRTOS/Source/include -I../Middlewares/Third_Party/FreeRTOS/Source/CMSIS_RTOS -I../Middlewares/Third_Party/FreeRTOS/Source/portable/GCC/ARM_CM4F -I../Drivers/CMSIS/Device/ST/STM32H7xx/Include -I../Drivers/CMSIS/Include -O0 -ffunction-sections -fdata-sections -Wall -fstack-usage -MMD -MP -MF"Src/freertos.d" -MT"Src/freertos.o" --specs=nano.specs -mfpu=fpv5-d16 -mfloat-abi=hard -mthumb -o "Src/freertos.o"
../Src/freertos.c: In function 'Thread_GY39Entry':
../Src/freertos.c:240:15: warning: variable 'gy39_data' set but not used [-Wunused-but-set-variable]
  240 |  CarbinData_t gy39_data;
      |               ^~~~~~~~~
../Src/freertos.c: In function 'Thread_WT931Entry':
../Src/freertos.c:280:12: warning: variable 'wt931_data' set but not used [-Wunused-but-set-variable]
  280 |  IMUData_t wt931_data;
      |            ^~~~~~~~~~
../Src/freertos.c: In function 'ControlDataAnalysis':
../Src/freertos.c:427:22: warning: suggest parentheses around comparison in operand of '&' [-Wparentheses]
  427 |  if (controller.Mode & 0x01 == 1)
      |                      ^
../Src/freertos.c:424:17: warning: variable 'IS_SIDEPUSH' set but not used [-Wunused-but-set-variable]
  424 |  static uint8_t IS_SIDEPUSH = 0;
      |                 ^~~~~~~~~~~
arm-none-eabi-gcc -o "OurEDA-B2S_PowH7.elf" @"objects.list"   -mcpu=cortex-m7 -T"F:\Git_repository\OurEDA\OurEDA-B2S\Software\OurEDA-B2S_PowH7\STM32H750VBTX_FLASH.ld" --specs=nosys.specs -Wl,-Map="OurEDA-B2S_PowH7.map" -Wl,--gc-sections -static --specs=nano.specs -mfpu=fpv5-d16 -mfloat-abi=hard -mthumb -Wl,--start-group -lc -lm -Wl,--end-group
Finished building target: OurEDA-B2S_PowH7.elf
 
arm-none-eabi-objdump -h -S  OurEDA-B2S_PowH7.elf  > "OurEDA-B2S_PowH7.list"
arm-none-eabi-objcopy  -O binary  OurEDA-B2S_PowH7.elf  "OurEDA-B2S_PowH7.bin"
arm-none-eabi-size   OurEDA-B2S_PowH7.elf 
   text	   data	    bss	    dec	    hex	filename
  60960	     28	  31004	  91992	  16758	OurEDA-B2S_PowH7.elf
Finished building: default.size.stdout
 
Finished building: OurEDA-B2S_PowH7.bin
 
Finished building: OurEDA-B2S_PowH7.list
 

21:34:40 Build Finished. 0 errors, 4 warnings. (took 1s.276ms)

