Archive member included to satisfy reference by file (symbol)

d:/stm32cubeide_1.6.1/stm32cubeide/plugins/com.st.stm32cube.ide.mcu.externaltools.gnu-tools-for-stm32.9-2020-q2-update.win32_1.5.0.202011040924/tools/bin/../lib/gcc/arm-none-eabi/9.3.1/../../../../arm-none-eabi/lib/thumb/v7e-m+dp/hard\libc_nano.a(lib_a-errno.o)
                              Src/syscalls.o (__errno)
d:/stm32cubeide_1.6.1/stm32cubeide/plugins/com.st.stm32cube.ide.mcu.externaltools.gnu-tools-for-stm32.9-2020-q2-update.win32_1.5.0.202011040924/tools/bin/../lib/gcc/arm-none-eabi/9.3.1/../../../../arm-none-eabi/lib/thumb/v7e-m+dp/hard\libc_nano.a(lib_a-exit.o)
                              d:/stm32cubeide_1.6.1/stm32cubeide/plugins/com.st.stm32cube.ide.mcu.externaltools.gnu-tools-for-stm32.9-2020-q2-update.win32_1.5.0.202011040924/tools/bin/../lib/gcc/arm-none-eabi/9.3.1/../../../../arm-none-eabi/lib/thumb/v7e-m+dp/hard/crt0.o (exit)
d:/stm32cubeide_1.6.1/stm32cubeide/plugins/com.st.stm32cube.ide.mcu.externaltools.gnu-tools-for-stm32.9-2020-q2-update.win32_1.5.0.202011040924/tools/bin/../lib/gcc/arm-none-eabi/9.3.1/../../../../arm-none-eabi/lib/thumb/v7e-m+dp/hard\libc_nano.a(lib_a-impure.o)
                              d:/stm32cubeide_1.6.1/stm32cubeide/plugins/com.st.stm32cube.ide.mcu.externaltools.gnu-tools-for-stm32.9-2020-q2-update.win32_1.5.0.202011040924/tools/bin/../lib/gcc/arm-none-eabi/9.3.1/../../../../arm-none-eabi/lib/thumb/v7e-m+dp/hard\libc_nano.a(lib_a-exit.o) (_global_impure_ptr)
d:/stm32cubeide_1.6.1/stm32cubeide/plugins/com.st.stm32cube.ide.mcu.externaltools.gnu-tools-for-stm32.9-2020-q2-update.win32_1.5.0.202011040924/tools/bin/../lib/gcc/arm-none-eabi/9.3.1/../../../../arm-none-eabi/lib/thumb/v7e-m+dp/hard\libc_nano.a(lib_a-init.o)
                              d:/stm32cubeide_1.6.1/stm32cubeide/plugins/com.st.stm32cube.ide.mcu.externaltools.gnu-tools-for-stm32.9-2020-q2-update.win32_1.5.0.202011040924/tools/bin/../lib/gcc/arm-none-eabi/9.3.1/../../../../arm-none-eabi/lib/thumb/v7e-m+dp/hard/crt0.o (__libc_init_array)
d:/stm32cubeide_1.6.1/stm32cubeide/plugins/com.st.stm32cube.ide.mcu.externaltools.gnu-tools-for-stm32.9-2020-q2-update.win32_1.5.0.202011040924/tools/bin/../lib/gcc/arm-none-eabi/9.3.1/../../../../arm-none-eabi/lib/thumb/v7e-m+dp/hard\libc_nano.a(lib_a-memcpy-stub.o)
                              Middlewares/Third_Party/FreeRTOS/Source/queue.o (memcpy)
d:/stm32cubeide_1.6.1/stm32cubeide/plugins/com.st.stm32cube.ide.mcu.externaltools.gnu-tools-for-stm32.9-2020-q2-update.win32_1.5.0.202011040924/tools/bin/../lib/gcc/arm-none-eabi/9.3.1/../../../../arm-none-eabi/lib/thumb/v7e-m+dp/hard\libc_nano.a(lib_a-memset.o)
                              d:/stm32cubeide_1.6.1/stm32cubeide/plugins/com.st.stm32cube.ide.mcu.externaltools.gnu-tools-for-stm32.9-2020-q2-update.win32_1.5.0.202011040924/tools/bin/../lib/gcc/arm-none-eabi/9.3.1/../../../../arm-none-eabi/lib/thumb/v7e-m+dp/hard/crt0.o (memset)
d:/stm32cubeide_1.6.1/stm32cubeide/plugins/com.st.stm32cube.ide.mcu.externaltools.gnu-tools-for-stm32.9-2020-q2-update.win32_1.5.0.202011040924/tools/bin/../lib/gcc/arm-none-eabi/9.3.1/thumb/v7e-m+dp/hard\libgcc.a(_aeabi_uldivmod.o)
                              Drivers/STM32H7xx_HAL_Driver/Src/stm32h7xx_hal_uart.o (__aeabi_uldivmod)
d:/stm32cubeide_1.6.1/stm32cubeide/plugins/com.st.stm32cube.ide.mcu.externaltools.gnu-tools-for-stm32.9-2020-q2-update.win32_1.5.0.202011040924/tools/bin/../lib/gcc/arm-none-eabi/9.3.1/thumb/v7e-m+dp/hard\libgcc.a(_udivmoddi4.o)
                              d:/stm32cubeide_1.6.1/stm32cubeide/plugins/com.st.stm32cube.ide.mcu.externaltools.gnu-tools-for-stm32.9-2020-q2-update.win32_1.5.0.202011040924/tools/bin/../lib/gcc/arm-none-eabi/9.3.1/thumb/v7e-m+dp/hard\libgcc.a(_aeabi_uldivmod.o) (__udivmoddi4)
d:/stm32cubeide_1.6.1/stm32cubeide/plugins/com.st.stm32cube.ide.mcu.externaltools.gnu-tools-for-stm32.9-2020-q2-update.win32_1.5.0.202011040924/tools/bin/../lib/gcc/arm-none-eabi/9.3.1/thumb/v7e-m+dp/hard\libgcc.a(_dvmd_tls.o)
                              d:/stm32cubeide_1.6.1/stm32cubeide/plugins/com.st.stm32cube.ide.mcu.externaltools.gnu-tools-for-stm32.9-2020-q2-update.win32_1.5.0.202011040924/tools/bin/../lib/gcc/arm-none-eabi/9.3.1/thumb/v7e-m+dp/hard\libgcc.a(_aeabi_uldivmod.o) (__aeabi_ldiv0)

Allocating common symbols
Common symbol       size              file

GY39_QueueBuffer    0x8               Src/freertos.o
Thread_ControlControlBlock
                    0x54              Src/freertos.o
hdma_usart2_rx      0x78              Src/usart.o
Thread_IdleControlBlock
                    0x54              Src/freertos.o
WT931_DONE_semHandle
                    0x4               Src/freertos.o
Thread_SensorHandle
                    0x4               Src/freertos.o
htim8               0x4c              Src/tim.o
htim4               0x4c              Src/tim.o
hdma_usart3_rx      0x78              Src/usart.o
huart3              0x90              Src/usart.o
[...]
Memory Configuration

Name             Origin             Length             Attributes
FLASH            0x0000000008000000 0x0000000000020000 xr
DTCMRAM          0x0000000020000000 0x0000000000020000 xrw
RAM_D1           0x0000000024000000 0x0000000000080000 xrw
RAM_D2           0x0000000030000000 0x0000000000048000 xrw
RAM_D3           0x0000000038000000 0x0000000000010000 xrw
ITCMRAM          0x0000000000000000 0x0000000000010000 xrw
*default*        0x0000000000000000 0xffffffffffffffff

Linker script and memory map

LOAD d:/stm32cubeide_1.6.1/stm32cubeide/plugins/com.st.stm32cube.ide.mcu.externaltools.gnu-tools-for-stm32.9-2020-q2-update.win32_1.5.0.202011040924/tools/bin/../lib/gcc/arm-none-eabi/9.3.1/thumb/v7e-m+dp/hard/crti.o
LOAD d:/stm32cubeide_1.6.1/stm32cubeide/plugins/com.st.stm32cube.ide.mcu.externaltools.gnu-tools-for-stm32.9-2020-q2-update.win32_1.5.0.202011040924/tools/bin/../lib/gcc/arm-none-eabi/9.3.1/thumb/v7e-m+dp/hard/crtbegin.o
LOAD d:/stm32cubeide_1.6.1/stm32cubeide/plugins/com.st.stm32cube.ide.mcu.externaltools.gnu-tools-for-stm32.9-2020-q2-update.win32_1.5.0.202011040924/tools/bin/../lib/gcc/arm-none-eabi/9.3.1/../../../../arm-none-eabi/lib/thumb/v7e-m+dp/hard/crt0.o
LOAD Drivers/STM32H7xx_HAL_Driver/Src/stm32h7xx_hal.o
LOAD Drivers/STM32H7xx_HAL_Driver/Src/stm32h7xx_hal_cortex.o
LOAD Drivers/STM32H7xx_HAL_Driver/Src/stm32h7xx_hal_dma.o
LOAD Drivers/STM32H7xx_HAL_Driver/Src/stm32h7xx_hal_dma_ex.o
LOAD Drivers/STM32H7xx_HAL_Driver/Src/stm32h7xx_hal_exti.o
LOAD Drivers/STM32H7xx_HAL_Driver/Src/stm32h7xx_hal_flash.o
LOAD Drivers/STM32H7xx_HAL_Driver/Src/stm32h7xx_hal_flash_ex.o
LOAD Drivers/STM32H7xx_HAL_Driver/Src/stm32h7xx_hal_gpio.o
LOAD Drivers/STM32H7xx_HAL_Driver/Src/stm32h7xx_hal_hsem.o
LOAD Drivers/STM32H7xx_HAL_Driver/Src/stm32h7xx_hal_i2c.o
LOAD Drivers/STM32H7xx_HAL_Driver/Src/stm32h7xx_hal_i2c_ex.o
LOAD Drivers/STM32H7xx_HAL_Driver/Src/stm32h7xx_hal_mdma.o
LOAD Drivers/STM32H7xx_HAL_Driver/Src/stm32h7xx_hal_pwr.o
LOAD Drivers/STM32H7xx_HAL_Driver/Src/stm32h7xx_hal_pwr_ex.o
LOAD Drivers/STM32H7xx_HAL_Driver/Src/stm32h7xx_hal_rcc.o
LOAD Drivers/STM32H7xx_HAL_Driver/Src/stm32h7xx_hal_rcc_ex.o
LOAD Drivers/STM32H7xx_HAL_Driver/Src/stm32h7xx_hal_tim.o
LOAD Drivers/STM32H7xx_HAL_Driver/Src/stm32h7xx_hal_tim_ex.o
LOAD Drivers/STM32H7xx_HAL_Driver/Src/stm32h7xx_hal_uart.o
LOAD Drivers/STM32H7xx_HAL_Driver/Src/stm32h7xx_hal_uart_ex.o
LOAD LibROV3/Algorithm.o
LOAD LibROV3/BasicCtrl.o
LOAD LibROV3/Display.o
LOAD LibROV3/Sensor.o
LOAD Middlewares/Third_Party/FreeRTOS/Source/CMSIS_RTOS/cmsis_os.o
LOAD Middlewares/Third_Party/FreeRTOS/Source/croutine.o
LOAD Middlewares/Third_Party/FreeRTOS/Source/event_groups.o
LOAD Middlewares/Third_Party/FreeRTOS/Source/list.o
LOAD Middlewares/Third_Party/FreeRTOS/Source/queue.o
LOAD Middlewares/Third_Party/FreeRTOS/Source/stream_buffer.o
LOAD Middlewares/Third_Party/FreeRTOS/Source/tasks.o
LOAD Middlewares/Third_Party/FreeRTOS/Source/timers.o
LOAD Middlewares/Third_Party/FreeRTOS/Source/portable/GCC/ARM_CM4F/port.o
LOAD Middlewares/Third_Party/FreeRTOS/Source/portable/MemMang/heap_4.o
LOAD Src/dma.o
LOAD Src/freertos.o
LOAD Src/gpio.o
LOAD Src/main.o
LOAD Src/stm32h7xx_hal_msp.o
LOAD Src/stm32h7xx_hal_timebase_tim.o
LOAD Src/stm32h7xx_it.o
LOAD Src/syscalls.o
LOAD Src/sysmem.o
LOAD Src/system_stm32h7xx.o
LOAD Src/tim.o
LOAD Src/usart.o
LOAD Startup/startup_stm32h750vbtx.o
START GROUP
LOAD d:/stm32cubeide_1.6.1/stm32cubeide/plugins/com.st.stm32cube.ide.mcu.externaltools.gnu-tools-for-stm32.9-2020-q2-update.win32_1.5.0.202011040924/tools/bin/../lib/gcc/arm-none-eabi/9.3.1/../../../../arm-none-eabi/lib/thumb/v7e-m+dp/hard\libc_nano.a
LOAD d:/stm32cubeide_1.6.1/stm32cubeide/plugins/com.st.stm32cube.ide.mcu.externaltools.gnu-tools-for-stm32.9-2020-q2-update.win32_1.5.0.202011040924/tools/bin/../lib/gcc/arm-none-eabi/9.3.1/../../../../arm-none-eabi/lib/thumb/v7e-m+dp/hard\libm.a
END GROUP
START GROUP
LOAD d:/stm32cubeide_1.6.1/stm32cubeide/plugins/com.st.stm32cube.ide.mcu.externaltools.gnu-tools-for-stm32.9-2020-q2-update.win32_1.5.0.202011040924/tools/bin/../lib/gcc/arm-none-eabi/9.3.1/thumb/v7e-m+dp/hard\libgcc.a
LOAD d:/stm32cubeide_1.6.1/stm32cubeide/plugins/com.st.stm32cube.ide.mcu.externaltools.gnu-tools-for-stm32.9-2020-q2-update.win32_1.5.0.202011040924/tools/bin/../lib/gcc/arm-none-eabi/9.3.1/../../../../arm-none-eabi/lib/thumb/v7e-m+dp/hard\libc_nano.a
END GROUP
START GROUP
LOAD d:/stm32cubeide_1.6.1/stm32cubeide/plugins/com.st.stm32cube.ide.mcu.externaltools.gnu-tools-for-stm32.9-2020-q2-update.win32_1.5.0.202011040924/tools/bin/../lib/gcc/arm-none-eabi/9.3.1/thumb/v7e-m+dp/hard\libgcc.a
LOAD d:/stm32cubeide_1.6.1/stm32cubeide/plugins/com.st.stm32cube.ide.mcu.externaltools.gnu-tools-for-stm32.9-2020-q2-update.win32_1.5.0.202011040924/tools/bin/../lib/gcc/arm-none-eabi/9.3.1/../../../../arm-none-eabi/lib/thumb/v7e-m+dp/hard\libc_nano.a
LOAD d:/stm32cubeide_1.6.1/stm32cubeide/plugins/com.st.stm32cube.ide.mcu.externaltools.gnu-tools-for-stm32.9-2020-q2-update.win32_1.5.0.202011040924/tools/bin/../lib/gcc/arm-none-eabi/9.3.1/../../../../arm-none-eabi/lib/thumb/v7e-m+dp/hard\libnosys.a
END GROUP
START GROUP
LOAD d:/stm32cubeide_1.6.1/stm32cubeide/plugins/com.st.stm32cube.ide.mcu.externaltools.gnu-tools-for-stm32.9-2020-q2-update.win32_1.5.0.202011040924/tools/bin/../lib/gcc/arm-none-eabi/9.3.1/thumb/v7e-m+dp/hard\libgcc.a
LOAD d:/stm32cubeide_1.6.1/stm32cubeide/plugins/com.st.stm32cube.ide.mcu.externaltools.gnu-tools-for-stm32.9-2020-q2-update.win32_1.5.0.202011040924/tools/bin/../lib/gcc/arm-none-eabi/9.3.1/../../../../arm-none-eabi/lib/thumb/v7e-m+dp/hard\libc_nano.a
LOAD d:/stm32cubeide_1.6.1/stm32cubeide/plugins/com.st.stm32cube.ide.mcu.externaltools.gnu-tools-for-stm32.9-2020-q2-update.win32_1.5.0.202011040924/tools/bin/../lib/gcc/arm-none-eabi/9.3.1/../../../../arm-none-eabi/lib/thumb/v7e-m+dp/hard\libnosys.a
END GROUP
LOAD d:/stm32cubeide_1.6.1/stm32cubeide/plugins/com.st.stm32cube.ide.mcu.externaltools.gnu-tools-for-stm32.9-2020-q2-update.win32_1.5.0.202011040924/tools/bin/../lib/gcc/arm-none-eabi/9.3.1/thumb/v7e-m+dp/hard/crtend.o
LOAD d:/stm32cubeide_1.6.1/stm32cubeide/plugins/com.st.stm32cube.ide.mcu.externaltools.gnu-tools-for-stm32.9-2020-q2-update.win32_1.5.0.202011040924/tools/bin/../lib/gcc/arm-none-eabi/9.3.1/thumb/v7e-m+dp/hard/crtn.o
                0x0000000024080000                _estack = (ORIGIN (RAM_D1) + LENGTH (RAM_D1))
                0x0000000000000200                _Min_Heap_Size = 0x200
                0x0000000000000400                _Min_Stack_Size = 0x400

.isr_vector     0x0000000008000000      0x298
                0x0000000008000000                . = ALIGN (0x4)
 *(.isr_vector)
 .isr_vector    0x0000000008000000      0x298 Startup/startup_stm32h750vbtx.o
                0x0000000008000000                g_pfnVectors
                0x0000000008000298                . = ALIGN (0x4)

.text           0x00000000080002a0     0xea40
                0x00000000080002a0                . = ALIGN (0x4)
 *(.text)
 .text          0x00000000080002a0       0x40 d:/stm32cubeide_1.6.1/stm32cubeide/plugins/com.st.stm32cube.ide.mcu.externaltools.gnu-tools-for-stm32.9-2020-q2-update.win32_1.5.0.202011040924/tools/bin/../lib/gcc/arm-none-eabi/9.3.1/thumb/v7e-m+dp/hard/crtbegin.o
 .text          0x00000000080002e0       0x30 d:/stm32cubeide_1.6.1/stm32cubeide/plugins/com.st.stm32cube.ide.mcu.externaltools.gnu-tools-for-stm32.9-2020-q2-update.win32_1.5.0.202011040924/tools/bin/../lib/gcc/arm-none-eabi/9.3.1/thumb/v7e-m+dp/hard\libgcc.a(_aeabi_uldivmod.o)
                0x00000000080002e0                __aeabi_uldivmod
 .text          0x0000000008000310      0x2c4 d:/stm32cubeide_1.6.1/stm32cubeide/plugins/com.st.stm32cube.ide.mcu.externaltools.gnu-tools-for-stm32.9-2020-q2-update.win32_1.5.0.202011040924/tools/bin/../lib/gcc/arm-none-eabi/9.3.1/thumb/v7e-m+dp/hard\libgcc.a(_udivmoddi4.o)
                0x0000000008000310                __udivmoddi4
 .text          0x00000000080005d4        0x4 d:/stm32cubeide_1.6.1/stm32cubeide/plugins/com.st.stm32cube.ide.mcu.externaltools.gnu-tools-for-stm32.9-2020-q2-update.win32_1.5.0.202011040924/tools/bin/../lib/gcc/arm-none-eabi/9.3.1/thumb/v7e-m+dp/hard\libgcc.a(_dvmd_tls.o)
                0x00000000080005d4                __aeabi_idiv0
                0x00000000080005d4                __aeabi_ldiv0
 *(.text*)
 .text.HAL_Init
                0x00000000080005d8       0x78 Drivers/STM32H7xx_HAL_Driver/Src/stm32h7xx_hal.o
                0x00000000080005d8                HAL_Init
 .text.HAL_IncTick
                0x0000000008000650       0x28 Drivers/STM32H7xx_HAL_Driver/Src/stm32h7xx_hal.o
                0x0000000008000650                HAL_IncTick
 .text.HAL_GetTick
                0x0000000008000678       0x18 Drivers/STM32H7xx_HAL_Driver/Src/stm32h7xx_hal.o
                0x0000000008000678                HAL_GetTick
 .text.HAL_GetREVID
                0x0000000008000690       0x18 Drivers/STM32H7xx_HAL_Driver/Src/stm32h7xx_hal.o
                0x0000000008000690                HAL_GetREVID
 .text.__NVIC_SetPriorityGrouping
                0x00000000080006a8       0x48 Drivers/STM32H7xx_HAL_Driver/Src/stm32h7xx_hal_cortex.o
 .text.__NVIC_GetPriorityGrouping
                0x00000000080006f0       0x1c Drivers/STM32H7xx_HAL_Driver/Src/stm32h7xx_hal_cortex.o
 .text.__NVIC_EnableIRQ
                0x000000000800070c       0x3c Drivers/STM32H7xx_HAL_Driver/Src/stm32h7xx_hal_cortex.o
 .text.__NVIC_SetPriority
                0x0000000008000748       0x54 Drivers/STM32H7xx_HAL_Driver/Src/stm32h7xx_hal_cortex.o
 .text.NVIC_EncodePriority
                0x000000000800079c       0x66 Drivers/STM32H7xx_HAL_Driver/Src/stm32h7xx_hal_cortex.o
 .text.HAL_NVIC_SetPriorityGrouping
                0x0000000008000802       0x16 Drivers/STM32H7xx_HAL_Driver/Src/stm32h7xx_hal_cortex.o
                0x0000000008000802                HAL_NVIC_SetPriorityGrouping
 .text.HAL_NVIC_SetPriority
                0x0000000008000818       0x34 Drivers/STM32H7xx_HAL_Driver/Src/stm32h7xx_hal_cortex.o
                0x0000000008000818                HAL_NVIC_SetPriority
 .text.HAL_NVIC_EnableIRQ
                0x000000000800084c       0x1c Drivers/STM32H7xx_HAL_Driver/Src/stm32h7xx_hal_cortex.o
                0x000000000800084c                HAL_NVIC_EnableIRQ
 .text.HAL_DMA_Init
                0x0000000008000868      0x6b8 Drivers/STM32H7xx_HAL_Driver/Src/stm32h7xx_hal_dma.o
                0x0000000008000868                HAL_DMA_Init
 .text.HAL_DMA_Start_IT
                0x0000000008000f20      0x4d4 Drivers/STM32H7xx_HAL_Driver/Src/stm32h7xx_hal_dma.o
                0x0000000008000f20                HAL_DMA_Start_IT
 .text.HAL_DMA_Abort
                0x00000000080013f4      0x63c Drivers/STM32H7xx_HAL_Driver/Src/stm32h7xx_hal_dma.o
                0x00000000080013f4                HAL_DMA_Abort
 .text.HAL_DMA_Abort_IT
                0x0000000008001a30      0x488 Drivers/STM32H7xx_HAL_Driver/Src/stm32h7xx_hal_dma.o
                0x0000000008001a30                HAL_DMA_Abort_IT
 .text.HAL_DMA_IRQHandler
                0x0000000008001eb8      0xe54 Drivers/STM32H7xx_HAL_Driver/Src/stm32h7xx_hal_dma.o
                0x0000000008001eb8                HAL_DMA_IRQHandler
 .text.HAL_DMA_GetError
                0x0000000008002d0c       0x18 Drivers/STM32H7xx_HAL_Driver/Src/stm32h7xx_hal_dma.o
                0x0000000008002d0c                HAL_DMA_GetError
 .text.DMA_SetConfig
                0x0000000008002d24      0x358 Drivers/STM32H7xx_HAL_Driver/Src/stm32h7xx_hal_dma.o
 .text.DMA_CalcBaseAndBitshift
                0x000000000800307c      0x164 Drivers/STM32H7xx_HAL_Driver/Src/stm32h7xx_hal_dma.o
 .text.DMA_CheckFifoParam
                0x00000000080031e0       0xf8 Drivers/STM32H7xx_HAL_Driver/Src/stm32h7xx_hal_dma.o
 .text.DMA_CalcDMAMUXChannelBaseAndMask
                0x00000000080032d8      0x134 Drivers/STM32H7xx_HAL_Driver/Src/stm32h7xx_hal_dma.o
 .text.DMA_CalcDMAMUXRequestGenBaseAndMask
                0x000000000800340c       0xe8 Drivers/STM32H7xx_HAL_Driver/Src/stm32h7xx_hal_dma.o
 .text.HAL_GPIO_Init
                0x00000000080034f4      0x360 Drivers/STM32H7xx_HAL_Driver/Src/stm32h7xx_hal_gpio.o
                0x00000000080034f4                HAL_GPIO_Init
 .text.HAL_GPIO_WritePin
                0x0000000008003854       0x32 Drivers/STM32H7xx_HAL_Driver/Src/stm32h7xx_hal_gpio.o
                0x0000000008003854                HAL_GPIO_WritePin
 .text.HAL_GPIO_TogglePin
                0x0000000008003886       0x34 Drivers/STM32H7xx_HAL_Driver/Src/stm32h7xx_hal_gpio.o
                0x0000000008003886                HAL_GPIO_TogglePin
 *fill*         0x00000000080038ba        0x2 
 .text.HAL_PWREx_ConfigSupply
                0x00000000080038bc       0x74 Drivers/STM32H7xx_HAL_Driver/Src/stm32h7xx_hal_pwr_ex.o
                0x00000000080038bc                HAL_PWREx_ConfigSupply
 .text.HAL_RCC_OscConfig
                0x0000000008003930      0x858 Drivers/STM32H7xx_HAL_Driver/Src/stm32h7xx_hal_rcc.o
                0x0000000008003930                HAL_RCC_OscConfig
 .text.HAL_RCC_ClockConfig
                0x0000000008004188      0x36c Drivers/STM32H7xx_HAL_Driver/Src/stm32h7xx_hal_rcc.o
                0x0000000008004188                HAL_RCC_ClockConfig
 .text.HAL_RCC_GetSysClockFreq
                0x00000000080044f4      0x2f4 Drivers/STM32H7xx_HAL_Driver/Src/stm32h7xx_hal_rcc.o
                0x00000000080044f4                HAL_RCC_GetSysClockFreq
 .text.HAL_RCC_GetHCLKFreq
                0x00000000080047e8       0x60 Drivers/STM32H7xx_HAL_Driver/Src/stm32h7xx_hal_rcc.o
                0x00000000080047e8                HAL_RCC_GetHCLKFreq
 .text.HAL_RCC_GetPCLK1Freq
                0x0000000008004848       0x2c Drivers/STM32H7xx_HAL_Driver/Src/stm32h7xx_hal_rcc.o
                0x0000000008004848                HAL_RCC_GetPCLK1Freq
 .text.HAL_RCC_GetPCLK2Freq
                0x0000000008004874       0x2c Drivers/STM32H7xx_HAL_Driver/Src/stm32h7xx_hal_rcc.o
                0x0000000008004874                HAL_RCC_GetPCLK2Freq
 .text.HAL_RCC_GetClockConfig
                0x00000000080048a0       0x84 Drivers/STM32H7xx_HAL_Driver/Src/stm32h7xx_hal_rcc.o
                0x00000000080048a0                HAL_RCC_GetClockConfig
 .text.HAL_RCCEx_PeriphCLKConfig
                0x0000000008004924      0xe80 Drivers/STM32H7xx_HAL_Driver/Src/stm32h7xx_hal_rcc_ex.o
                0x0000000008004924                HAL_RCCEx_PeriphCLKConfig
 .text.HAL_RCCEx_GetD3PCLK1Freq
                0x00000000080057a4       0x2c Drivers/STM32H7xx_HAL_Driver/Src/stm32h7xx_hal_rcc_ex.o
                0x00000000080057a4                HAL_RCCEx_GetD3PCLK1Freq
 .text.HAL_RCCEx_GetPLL2ClockFreq
                0x00000000080057d0      0x2a8 Drivers/STM32H7xx_HAL_Driver/Src/stm32h7xx_hal_rcc_ex.o
                0x00000000080057d0                HAL_RCCEx_GetPLL2ClockFreq
 .text.HAL_RCCEx_GetPLL3ClockFreq
                0x0000000008005a78      0x2a8 Drivers/STM32H7xx_HAL_Driver/Src/stm32h7xx_hal_rcc_ex.o
                0x0000000008005a78                HAL_RCCEx_GetPLL3ClockFreq
 .text.RCCEx_PLL2_Config
                0x0000000008005d20      0x164 Drivers/STM32H7xx_HAL_Driver/Src/stm32h7xx_hal_rcc_ex.o
 .text.RCCEx_PLL3_Config
                0x0000000008005e84      0x164 Drivers/STM32H7xx_HAL_Driver/Src/stm32h7xx_hal_rcc_ex.o
 .text.HAL_TIM_Base_Init
                0x0000000008005fe8       0xae Drivers/STM32H7xx_HAL_Driver/Src/stm32h7xx_hal_tim.o
                0x0000000008005fe8                HAL_TIM_Base_Init
 *fill*         0x0000000008006096        0x2 
 .text.HAL_TIM_Base_Start_IT
                0x0000000008006098       0xf0 Drivers/STM32H7xx_HAL_Driver/Src/stm32h7xx_hal_tim.o
                0x0000000008006098                HAL_TIM_Base_Start_IT
 .text.HAL_TIM_PWM_Init
                0x0000000008006188       0xae Drivers/STM32H7xx_HAL_Driver/Src/stm32h7xx_hal_tim.o
                0x0000000008006188                HAL_TIM_PWM_Init
 .text.HAL_TIM_PWM_MspInit
                0x0000000008006236       0x14 Drivers/STM32H7xx_HAL_Driver/Src/stm32h7xx_hal_tim.o
                0x0000000008006236                HAL_TIM_PWM_MspInit
 *fill*         0x000000000800624a        0x2 
 .text.HAL_TIM_PWM_Start
                0x000000000800624c      0x21c Drivers/STM32H7xx_HAL_Driver/Src/stm32h7xx_hal_tim.o
                0x000000000800624c                HAL_TIM_PWM_Start
 .text.HAL_TIM_IRQHandler
                0x0000000008006468      0x23e Drivers/STM32H7xx_HAL_Driver/Src/stm32h7xx_hal_tim.o
                0x0000000008006468                HAL_TIM_IRQHandler
 *fill*         0x00000000080066a6        0x2 
 .text.HAL_TIM_PWM_ConfigChannel
                0x00000000080066a8      0x228 Drivers/STM32H7xx_HAL_Driver/Src/stm32h7xx_hal_tim.o
                0x00000000080066a8                HAL_TIM_PWM_ConfigChannel
 .text.HAL_TIM_ConfigClockSource
                0x00000000080068d0      0x1f0 Drivers/STM32H7xx_HAL_Driver/Src/stm32h7xx_hal_tim.o
                0x00000000080068d0                HAL_TIM_ConfigClockSource
 .text.HAL_TIM_OC_DelayElapsedCallback
                0x0000000008006ac0       0x14 Drivers/STM32H7xx_HAL_Driver/Src/stm32h7xx_hal_tim.o
                0x0000000008006ac0                HAL_TIM_OC_DelayElapsedCallback
 .text.HAL_TIM_IC_CaptureCallback
                0x0000000008006ad4       0x14 Drivers/STM32H7xx_HAL_Driver/Src/stm32h7xx_hal_tim.o
                0x0000000008006ad4                HAL_TIM_IC_CaptureCallback
 .text.HAL_TIM_PWM_PulseFinishedCallback
                0x0000000008006ae8       0x14 Drivers/STM32H7xx_HAL_Driver/Src/stm32h7xx_hal_tim.o
                0x0000000008006ae8                HAL_TIM_PWM_PulseFinishedCallback
 .text.HAL_TIM_TriggerCallback
                0x0000000008006afc       0x14 Drivers/STM32H7xx_HAL_Driver/Src/stm32h7xx_hal_tim.o
                0x0000000008006afc                HAL_TIM_TriggerCallback
 .text.TIM_Base_SetConfig
                0x0000000008006b10      0x134 Drivers/STM32H7xx_HAL_Driver/Src/stm32h7xx_hal_tim.o
                0x0000000008006b10                TIM_Base_SetConfig
 .text.TIM_OC1_SetConfig
                0x0000000008006c44      0x120 Drivers/STM32H7xx_HAL_Driver/Src/stm32h7xx_hal_tim.o
 .text.TIM_OC2_SetConfig
                0x0000000008006d64      0x114 Drivers/STM32H7xx_HAL_Driver/Src/stm32h7xx_hal_tim.o
                0x0000000008006d64                TIM_OC2_SetConfig
 .text.TIM_OC3_SetConfig
                0x0000000008006e78      0x110 Drivers/STM32H7xx_HAL_Driver/Src/stm32h7xx_hal_tim.o
 .text.TIM_OC4_SetConfig
                0x0000000008006f88       0xd4 Drivers/STM32H7xx_HAL_Driver/Src/stm32h7xx_hal_tim.o
 .text.TIM_OC5_SetConfig
                0x000000000800705c       0xc8 Drivers/STM32H7xx_HAL_Driver/Src/stm32h7xx_hal_tim.o
 .text.TIM_OC6_SetConfig
                0x0000000008007124       0xcc Drivers/STM32H7xx_HAL_Driver/Src/stm32h7xx_hal_tim.o
 .text.TIM_TI1_ConfigInputStage
                0x00000000080071f0       0x5e Drivers/STM32H7xx_HAL_Driver/Src/stm32h7xx_hal_tim.o
 .text.TIM_TI2_ConfigInputStage
                0x000000000800724e       0x60 Drivers/STM32H7xx_HAL_Driver/Src/stm32h7xx_hal_tim.o
 *fill*         0x00000000080072ae        0x2 
 .text.TIM_ITRx_SetConfig
                0x00000000080072b0       0x3c Drivers/STM32H7xx_HAL_Driver/Src/stm32h7xx_hal_tim.o
 .text.TIM_ETR_SetConfig
                0x00000000080072ec       0x40 Drivers/STM32H7xx_HAL_Driver/Src/stm32h7xx_hal_tim.o
                0x00000000080072ec                TIM_ETR_SetConfig
 .text.TIM_CCxChannelCmd
                0x000000000800732c       0x4a Drivers/STM32H7xx_HAL_Driver/Src/stm32h7xx_hal_tim.o
                0x000000000800732c                TIM_CCxChannelCmd
 *fill*         0x0000000008007376        0x2 
 .text.HAL_TIMEx_MasterConfigSynchronization
                0x0000000008007378      0x11c Drivers/STM32H7xx_HAL_Driver/Src/stm32h7xx_hal_tim_ex.o
                0x0000000008007378                HAL_TIMEx_MasterConfigSynchronization
 .text.HAL_TIMEx_ConfigBreakDeadTime
                0x0000000008007494       0xfc Drivers/STM32H7xx_HAL_Driver/Src/stm32h7xx_hal_tim_ex.o
                0x0000000008007494                HAL_TIMEx_ConfigBreakDeadTime
 .text.HAL_TIMEx_CommutCallback
                0x0000000008007590       0x14 Drivers/STM32H7xx_HAL_Driver/Src/stm32h7xx_hal_tim_ex.o
                0x0000000008007590                HAL_TIMEx_CommutCallback
 .text.HAL_TIMEx_BreakCallback
                0x00000000080075a4       0x14 Drivers/STM32H7xx_HAL_Driver/Src/stm32h7xx_hal_tim_ex.o
                0x00000000080075a4                HAL_TIMEx_BreakCallback
 .text.HAL_TIMEx_Break2Callback
                0x00000000080075b8       0x14 Drivers/STM32H7xx_HAL_Driver/Src/stm32h7xx_hal_tim_ex.o
                0x00000000080075b8                HAL_TIMEx_Break2Callback
 .text.HAL_UART_Init
                0x00000000080075cc       0xa0 Drivers/STM32H7xx_HAL_Driver/Src/stm32h7xx_hal_uart.o
                0x00000000080075cc                HAL_UART_Init
 .text.HAL_UART_Transmit_DMA
                0x000000000800766c      0x124 Drivers/STM32H7xx_HAL_Driver/Src/stm32h7xx_hal_uart.o
                0x000000000800766c                HAL_UART_Transmit_DMA
 .text.HAL_UART_Receive_DMA
                0x0000000008007790       0xac Drivers/STM32H7xx_HAL_Driver/Src/stm32h7xx_hal_uart.o
                0x0000000008007790                HAL_UART_Receive_DMA
 .text.HAL_UART_DMAStop
                0x000000000800783c      0x126 Drivers/STM32H7xx_HAL_Driver/Src/stm32h7xx_hal_uart.o
                0x000000000800783c                HAL_UART_DMAStop
 *fill*         0x0000000008007962        0x2 
 .text.HAL_UART_IRQHandler
                0x0000000008007964      0x73c Drivers/STM32H7xx_HAL_Driver/Src/stm32h7xx_hal_uart.o
                0x0000000008007964                HAL_UART_IRQHandler
 .text.HAL_UART_TxCpltCallback
                0x00000000080080a0       0x14 Drivers/STM32H7xx_HAL_Driver/Src/stm32h7xx_hal_uart.o
                0x00000000080080a0                HAL_UART_TxCpltCallback
 .text.HAL_UART_TxHalfCpltCallback
                0x00000000080080b4       0x14 Drivers/STM32H7xx_HAL_Driver/Src/stm32h7xx_hal_uart.o
                0x00000000080080b4                HAL_UART_TxHalfCpltCallback
 .text.HAL_UART_RxCpltCallback
                0x00000000080080c8       0x14 Drivers/STM32H7xx_HAL_Driver/Src/stm32h7xx_hal_uart.o
                0x00000000080080c8                HAL_UART_RxCpltCallback
 .text.HAL_UART_RxHalfCpltCallback
                0x00000000080080dc       0x14 Drivers/STM32H7xx_HAL_Driver/Src/stm32h7xx_hal_uart.o
                0x00000000080080dc                HAL_UART_RxHalfCpltCallback
 .text.HAL_UART_ErrorCallback
                0x00000000080080f0       0x14 Drivers/STM32H7xx_HAL_Driver/Src/stm32h7xx_hal_uart.o
                0x00000000080080f0                HAL_UART_ErrorCallback
 .text.HAL_UARTEx_RxEventCallback
                0x0000000008008104       0x18 Drivers/STM32H7xx_HAL_Driver/Src/stm32h7xx_hal_uart.o
                0x0000000008008104                HAL_UARTEx_RxEventCallback
 .text.UART_SetConfig
                0x000000000800811c      0xac0 Drivers/STM32H7xx_HAL_Driver/Src/stm32h7xx_hal_uart.o
                0x000000000800811c                UART_SetConfig
 .text.UART_AdvFeatureConfig
                0x0000000008008bdc      0x144 Drivers/STM32H7xx_HAL_Driver/Src/stm32h7xx_hal_uart.o
                0x0000000008008bdc                UART_AdvFeatureConfig
 .text.UART_CheckIdleState
                0x0000000008008d20       0x96 Drivers/STM32H7xx_HAL_Driver/Src/stm32h7xx_hal_uart.o
                0x0000000008008d20                UART_CheckIdleState
 .text.UART_WaitOnFlagUntilTimeout
                0x0000000008008db6      0x190 Drivers/STM32H7xx_HAL_Driver/Src/stm32h7xx_hal_uart.o
                0x0000000008008db6                UART_WaitOnFlagUntilTimeout
 *fill*         0x0000000008008f46        0x2 
 .text.UART_Start_Receive_DMA
                0x0000000008008f48      0x150 Drivers/STM32H7xx_HAL_Driver/Src/stm32h7xx_hal_uart.o
                0x0000000008008f48                UART_Start_Receive_DMA
 .text.UART_EndTxTransfer
                0x0000000008009098       0x82 Drivers/STM32H7xx_HAL_Driver/Src/stm32h7xx_hal_uart.o
 *fill*         0x000000000800911a        0x2 
 .text.UART_EndRxTransfer
                0x000000000800911c       0xcc Drivers/STM32H7xx_HAL_Driver/Src/stm32h7xx_hal_uart.o
 .text.UART_DMATransmitCplt
                0x00000000080091e8       0x96 Drivers/STM32H7xx_HAL_Driver/Src/stm32h7xx_hal_uart.o
 .text.UART_DMATxHalfCplt
                0x000000000800927e       0x1c Drivers/STM32H7xx_HAL_Driver/Src/stm32h7xx_hal_uart.o
 .text.UART_DMAReceiveCplt
                0x000000000800929a      0x122 Drivers/STM32H7xx_HAL_Driver/Src/stm32h7xx_hal_uart.o
 .text.UART_DMARxHalfCplt
                0x00000000080093bc       0x38 Drivers/STM32H7xx_HAL_Driver/Src/stm32h7xx_hal_uart.o
 .text.UART_DMAError
                0x00000000080093f4       0x80 Drivers/STM32H7xx_HAL_Driver/Src/stm32h7xx_hal_uart.o
 .text.UART_DMAAbortOnError
                0x0000000008009474       0x2c Drivers/STM32H7xx_HAL_Driver/Src/stm32h7xx_hal_uart.o
 .text.UART_EndTransmit_IT
                0x00000000080094a0       0x56 Drivers/STM32H7xx_HAL_Driver/Src/stm32h7xx_hal_uart.o
 .text.HAL_UARTEx_WakeupCallback
                0x00000000080094f6       0x14 Drivers/STM32H7xx_HAL_Driver/Src/stm32h7xx_hal_uart_ex.o
                0x00000000080094f6                HAL_UARTEx_WakeupCallback
 .text.HAL_UARTEx_RxFifoFullCallback
                0x000000000800950a       0x14 Drivers/STM32H7xx_HAL_Driver/Src/stm32h7xx_hal_uart_ex.o
                0x000000000800950a                HAL_UARTEx_RxFifoFullCallback
 .text.HAL_UARTEx_TxFifoEmptyCallback
                0x000000000800951e       0x14 Drivers/STM32H7xx_HAL_Driver/Src/stm32h7xx_hal_uart_ex.o
                0x000000000800951e                HAL_UARTEx_TxFifoEmptyCallback
 .text.HAL_UARTEx_DisableFifoMode
                0x0000000008009532       0x72 Drivers/STM32H7xx_HAL_Driver/Src/stm32h7xx_hal_uart_ex.o
                0x0000000008009532                HAL_UARTEx_DisableFifoMode
 .text.HAL_UARTEx_SetTxFifoThreshold
                0x00000000080095a4       0x7c Drivers/STM32H7xx_HAL_Driver/Src/stm32h7xx_hal_uart_ex.o
                0x00000000080095a4                HAL_UARTEx_SetTxFifoThreshold
 .text.HAL_UARTEx_SetRxFifoThreshold
                0x0000000008009620       0x7c Drivers/STM32H7xx_HAL_Driver/Src/stm32h7xx_hal_uart_ex.o
                0x0000000008009620                HAL_UARTEx_SetRxFifoThreshold
 .text.UARTEx_SetNbDataToProcess
                0x000000000800969c       0x9c Drivers/STM32H7xx_HAL_Driver/Src/stm32h7xx_hal_uart_ex.o
 .text.MoveControl
                0x0000000008009738      0x214 LibROV3/BasicCtrl.o
                0x0000000008009738                MoveControl
 .text.CaptureControlData
                0x000000000800994c      0x2aa LibROV3/BasicCtrl.o
                0x000000000800994c                CaptureControlData
 .text.InitGY39
                0x0000000008009bf6       0x2a LibROV3/Sensor.o
                0x0000000008009bf6                InitGY39
 .text.ReceiveGY39
                0x0000000008009c20       0xae LibROV3/Sensor.o
                0x0000000008009c20                ReceiveGY39
 *fill*         0x0000000008009cce        0x2 
 .text.ReceiveWT931
                0x0000000008009cd0      0x268 LibROV3/Sensor.o
                0x0000000008009cd0                ReceiveWT931
 .text.makeFreeRtosPriority
                0x0000000008009f38       0x30 Middlewares/Third_Party/FreeRTOS/Source/CMSIS_RTOS/cmsis_os.o
 .text.osKernelStart
                0x0000000008009f68        0xe Middlewares/Third_Party/FreeRTOS/Source/CMSIS_RTOS/cmsis_os.o
                0x0000000008009f68                osKernelStart
 .text.osThreadCreate
                0x0000000008009f76       0x98 Middlewares/Third_Party/FreeRTOS/Source/CMSIS_RTOS/cmsis_os.o
                0x0000000008009f76                osThreadCreate
 .text.osDelay  0x000000000800a00e       0x28 Middlewares/Third_Party/FreeRTOS/Source/CMSIS_RTOS/cmsis_os.o
                0x000000000800a00e                osDelay
 .text.osSemaphoreCreate
                0x000000000800a036       0x64 Middlewares/Third_Party/FreeRTOS/Source/CMSIS_RTOS/cmsis_os.o
                0x000000000800a036                osSemaphoreCreate
 .text.osMessageCreate
                0x000000000800a09a       0x50 Middlewares/Third_Party/FreeRTOS/Source/CMSIS_RTOS/cmsis_os.o
                0x000000000800a09a                osMessageCreate
 .text.vListInitialise
                0x000000000800a0ea       0x40 Middlewares/Third_Party/FreeRTOS/Source/list.o
                0x000000000800a0ea                vListInitialise
 .text.vListInitialiseItem
                0x000000000800a12a       0x1a Middlewares/Third_Party/FreeRTOS/Source/list.o
                0x000000000800a12a                vListInitialiseItem
 .text.vListInsertEnd
                0x000000000800a144       0x48 Middlewares/Third_Party/FreeRTOS/Source/list.o
                0x000000000800a144                vListInsertEnd
 .text.vListInsert
                0x000000000800a18c       0x72 Middlewares/Third_Party/FreeRTOS/Source/list.o
                0x000000000800a18c                vListInsert
 .text.uxListRemove
                0x000000000800a1fe       0x54 Middlewares/Third_Party/FreeRTOS/Source/list.o
                0x000000000800a1fe                uxListRemove
 *fill*         0x000000000800a252        0x2 
 .text.xQueueGenericReset
                0x000000000800a254       0xd0 Middlewares/Third_Party/FreeRTOS/Source/queue.o
                0x000000000800a254                xQueueGenericReset
 .text.xQueueGenericCreateStatic
                0x000000000800a324       0xf0 Middlewares/Third_Party/FreeRTOS/Source/queue.o
                0x000000000800a324                xQueueGenericCreateStatic
 .text.xQueueGenericCreate
                0x000000000800a414       0x74 Middlewares/Third_Party/FreeRTOS/Source/queue.o
                0x000000000800a414                xQueueGenericCreate
 .text.prvInitialiseNewQueue
                0x000000000800a488       0x3e Middlewares/Third_Party/FreeRTOS/Source/queue.o
 *fill*         0x000000000800a4c6        0x2 
 .text.xQueueGenericSend
                0x000000000800a4c8      0x1fc Middlewares/Third_Party/FreeRTOS/Source/queue.o
                0x000000000800a4c8                xQueueGenericSend
 .text.xQueueGiveFromISR
                0x000000000800a6c4      0x11a Middlewares/Third_Party/FreeRTOS/Source/queue.o
                0x000000000800a6c4                xQueueGiveFromISR
 *fill*         0x000000000800a7de        0x2 
 .text.xQueueSemaphoreTake
                0x000000000800a7e0      0x218 Middlewares/Third_Party/FreeRTOS/Source/queue.o
                0x000000000800a7e0                xQueueSemaphoreTake
 .text.prvGetDisinheritPriorityAfterTimeout
                0x000000000800a9f8       0x30 Middlewares/Third_Party/FreeRTOS/Source/queue.o
 .text.prvCopyDataToQueue
                0x000000000800aa28       0xd4 Middlewares/Third_Party/FreeRTOS/Source/queue.o
 .text.prvUnlockQueue
                0x000000000800aafc       0xa4 Middlewares/Third_Party/FreeRTOS/Source/queue.o
 .text.prvIsQueueEmpty
                0x000000000800aba0       0x2c Middlewares/Third_Party/FreeRTOS/Source/queue.o
 .text.prvIsQueueFull
                0x000000000800abcc       0x30 Middlewares/Third_Party/FreeRTOS/Source/queue.o
 .text.xTaskCreateStatic
                0x000000000800abfc       0xba Middlewares/Third_Party/FreeRTOS/Source/tasks.o
                0x000000000800abfc                xTaskCreateStatic
 .text.xTaskCreate
                0x000000000800acb6       0x8a Middlewares/Third_Party/FreeRTOS/Source/tasks.o
                0x000000000800acb6                xTaskCreate
 .text.prvInitialiseNewTask
                0x000000000800ad40      0x10e Middlewares/Third_Party/FreeRTOS/Source/tasks.o
 *fill*         0x000000000800ae4e        0x2 
 .text.prvAddNewTaskToReadyList
                0x000000000800ae50       0xd4 Middlewares/Third_Party/FreeRTOS/Source/tasks.o
 .text.vTaskDelay
                0x000000000800af24       0x68 Middlewares/Third_Party/FreeRTOS/Source/tasks.o
                0x000000000800af24                vTaskDelay
 .text.vTaskStartScheduler
                0x000000000800af8c       0xc0 Middlewares/Third_Party/FreeRTOS/Source/tasks.o
                0x000000000800af8c                vTaskStartScheduler
 .text.vTaskSuspendAll
                0x000000000800b04c       0x1c Middlewares/Third_Party/FreeRTOS/Source/tasks.o
                0x000000000800b04c                vTaskSuspendAll
 .text.xTaskResumeAll
                0x000000000800b068      0x138 Middlewares/Third_Party/FreeRTOS/Source/tasks.o
                0x000000000800b068                xTaskResumeAll
 .text.xTaskIncrementTick
                0x000000000800b1a0      0x170 Middlewares/Third_Party/FreeRTOS/Source/tasks.o
                0x000000000800b1a0                xTaskIncrementTick
 .text.vTaskSwitchContext
                0x000000000800b310       0xb8 Middlewares/Third_Party/FreeRTOS/Source/tasks.o
                0x000000000800b310                vTaskSwitchContext
 .text.vTaskPlaceOnEventList
                0x000000000800b3c8       0x48 Middlewares/Third_Party/FreeRTOS/Source/tasks.o
                0x000000000800b3c8                vTaskPlaceOnEventList
 .text.xTaskRemoveFromEventList
                0x000000000800b410       0xc4 Middlewares/Third_Party/FreeRTOS/Source/tasks.o
                0x000000000800b410                xTaskRemoveFromEventList
 .text.vTaskInternalSetTimeOutState
                0x000000000800b4d4       0x2c Middlewares/Third_Party/FreeRTOS/Source/tasks.o
                0x000000000800b4d4                vTaskInternalSetTimeOutState
 .text.xTaskCheckForTimeOut
                0x000000000800b500       0xc4 Middlewares/Third_Party/FreeRTOS/Source/tasks.o
                0x000000000800b500                xTaskCheckForTimeOut
 .text.vTaskMissedYield
                0x000000000800b5c4       0x18 Middlewares/Third_Party/FreeRTOS/Source/tasks.o
                0x000000000800b5c4                vTaskMissedYield
 .text.prvIdleTask
                0x000000000800b5dc       0x30 Middlewares/Third_Party/FreeRTOS/Source/tasks.o
 .text.prvInitialiseTaskLists
                0x000000000800b60c       0x80 Middlewares/Third_Party/FreeRTOS/Source/tasks.o
 .text.prvCheckTasksWaitingTermination
                0x000000000800b68c       0x5c Middlewares/Third_Party/FreeRTOS/Source/tasks.o
 .text.prvDeleteTCB
                0x000000000800b6e8       0x5e Middlewares/Third_Party/FreeRTOS/Source/tasks.o
 *fill*         0x000000000800b746        0x2 
 .text.prvResetNextTaskUnblockTime
                0x000000000800b748       0x40 Middlewares/Third_Party/FreeRTOS/Source/tasks.o
 .text.xTaskGetSchedulerState
                0x000000000800b788       0x3c Middlewares/Third_Party/FreeRTOS/Source/tasks.o
                0x000000000800b788                xTaskGetSchedulerState
 .text.xTaskPriorityInherit
                0x000000000800b7c4       0xec Middlewares/Third_Party/FreeRTOS/Source/tasks.o
                0x000000000800b7c4                xTaskPriorityInherit
 .text.xTaskPriorityDisinherit
                0x000000000800b8b0      0x10c Middlewares/Third_Party/FreeRTOS/Source/tasks.o
                0x000000000800b8b0                xTaskPriorityDisinherit
 .text.vTaskPriorityDisinheritAfterTimeout
                0x000000000800b9bc      0x11c Middlewares/Third_Party/FreeRTOS/Source/tasks.o
                0x000000000800b9bc                vTaskPriorityDisinheritAfterTimeout
 .text.pvTaskIncrementMutexHeldCount
                0x000000000800bad8       0x28 Middlewares/Third_Party/FreeRTOS/Source/tasks.o
                0x000000000800bad8                pvTaskIncrementMutexHeldCount
 .text.prvAddCurrentTaskToDelayedList
                0x000000000800bb00       0xcc Middlewares/Third_Party/FreeRTOS/Source/tasks.o
 .text.pxPortInitialiseStack
                0x000000000800bbcc       0x68 Middlewares/Third_Party/FreeRTOS/Source/portable/GCC/ARM_CM4F/port.o
                0x000000000800bbcc                pxPortInitialiseStack
 .text.prvTaskExitError
                0x000000000800bc34       0x58 Middlewares/Third_Party/FreeRTOS/Source/portable/GCC/ARM_CM4F/port.o
 *fill*         0x000000000800bc8c        0x4 
 .text.SVC_Handler
                0x000000000800bc90       0x28 Middlewares/Third_Party/FreeRTOS/Source/portable/GCC/ARM_CM4F/port.o
                0x000000000800bc90                SVC_Handler
 .text.prvPortStartFirstTask
                0x000000000800bcb8       0x28 Middlewares/Third_Party/FreeRTOS/Source/portable/GCC/ARM_CM4F/port.o
 .text.xPortStartScheduler
                0x000000000800bce0      0x144 Middlewares/Third_Party/FreeRTOS/Source/portable/GCC/ARM_CM4F/port.o
                0x000000000800bce0                xPortStartScheduler
 .text.vPortEnterCritical
                0x000000000800be24       0x60 Middlewares/Third_Party/FreeRTOS/Source/portable/GCC/ARM_CM4F/port.o
                0x000000000800be24                vPortEnterCritical
 .text.vPortExitCritical
                0x000000000800be84       0x54 Middlewares/Third_Party/FreeRTOS/Source/portable/GCC/ARM_CM4F/port.o
                0x000000000800be84                vPortExitCritical
 *fill*         0x000000000800bed8        0x8 
 .text.PendSV_Handler
                0x000000000800bee0       0x68 Middlewares/Third_Party/FreeRTOS/Source/portable/GCC/ARM_CM4F/port.o
                0x000000000800bee0                PendSV_Handler
 .text.SysTick_Handler
                0x000000000800bf48       0x44 Middlewares/Third_Party/FreeRTOS/Source/portable/GCC/ARM_CM4F/port.o
                0x000000000800bf48                SysTick_Handler
 .text.vPortSetupTimerInterrupt
                0x000000000800bf8c       0x48 Middlewares/Third_Party/FreeRTOS/Source/portable/GCC/ARM_CM4F/port.o
                0x000000000800bf8c                vPortSetupTimerInterrupt
 .text.vPortEnableVFP
                0x000000000800bfd4       0x14 Middlewares/Third_Party/FreeRTOS/Source/portable/GCC/ARM_CM4F/port.o
 .text.vPortValidateInterruptPriority
                0x000000000800bfe8       0x80 Middlewares/Third_Party/FreeRTOS/Source/portable/GCC/ARM_CM4F/port.o
                0x000000000800bfe8                vPortValidateInterruptPriority
 .text.pvPortMalloc
                0x000000000800c068      0x198 Middlewares/Third_Party/FreeRTOS/Source/portable/MemMang/heap_4.o
                0x000000000800c068                pvPortMalloc
 .text.vPortFree
                0x000000000800c200       0xc4 Middlewares/Third_Party/FreeRTOS/Source/portable/MemMang/heap_4.o
                0x000000000800c200                vPortFree
 .text.prvHeapInit
                0x000000000800c2c4       0xc4 Middlewares/Third_Party/FreeRTOS/Source/portable/MemMang/heap_4.o
 .text.prvInsertBlockIntoFreeList
                0x000000000800c388       0xb4 Middlewares/Third_Party/FreeRTOS/Source/portable/MemMang/heap_4.o
 .text.MX_DMA_Init
                0x000000000800c43c       0x90 Src/dma.o
                0x000000000800c43c                MX_DMA_Init
 .text.vApplicationGetIdleTaskMemory
                0x000000000800c4cc       0x34 Src/freertos.o
                0x000000000800c4cc                vApplicationGetIdleTaskMemory
 .text.MX_FREERTOS_Init
                0x000000000800c500      0x1b0 Src/freertos.o
                0x000000000800c500                MX_FREERTOS_Init
 .text.Thread_IdleEntry
                0x000000000800c6b0       0x28 Src/freertos.o
                0x000000000800c6b0                Thread_IdleEntry
 .text.Thread_GY39Entry
                0x000000000800c6d8       0xb0 Src/freertos.o
                0x000000000800c6d8                Thread_GY39Entry
 .text.Thread_WT931Entry
                0x000000000800c788       0x88 Src/freertos.o
                0x000000000800c788                Thread_WT931Entry
 .text.Thread_ControlEntry
                0x000000000800c810      0x320 Src/freertos.o
                0x000000000800c810                Thread_ControlEntry
 .text.Thread_SensorEntry
                0x000000000800cb30       0x10 Src/freertos.o
                0x000000000800cb30                Thread_SensorEntry
 .text.ControlDataAnalysis
                0x000000000800cb40       0xcc Src/freertos.o
                0x000000000800cb40                ControlDataAnalysis
 .text.MX_GPIO_Init
                0x000000000800cc0c      0x124 Src/gpio.o
                0x000000000800cc0c                MX_GPIO_Init
 .text.main     0x000000000800cd30      0x118 Src/main.o
                0x000000000800cd30                main
 .text.SystemClock_Config
                0x000000000800ce48       0xf4 Src/main.o
                0x000000000800ce48                SystemClock_Config
 .text.HAL_TIM_PeriodElapsedCallback
                0x000000000800cf3c       0x24 Src/main.o
                0x000000000800cf3c                HAL_TIM_PeriodElapsedCallback
 .text.Error_Handler
                0x000000000800cf60        0xa Src/main.o
                0x000000000800cf60                Error_Handler
 *fill*         0x000000000800cf6a        0x2 
 .text.HAL_MspInit
                0x000000000800cf6c       0x3c Src/stm32h7xx_hal_msp.o
                0x000000000800cf6c                HAL_MspInit
 .text.HAL_InitTick
                0x000000000800cfa8       0xd8 Src/stm32h7xx_hal_timebase_tim.o
                0x000000000800cfa8                HAL_InitTick
 .text.NMI_Handler
                0x000000000800d080        0x6 Src/stm32h7xx_it.o
                0x000000000800d080                NMI_Handler
 *fill*         0x000000000800d086        0x2 
 .text.HardFault_Handler
                0x000000000800d088       0x18 Src/stm32h7xx_it.o
                0x000000000800d088                HardFault_Handler
 .text.MemManage_Handler
                0x000000000800d0a0        0x6 Src/stm32h7xx_it.o
                0x000000000800d0a0                MemManage_Handler
 .text.BusFault_Handler
                0x000000000800d0a6        0x6 Src/stm32h7xx_it.o
                0x000000000800d0a6                BusFault_Handler
 .text.UsageFault_Handler
                0x000000000800d0ac        0x6 Src/stm32h7xx_it.o
                0x000000000800d0ac                UsageFault_Handler
 .text.DebugMon_Handler
                0x000000000800d0b2        0xe Src/stm32h7xx_it.o
                0x000000000800d0b2                DebugMon_Handler
 .text.DMA1_Stream0_IRQHandler
                0x000000000800d0c0       0x14 Src/stm32h7xx_it.o
                0x000000000800d0c0                DMA1_Stream0_IRQHandler
 .text.DMA1_Stream1_IRQHandler
                0x000000000800d0d4       0x14 Src/stm32h7xx_it.o
                0x000000000800d0d4                DMA1_Stream1_IRQHandler
 .text.DMA1_Stream2_IRQHandler
                0x000000000800d0e8       0x14 Src/stm32h7xx_it.o
                0x000000000800d0e8                DMA1_Stream2_IRQHandler
 .text.DMA1_Stream3_IRQHandler
                0x000000000800d0fc       0x14 Src/stm32h7xx_it.o
                0x000000000800d0fc                DMA1_Stream3_IRQHandler
 .text.DMA1_Stream4_IRQHandler
                0x000000000800d110       0x14 Src/stm32h7xx_it.o
                0x000000000800d110                DMA1_Stream4_IRQHandler
 .text.DMA1_Stream5_IRQHandler
                0x000000000800d124       0x14 Src/stm32h7xx_it.o
                0x000000000800d124                DMA1_Stream5_IRQHandler
 .text.USART2_IRQHandler
                0x000000000800d138      0x158 Src/stm32h7xx_it.o
                0x000000000800d138                USART2_IRQHandler
 .text.USART3_IRQHandler
                0x000000000800d290      0x158 Src/stm32h7xx_it.o
                0x000000000800d290                USART3_IRQHandler
 .text.UART5_IRQHandler
                0x000000000800d3e8      0x158 Src/stm32h7xx_it.o
                0x000000000800d3e8                UART5_IRQHandler
 .text.TIM6_DAC_IRQHandler
                0x000000000800d540       0x14 Src/stm32h7xx_it.o
                0x000000000800d540                TIM6_DAC_IRQHandler
 .text.SystemInit
                0x000000000800d554      0x110 Src/system_stm32h7xx.o
                0x000000000800d554                SystemInit
 .text.MX_TIM1_Init
                0x000000000800d664      0x18c Src/tim.o
                0x000000000800d664                MX_TIM1_Init
 .text.MX_TIM2_Init
                0x000000000800d7f0      0x11c Src/tim.o
                0x000000000800d7f0                MX_TIM2_Init
 .text.MX_TIM3_Init
                0x000000000800d90c      0x11c Src/tim.o
                0x000000000800d90c                MX_TIM3_Init
 .text.MX_TIM4_Init
                0x000000000800da28      0x11c Src/tim.o
                0x000000000800da28                MX_TIM4_Init
 .text.MX_TIM5_Init
                0x000000000800db44      0x108 Src/tim.o
                0x000000000800db44                MX_TIM5_Init
 .text.MX_TIM8_Init
                0x000000000800dc4c      0x15c Src/tim.o
                0x000000000800dc4c                MX_TIM8_Init
 .text.MX_TIM12_Init
                0x000000000800dda8       0xc8 Src/tim.o
                0x000000000800dda8                MX_TIM12_Init
 .text.MX_TIM15_Init
                0x000000000800de70      0x160 Src/tim.o
                0x000000000800de70                MX_TIM15_Init
 .text.HAL_TIM_Base_MspInit
                0x000000000800dfd0      0x184 Src/tim.o
                0x000000000800dfd0                HAL_TIM_Base_MspInit
 .text.HAL_TIM_MspPostInit
                0x000000000800e154      0x330 Src/tim.o
                0x000000000800e154                HAL_TIM_MspPostInit
 .text.MX_UART5_Init
                0x000000000800e484       0x98 Src/usart.o
                0x000000000800e484                MX_UART5_Init
 .text.MX_USART1_UART_Init
                0x000000000800e51c       0x98 Src/usart.o
                0x000000000800e51c                MX_USART1_UART_Init
 .text.MX_USART2_UART_Init
                0x000000000800e5b4       0x98 Src/usart.o
                0x000000000800e5b4                MX_USART2_UART_Init
 .text.MX_USART3_UART_Init
                0x000000000800e64c       0x98 Src/usart.o
                0x000000000800e64c                MX_USART3_UART_Init
 .text.HAL_UART_MspInit
                0x000000000800e6e4      0x51c Src/usart.o
                0x000000000800e6e4                HAL_UART_MspInit
 .text.Reset_Handler
                0x000000000800ec00       0x50 Startup/startup_stm32h750vbtx.o
                0x000000000800ec00                Reset_Handler
 .text.Default_Handler
                0x000000000800ec50        0x2 Startup/startup_stm32h750vbtx.o
                0x000000000800ec50                RTC_Alarm_IRQHandler
                0x000000000800ec50                HASH_RNG_IRQHandler
                0x000000000800ec50                EXTI2_IRQHandler
                0x000000000800ec50                TIM8_CC_IRQHandler
                0x000000000800ec50                HRTIM1_Master_IRQHandler
                0x000000000800ec50                UART8_IRQHandler
                0x000000000800ec50                SPI4_IRQHandler
                0x000000000800ec50                TIM1_CC_IRQHandler
                0x000000000800ec50                BDMA_Channel6_IRQHandler
                0x000000000800ec50                DMA2_Stream5_IRQHandler
                0x000000000800ec50                HRTIM1_FLT_IRQHandler
                0x000000000800ec50                JPEG_IRQHandler
                0x000000000800ec50                BDMA_Channel1_IRQHandler
                0x000000000800ec50                HRTIM1_TIMD_IRQHandler
                0x000000000800ec50                TAMP_STAMP_IRQHandler
                0x000000000800ec50                EXTI3_IRQHandler
                0x000000000800ec50                LPTIM4_IRQHandler
                0x000000000800ec50                TIM8_TRG_COM_TIM14_IRQHandler
                0x000000000800ec50                LPTIM2_IRQHandler
                0x000000000800ec50                DFSDM1_FLT1_IRQHandler
                0x000000000800ec50                DMAMUX2_OVR_IRQHandler
                0x000000000800ec50                TIM8_UP_TIM13_IRQHandler
                0x000000000800ec50                I2C3_ER_IRQHandler
                0x000000000800ec50                DFSDM1_FLT2_IRQHandler
                0x000000000800ec50                MDMA_IRQHandler
                0x000000000800ec50                LPTIM3_IRQHandler
                0x000000000800ec50                HSEM1_IRQHandler
                0x000000000800ec50                EXTI0_IRQHandler
                0x000000000800ec50                I2C2_EV_IRQHandler
                0x000000000800ec50                FPU_IRQHandler
                0x000000000800ec50                OTG_HS_WKUP_IRQHandler
                0x000000000800ec50                FDCAN1_IT1_IRQHandler
                0x000000000800ec50                LTDC_ER_IRQHandler
                0x000000000800ec50                DMA2_Stream2_IRQHandler
                0x000000000800ec50                HRTIM1_TIME_IRQHandler
                0x000000000800ec50                SPI1_IRQHandler
                0x000000000800ec50                DCMI_IRQHandler
                0x000000000800ec50                HRTIM1_TIMC_IRQHandler
                0x000000000800ec50                DMA2_Stream3_IRQHandler
                0x000000000800ec50                SAI2_IRQHandler
                0x000000000800ec50                DFSDM1_FLT3_IRQHandler
                0x000000000800ec50                USART6_IRQHandler
                0x000000000800ec50                TIM17_IRQHandler
                0x000000000800ec50                BDMA_Channel7_IRQHandler
                0x000000000800ec50                CRYP_IRQHandler
                0x000000000800ec50                LPTIM5_IRQHandler
                0x000000000800ec50                ADC3_IRQHandler
                0x000000000800ec50                DMA2_Stream0_IRQHandler
                0x000000000800ec50                TIM4_IRQHandler
                0x000000000800ec50                BDMA_Channel2_IRQHandler
                0x000000000800ec50                QUADSPI_IRQHandler
                0x000000000800ec50                I2C1_EV_IRQHandler
                0x000000000800ec50                DMA1_Stream6_IRQHandler
                0x000000000800ec50                DMAMUX1_OVR_IRQHandler
                0x000000000800ec50                TIM16_IRQHandler
                0x000000000800ec50                UART4_IRQHandler
                0x000000000800ec50                BDMA_Channel5_IRQHandler
                0x000000000800ec50                TIM3_IRQHandler
                0x000000000800ec50                RCC_IRQHandler
                0x000000000800ec50                TIM8_BRK_TIM12_IRQHandler
                0x000000000800ec50                TIM1_TRG_COM_IRQHandler
                0x000000000800ec50                Default_Handler
                0x000000000800ec50                ECC_IRQHandler
                0x000000000800ec50                CEC_IRQHandler
                0x000000000800ec50                EXTI15_10_IRQHandler
                0x000000000800ec50                BDMA_Channel0_IRQHandler
                0x000000000800ec50                ADC_IRQHandler
                0x000000000800ec50                DMA1_Stream7_IRQHandler
                0x000000000800ec50                HRTIM1_TIMA_IRQHandler
                0x000000000800ec50                SPI5_IRQHandler
                0x000000000800ec50                TIM7_IRQHandler
                0x000000000800ec50                SDMMC1_IRQHandler
                0x000000000800ec50                TIM5_IRQHandler
                0x000000000800ec50                DMA2_Stream7_IRQHandler
                0x000000000800ec50                TIM15_IRQHandler
                0x000000000800ec50                PVD_AVD_IRQHandler
                0x000000000800ec50                I2C3_EV_IRQHandler
                0x000000000800ec50                EXTI9_5_IRQHandler
                0x000000000800ec50                RTC_WKUP_IRQHandler
                0x000000000800ec50                LTDC_IRQHandler
                0x000000000800ec50                SAI3_IRQHandler
                0x000000000800ec50                ETH_WKUP_IRQHandler
                0x000000000800ec50                SPDIF_RX_IRQHandler
                0x000000000800ec50                SPI2_IRQHandler
                0x000000000800ec50                OTG_HS_EP1_IN_IRQHandler
                0x000000000800ec50                CRS_IRQHandler
                0x000000000800ec50                EXTI4_IRQHandler
                0x000000000800ec50                HRTIM1_TIMB_IRQHandler
                0x000000000800ec50                FDCAN2_IT1_IRQHandler
                0x000000000800ec50                ETH_IRQHandler
                0x000000000800ec50                TIM1_UP_IRQHandler
                0x000000000800ec50                BDMA_Channel4_IRQHandler
                0x000000000800ec50                OTG_HS_EP1_OUT_IRQHandler
                0x000000000800ec50                WWDG_IRQHandler
                0x000000000800ec50                SPI6_IRQHandler
                0x000000000800ec50                MDIOS_IRQHandler
                0x000000000800ec50                I2C4_EV_IRQHandler
                0x000000000800ec50                FDCAN2_IT0_IRQHandler
                0x000000000800ec50                LPUART1_IRQHandler
                0x000000000800ec50                FDCAN1_IT0_IRQHandler
                0x000000000800ec50                TIM2_IRQHandler
                0x000000000800ec50                OTG_FS_WKUP_IRQHandler
                0x000000000800ec50                OTG_HS_IRQHandler
                0x000000000800ec50                DMA2D_IRQHandler
                0x000000000800ec50                TIM1_BRK_IRQHandler
                0x000000000800ec50                EXTI1_IRQHandler
                0x000000000800ec50                SDMMC2_IRQHandler
                0x000000000800ec50                OTG_FS_EP1_OUT_IRQHandler
                0x000000000800ec50                BDMA_Channel3_IRQHandler
                0x000000000800ec50                UART7_IRQHandler
                0x000000000800ec50                MDIOS_WKUP_IRQHandler
                0x000000000800ec50                DFSDM1_FLT0_IRQHandler
                0x000000000800ec50                SAI4_IRQHandler
                0x000000000800ec50                I2C2_ER_IRQHandler
                0x000000000800ec50                DMA2_Stream1_IRQHandler
                0x000000000800ec50                FLASH_IRQHandler
                0x000000000800ec50                DMA2_Stream4_IRQHandler
                0x000000000800ec50                USART1_IRQHandler
                0x000000000800ec50                OTG_FS_IRQHandler
                0x000000000800ec50                SPI3_IRQHandler
                0x000000000800ec50                WAKEUP_PIN_IRQHandler
                0x000000000800ec50                OTG_FS_EP1_IN_IRQHandler
                0x000000000800ec50                I2C1_ER_IRQHandler
                0x000000000800ec50                FMC_IRQHandler
                0x000000000800ec50                FDCAN_CAL_IRQHandler
                0x000000000800ec50                SWPMI1_IRQHandler
                0x000000000800ec50                COMP1_IRQHandler
                0x000000000800ec50                LPTIM1_IRQHandler
                0x000000000800ec50                I2C4_ER_IRQHandler
                0x000000000800ec50                DMA2_Stream6_IRQHandler
                0x000000000800ec50                SAI1_IRQHandler
 *fill*         0x000000000800ec52        0x2 
 .text.__libc_init_array
                0x000000000800ec54       0x48 d:/stm32cubeide_1.6.1/stm32cubeide/plugins/com.st.stm32cube.ide.mcu.externaltools.gnu-tools-for-stm32.9-2020-q2-update.win32_1.5.0.202011040924/tools/bin/../lib/gcc/arm-none-eabi/9.3.1/../../../../arm-none-eabi/lib/thumb/v7e-m+dp/hard\libc_nano.a(lib_a-init.o)
                0x000000000800ec54                __libc_init_array
 .text.memcpy   0x000000000800ec9c       0x1c d:/stm32cubeide_1.6.1/stm32cubeide/plugins/com.st.stm32cube.ide.mcu.externaltools.gnu-tools-for-stm32.9-2020-q2-update.win32_1.5.0.202011040924/tools/bin/../lib/gcc/arm-none-eabi/9.3.1/../../../../arm-none-eabi/lib/thumb/v7e-m+dp/hard\libc_nano.a(lib_a-memcpy-stub.o)
                0x000000000800ec9c                memcpy
 .text.memset   0x000000000800ecb8       0x10 d:/stm32cubeide_1.6.1/stm32cubeide/plugins/com.st.stm32cube.ide.mcu.externaltools.gnu-tools-for-stm32.9-2020-q2-update.win32_1.5.0.202011040924/tools/bin/../lib/gcc/arm-none-eabi/9.3.1/../../../../arm-none-eabi/lib/thumb/v7e-m+dp/hard\libc_nano.a(lib_a-memset.o)
                0x000000000800ecb8                memset
 *(.glue_7)
 .glue_7        0x000000000800ecc8        0x0 linker stubs
 *(.glue_7t)
 .glue_7t       0x000000000800ecc8        0x0 linker stubs
 *(.eh_frame)
 .eh_frame      0x000000000800ecc8        0x0 d:/stm32cubeide_1.6.1/stm32cubeide/plugins/com.st.stm32cube.ide.mcu.externaltools.gnu-tools-for-stm32.9-2020-q2-update.win32_1.5.0.202011040924/tools/bin/../lib/gcc/arm-none-eabi/9.3.1/thumb/v7e-m+dp/hard/crtbegin.o
 *(.init)
 .init          0x000000000800ecc8        0x4 d:/stm32cubeide_1.6.1/stm32cubeide/plugins/com.st.stm32cube.ide.mcu.externaltools.gnu-tools-for-stm32.9-2020-q2-update.win32_1.5.0.202011040924/tools/bin/../lib/gcc/arm-none-eabi/9.3.1/thumb/v7e-m+dp/hard/crti.o
                0x000000000800ecc8                _init
 .init          0x000000000800eccc        0x8 d:/stm32cubeide_1.6.1/stm32cubeide/plugins/com.st.stm32cube.ide.mcu.externaltools.gnu-tools-for-stm32.9-2020-q2-update.win32_1.5.0.202011040924/tools/bin/../lib/gcc/arm-none-eabi/9.3.1/thumb/v7e-m+dp/hard/crtn.o
 *(.fini)
 .fini          0x000000000800ecd4        0x4 d:/stm32cubeide_1.6.1/stm32cubeide/plugins/com.st.stm32cube.ide.mcu.externaltools.gnu-tools-for-stm32.9-2020-q2-update.win32_1.5.0.202011040924/tools/bin/../lib/gcc/arm-none-eabi/9.3.1/thumb/v7e-m+dp/hard/crti.o
                0x000000000800ecd4                _fini
 .fini          0x000000000800ecd8        0x8 d:/stm32cubeide_1.6.1/stm32cubeide/plugins/com.st.stm32cube.ide.mcu.externaltools.gnu-tools-for-stm32.9-2020-q2-update.win32_1.5.0.202011040924/tools/bin/../lib/gcc/arm-none-eabi/9.3.1/thumb/v7e-m+dp/hard/crtn.o
                0x000000000800ece0                . = ALIGN (0x4)
                0x000000000800ece0                _etext = .

.vfp11_veneer   0x000000000800ece0        0x0
 .vfp11_veneer  0x000000000800ece0        0x0 linker stubs

.v4_bx          0x000000000800ece0        0x0
 .v4_bx         0x000000000800ece0        0x0 linker stubs

.iplt           0x000000000800ece0        0x0
 .iplt          0x000000000800ece0        0x0 d:/stm32cubeide_1.6.1/stm32cubeide/plugins/com.st.stm32cube.ide.mcu.externaltools.gnu-tools-for-stm32.9-2020-q2-update.win32_1.5.0.202011040924/tools/bin/../lib/gcc/arm-none-eabi/9.3.1/thumb/v7e-m+dp/hard/crtbegin.o

.rodata         0x000000000800ece0      0x140
                0x000000000800ece0                . = ALIGN (0x4)
 *(.rodata)
 .rodata        0x000000000800ece0        0x5 Middlewares/Third_Party/FreeRTOS/Source/tasks.o
 *fill*         0x000000000800ece5        0x3 
 .rodata        0x000000000800ece8       0xf7 Src/freertos.o
 *(.rodata*)
 *fill*         0x000000000800eddf        0x1 
 .rodata.flagBitshiftOffset.11064
                0x000000000800ede0        0x8 Drivers/STM32H7xx_HAL_Driver/Src/stm32h7xx_hal_dma.o
 .rodata.UARTPrescTable
                0x000000000800ede8       0x18 Drivers/STM32H7xx_HAL_Driver/Src/stm32h7xx_hal_uart.o
                0x000000000800ede8                UARTPrescTable
 .rodata.numerator.11031
                0x000000000800ee00        0x8 Drivers/STM32H7xx_HAL_Driver/Src/stm32h7xx_hal_uart_ex.o
 .rodata.denominator.11032
                0x000000000800ee08        0x8 Drivers/STM32H7xx_HAL_Driver/Src/stm32h7xx_hal_uart_ex.o
 .rodata.D1CorePrescTable
                0x000000000800ee10       0x10 Src/system_stm32h7xx.o
                0x000000000800ee10                D1CorePrescTable
                0x000000000800ee20                . = ALIGN (0x4)

.ARM.extab
 *(.ARM.extab* .gnu.linkonce.armextab.*)

.ARM            0x000000000800ee20        0x8
                0x000000000800ee20                __exidx_start = .
 *(.ARM.exidx*)
 .ARM.exidx     0x000000000800ee20        0x8 d:/stm32cubeide_1.6.1/stm32cubeide/plugins/com.st.stm32cube.ide.mcu.externaltools.gnu-tools-for-stm32.9-2020-q2-update.win32_1.5.0.202011040924/tools/bin/../lib/gcc/arm-none-eabi/9.3.1/thumb/v7e-m+dp/hard\libgcc.a(_udivmoddi4.o)
                0x000000000800ee28                __exidx_end = .

.rel.dyn        0x000000000800ee28        0x0
 .rel.iplt      0x000000000800ee28        0x0 d:/stm32cubeide_1.6.1/stm32cubeide/plugins/com.st.stm32cube.ide.mcu.externaltools.gnu-tools-for-stm32.9-2020-q2-update.win32_1.5.0.202011040924/tools/bin/../lib/gcc/arm-none-eabi/9.3.1/thumb/v7e-m+dp/hard/crtbegin.o

.preinit_array  0x000000000800ee28        0x0
                0x000000000800ee28                PROVIDE (__preinit_array_start = .)
 *(.preinit_array*)
                0x000000000800ee28                PROVIDE (__preinit_array_end = .)

.init_array     0x000000000800ee28        0x4
                0x000000000800ee28                PROVIDE (__init_array_start = .)
 *(SORT_BY_NAME(.init_array.*))
 *(.init_array*)
 .init_array    0x000000000800ee28        0x4 d:/stm32cubeide_1.6.1/stm32cubeide/plugins/com.st.stm32cube.ide.mcu.externaltools.gnu-tools-for-stm32.9-2020-q2-update.win32_1.5.0.202011040924/tools/bin/../lib/gcc/arm-none-eabi/9.3.1/thumb/v7e-m+dp/hard/crtbegin.o
                0x000000000800ee2c                PROVIDE (__init_array_end = .)

.fini_array     0x000000000800ee2c        0x4
                [!provide]                        PROVIDE (__fini_array_start = .)
 *(SORT_BY_NAME(.fini_array.*))
 *(.fini_array*)
 .fini_array    0x000000000800ee2c        0x4 d:/stm32cubeide_1.6.1/stm32cubeide/plugins/com.st.stm32cube.ide.mcu.externaltools.gnu-tools-for-stm32.9-2020-q2-update.win32_1.5.0.202011040924/tools/bin/../lib/gcc/arm-none-eabi/9.3.1/thumb/v7e-m+dp/hard/crtbegin.o
                [!provide]                        PROVIDE (__fini_array_end = .)
                0x000000000800ee30                _sidata = LOADADDR (.data)

.data           0x0000000024000000       0x14 load address 0x000000000800ee30
                0x0000000024000000                . = ALIGN (0x4)
                0x0000000024000000                _sdata = .
 *(.data)
 *(.data*)
 .data.uwTickPrio
                0x0000000024000000        0x4 Drivers/STM32H7xx_HAL_Driver/Src/stm32h7xx_hal.o
                0x0000000024000000                uwTickPrio
 .data.uwTickFreq
                0x0000000024000004        0x1 Drivers/STM32H7xx_HAL_Driver/Src/stm32h7xx_hal.o
                0x0000000024000004                uwTickFreq
 *fill*         0x0000000024000005        0x3 
 .data.uxCriticalNesting
                0x0000000024000008        0x4 Middlewares/Third_Party/FreeRTOS/Source/portable/GCC/ARM_CM4F/port.o
 .data.SystemCoreClock
                0x000000002400000c        0x4 Src/system_stm32h7xx.o
                0x000000002400000c                SystemCoreClock
 .data.SystemD2Clock
                0x0000000024000010        0x4 Src/system_stm32h7xx.o
                0x0000000024000010                SystemD2Clock
 *(.RamFunc)
 *(.RamFunc*)
                0x0000000024000014                . = ALIGN (0x4)
                0x0000000024000014                _edata = .

.igot.plt       0x0000000024000014        0x0 load address 0x000000000800ee44
 .igot.plt      0x0000000024000014        0x0 d:/stm32cubeide_1.6.1/stm32cubeide/plugins/com.st.stm32cube.ide.mcu.externaltools.gnu-tools-for-stm32.9-2020-q2-update.win32_1.5.0.202011040924/tools/bin/../lib/gcc/arm-none-eabi/9.3.1/thumb/v7e-m+dp/hard/crtbegin.o
                0x0000000024000014                . = ALIGN (0x4)

.bss            0x0000000024000014     0x731c load address 0x000000000800ee44
                0x0000000024000014                _sbss = .
                0x0000000024000014                __bss_start__ = _sbss
 *(.bss)
 .bss           0x0000000024000014       0x1c d:/stm32cubeide_1.6.1/stm32cubeide/plugins/com.st.stm32cube.ide.mcu.externaltools.gnu-tools-for-stm32.9-2020-q2-update.win32_1.5.0.202011040924/tools/bin/../lib/gcc/arm-none-eabi/9.3.1/thumb/v7e-m+dp/hard/crtbegin.o
 *(.bss*)
 .bss.pxCurrentTCB
                0x0000000024000030        0x4 Middlewares/Third_Party/FreeRTOS/Source/tasks.o
                0x0000000024000030                pxCurrentTCB
 .bss.pxReadyTasksLists
                0x0000000024000034       0x8c Middlewares/Third_Party/FreeRTOS/Source/tasks.o
 .bss.xDelayedTaskList1
                0x00000000240000c0       0x14 Middlewares/Third_Party/FreeRTOS/Source/tasks.o
 .bss.xDelayedTaskList2
                0x00000000240000d4       0x14 Middlewares/Third_Party/FreeRTOS/Source/tasks.o
 .bss.pxDelayedTaskList
                0x00000000240000e8        0x4 Middlewares/Third_Party/FreeRTOS/Source/tasks.o
 .bss.pxOverflowDelayedTaskList
                0x00000000240000ec        0x4 Middlewares/Third_Party/FreeRTOS/Source/tasks.o
 .bss.xPendingReadyList
                0x00000000240000f0       0x14 Middlewares/Third_Party/FreeRTOS/Source/tasks.o
 .bss.xTasksWaitingTermination
                0x0000000024000104       0x14 Middlewares/Third_Party/FreeRTOS/Source/tasks.o
 .bss.uxDeletedTasksWaitingCleanUp
                0x0000000024000118        0x4 Middlewares/Third_Party/FreeRTOS/Source/tasks.o
 .bss.xSuspendedTaskList
                0x000000002400011c       0x14 Middlewares/Third_Party/FreeRTOS/Source/tasks.o
 .bss.uxCurrentNumberOfTasks
                0x0000000024000130        0x4 Middlewares/Third_Party/FreeRTOS/Source/tasks.o
 .bss.xTickCount
                0x0000000024000134        0x4 Middlewares/Third_Party/FreeRTOS/Source/tasks.o
 .bss.uxTopReadyPriority
                0x0000000024000138        0x4 Middlewares/Third_Party/FreeRTOS/Source/tasks.o
 .bss.xSchedulerRunning
                0x000000002400013c        0x4 Middlewares/Third_Party/FreeRTOS/Source/tasks.o
 .bss.xPendedTicks
                0x0000000024000140        0x4 Middlewares/Third_Party/FreeRTOS/Source/tasks.o
 .bss.xYieldPending
                0x0000000024000144        0x4 Middlewares/Third_Party/FreeRTOS/Source/tasks.o
 .bss.xNumOfOverflows
                0x0000000024000148        0x4 Middlewares/Third_Party/FreeRTOS/Source/tasks.o
 .bss.uxTaskNumber
                0x000000002400014c        0x4 Middlewares/Third_Party/FreeRTOS/Source/tasks.o
 .bss.xNextTaskUnblockTime
                0x0000000024000150        0x4 Middlewares/Third_Party/FreeRTOS/Source/tasks.o
 .bss.xIdleTaskHandle
                0x0000000024000154        0x4 Middlewares/Third_Party/FreeRTOS/Source/tasks.o
 .bss.uxSchedulerSuspended
                0x0000000024000158        0x4 Middlewares/Third_Party/FreeRTOS/Source/tasks.o
 .bss.ucMaxSysCallPriority
                0x000000002400015c        0x1 Middlewares/Third_Party/FreeRTOS/Source/portable/GCC/ARM_CM4F/port.o
 *fill*         0x000000002400015d        0x3 
 .bss.ulMaxPRIGROUPValue
                0x0000000024000160        0x4 Middlewares/Third_Party/FreeRTOS/Source/portable/GCC/ARM_CM4F/port.o
 .bss.ucHeap    0x0000000024000164     0x3c00 Middlewares/Third_Party/FreeRTOS/Source/portable/MemMang/heap_4.o
 .bss.xStart    0x0000000024003d64        0x8 Middlewares/Third_Party/FreeRTOS/Source/portable/MemMang/heap_4.o
 .bss.pxEnd     0x0000000024003d6c        0x4 Middlewares/Third_Party/FreeRTOS/Source/portable/MemMang/heap_4.o
 .bss.xFreeBytesRemaining
                0x0000000024003d70        0x4 Middlewares/Third_Party/FreeRTOS/Source/portable/MemMang/heap_4.o
 .bss.xMinimumEverFreeBytesRemaining
                0x0000000024003d74        0x4 Middlewares/Third_Party/FreeRTOS/Source/portable/MemMang/heap_4.o
 .bss.xNumberOfSuccessfulAllocations
                0x0000000024003d78        0x4 Middlewares/Third_Party/FreeRTOS/Source/portable/MemMang/heap_4.o
 .bss.xNumberOfSuccessfulFrees
                0x0000000024003d7c        0x4 Middlewares/Third_Party/FreeRTOS/Source/portable/MemMang/heap_4.o
 .bss.xBlockAllocatedBit
                0x0000000024003d80        0x4 Middlewares/Third_Party/FreeRTOS/Source/portable/MemMang/heap_4.o
 .bss.xIdleTaskTCBBuffer
                0x0000000024003d84       0x54 Src/freertos.o
 .bss.xIdleStack
                0x0000000024003dd8      0x200 Src/freertos.o
 .bss.pwm_controller.13439
                0x0000000024003fd8       0x40 Src/freertos.o
 .bss.relay_controller.13438
                0x0000000024004018        0x1 Src/freertos.o
 .bss.IS_SIDEPUSH.13449
                0x0000000024004019        0x1 Src/freertos.o
 .bss.special_mode.13450
                0x000000002400401a        0x1 Src/freertos.o
 *(COMMON)
 *fill*         0x000000002400401b        0x1 
 COMMON         0x000000002400401c        0x4 Drivers/STM32H7xx_HAL_Driver/Src/stm32h7xx_hal.o
                0x000000002400401c                uwTick
 COMMON         0x0000000024004020     0x2b54 Src/freertos.o
                0x0000000024004020                GY39_QueueBuffer
                0x0000000024004028                Thread_ControlControlBlock
                0x000000002400407c                Thread_IdleControlBlock
                0x00000000240040d0                WT931_DONE_semHandle
                0x00000000240040d4                Thread_SensorHandle
                0x00000000240040d8                Thread_IdleBuffer
                0x00000000240048d8                Thread_GY39Buffer
                0x00000000240050d8                WT931_QueueHandle
                0x00000000240050dc                GY39_QueueHandle
                0x00000000240050e0                Thread_SensorControlBlock
                0x0000000024005134                WT931_DONE_semControlBlock
                0x000000002400517c                GY39_Done_semControlBlock
                0x00000000240051c4                WT931_QueueBuffer
                0x00000000240051dc                Thread_WT931Handle
                0x00000000240051e0                Thread_WT931ControlBlock
                0x0000000024005234                CMD_DONE_semHandle
                0x0000000024005238                WT931_QueueControlBlock
                0x0000000024005280                GY39_QueueControlBlock
                0x00000000240052c8                GY39_Done_semHandle
                0x00000000240052cc                Thread_WT931Buffer
                0x0000000024005acc                Thread_GY39ControlBlock
                0x0000000024005b20                CMD_DONE_semControlBlock
                0x0000000024005b68                Thread_IdleHandle
                0x0000000024005b6c                Thread_ControlBuffer
                0x000000002400636c                Thread_GY39Handle
                0x0000000024006370                Thread_SensorBuffer
                0x0000000024006b70                Thread_ControlHandle
 COMMON         0x0000000024006b74       0x4c Src/stm32h7xx_hal_timebase_tim.o
                0x0000000024006b74                htim6
 COMMON         0x0000000024006bc0      0x260 Src/tim.o
                0x0000000024006bc0                htim8
                0x0000000024006c0c                htim4
                0x0000000024006c58                htim15
                0x0000000024006ca4                htim5
                0x0000000024006cf0                htim3
                0x0000000024006d3c                htim1
                0x0000000024006d88                htim2
                0x0000000024006dd4                htim12
 COMMON         0x0000000024006e20      0x510 Src/usart.o
                0x0000000024006e20                hdma_usart2_rx
                0x0000000024006e98                hdma_usart3_rx
                0x0000000024006f10                huart3
                0x0000000024006fa0                hdma_usart3_tx
                0x0000000024007018                huart5
                0x00000000240070a8                hdma_usart2_tx
                0x0000000024007120                huart1
                0x00000000240071b0                huart2
                0x0000000024007240                hdma_uart5_rx
                0x00000000240072b8                hdma_uart5_tx
                0x0000000024007330                . = ALIGN (0x4)
                0x0000000024007330                _ebss = .
                0x0000000024007330                __bss_end__ = _ebss

._user_heap_stack
                0x0000000024007330      0x600 load address 0x000000000800ee44
                0x0000000024007330                . = ALIGN (0x8)
                [!provide]                        PROVIDE (end = .)
                0x0000000024007330                PROVIDE (_end = .)
                0x0000000024007530                . = (. + _Min_Heap_Size)
 *fill*         0x0000000024007330      0x200 
                0x0000000024007930                . = (. + _Min_Stack_Size)
 *fill*         0x0000000024007530      0x400 
                0x0000000024007930                . = ALIGN (0x8)

/DISCARD/
 libc.a(*)
 libm.a(*)
 libgcc.a(*)

.ARM.attributes
                0x0000000000000000       0x2e
 *(.ARM.attributes)
 .ARM.attributes
                0x0000000000000000       0x1e d:/stm32cubeide_1.6.1/stm32cubeide/plugins/com.st.stm32cube.ide.mcu.externaltools.gnu-tools-for-stm32.9-2020-q2-update.win32_1.5.0.202011040924/tools/bin/../lib/gcc/arm-none-eabi/9.3.1/thumb/v7e-m+dp/hard/crti.o
 .ARM.attributes
                0x000000000000001e       0x32 d:/stm32cubeide_1.6.1/stm32cubeide/plugins/com.st.stm32cube.ide.mcu.externaltools.gnu-tools-for-stm32.9-2020-q2-update.win32_1.5.0.202011040924/tools/bin/../lib/gcc/arm-none-eabi/9.3.1/thumb/v7e-m+dp/hard/crtbegin.o
 .ARM.attributes
                0x0000000000000050       0x32 Drivers/STM32H7xx_HAL_Driver/Src/stm32h7xx_hal.o
 .ARM.attributes
                0x0000000000000082       0x32 Drivers/STM32H7xx_HAL_Driver/Src/stm32h7xx_hal_cortex.o
 .ARM.attributes
                0x00000000000000b4       0x32 Drivers/STM32H7xx_HAL_Driver/Src/stm32h7xx_hal_dma.o
 .ARM.attributes
                0x00000000000000e6       0x32 Drivers/STM32H7xx_HAL_Driver/Src/stm32h7xx_hal_gpio.o
 .ARM.attributes
                0x0000000000000118       0x32 Drivers/STM32H7xx_HAL_Driver/Src/stm32h7xx_hal_pwr_ex.o
 .ARM.attributes
                0x000000000000014a       0x32 Drivers/STM32H7xx_HAL_Driver/Src/stm32h7xx_hal_rcc.o
 .ARM.attributes
                0x000000000000017c       0x32 Drivers/STM32H7xx_HAL_Driver/Src/stm32h7xx_hal_rcc_ex.o
 .ARM.attributes
                0x00000000000001ae       0x32 Drivers/STM32H7xx_HAL_Driver/Src/stm32h7xx_hal_tim.o
 .ARM.attributes
                0x00000000000001e0       0x32 Drivers/STM32H7xx_HAL_Driver/Src/stm32h7xx_hal_tim_ex.o
 .ARM.attributes
                0x0000000000000212       0x32 Drivers/STM32H7xx_HAL_Driver/Src/stm32h7xx_hal_uart.o
 .ARM.attributes
                0x0000000000000244       0x32 Drivers/STM32H7xx_HAL_Driver/Src/stm32h7xx_hal_uart_ex.o
 .ARM.attributes
                0x0000000000000276       0x32 LibROV3/BasicCtrl.o
 .ARM.attributes
                0x00000000000002a8       0x32 LibROV3/Sensor.o
 .ARM.attributes
                0x00000000000002da       0x32 Middlewares/Third_Party/FreeRTOS/Source/CMSIS_RTOS/cmsis_os.o
 .ARM.attributes
                0x000000000000030c       0x32 Middlewares/Third_Party/FreeRTOS/Source/list.o
 .ARM.attributes
                0x000000000000033e       0x32 Middlewares/Third_Party/FreeRTOS/Source/queue.o
 .ARM.attributes
                0x0000000000000370       0x32 Middlewares/Third_Party/FreeRTOS/Source/tasks.o
 .ARM.attributes
                0x00000000000003a2       0x32 Middlewares/Third_Party/FreeRTOS/Source/portable/GCC/ARM_CM4F/port.o
 .ARM.attributes
                0x00000000000003d4       0x32 Middlewares/Third_Party/FreeRTOS/Source/portable/MemMang/heap_4.o
 .ARM.attributes
                0x0000000000000406       0x32 Src/dma.o
 .ARM.attributes
                0x0000000000000438       0x32 Src/freertos.o
 .ARM.attributes
                0x000000000000046a       0x32 Src/gpio.o
 .ARM.attributes
                0x000000000000049c       0x32 Src/main.o
 .ARM.attributes
                0x00000000000004ce       0x32 Src/stm32h7xx_hal_msp.o
 .ARM.attributes
                0x0000000000000500       0x32 Src/stm32h7xx_hal_timebase_tim.o
 .ARM.attributes
                0x0000000000000532       0x32 Src/stm32h7xx_it.o
 .ARM.attributes
                0x0000000000000564       0x32 Src/system_stm32h7xx.o
 .ARM.attributes
                0x0000000000000596       0x32 Src/tim.o
 .ARM.attributes
                0x00000000000005c8       0x32 Src/usart.o
 .ARM.attributes
                0x00000000000005fa       0x21 Startup/startup_stm32h750vbtx.o
 .ARM.attributes
                0x000000000000061b       0x32 d:/stm32cubeide_1.6.1/stm32cubeide/plugins/com.st.stm32cube.ide.mcu.externaltools.gnu-tools-for-stm32.9-2020-q2-update.win32_1.5.0.202011040924/tools/bin/../lib/gcc/arm-none-eabi/9.3.1/../../../../arm-none-eabi/lib/thumb/v7e-m+dp/hard\libc_nano.a(lib_a-init.o)
 .ARM.attributes
                0x000000000000064d       0x32 d:/stm32cubeide_1.6.1/stm32cubeide/plugins/com.st.stm32cube.ide.mcu.externaltools.gnu-tools-for-stm32.9-2020-q2-update.win32_1.5.0.202011040924/tools/bin/../lib/gcc/arm-none-eabi/9.3.1/../../../../arm-none-eabi/lib/thumb/v7e-m+dp/hard\libc_nano.a(lib_a-memcpy-stub.o)
 .ARM.attributes
                0x000000000000067f       0x32 d:/stm32cubeide_1.6.1/stm32cubeide/plugins/com.st.stm32cube.ide.mcu.externaltools.gnu-tools-for-stm32.9-2020-q2-update.win32_1.5.0.202011040924/tools/bin/../lib/gcc/arm-none-eabi/9.3.1/../../../../arm-none-eabi/lib/thumb/v7e-m+dp/hard\libc_nano.a(lib_a-memset.o)
 .ARM.attributes
                0x00000000000006b1       0x1e d:/stm32cubeide_1.6.1/stm32cubeide/plugins/com.st.stm32cube.ide.mcu.externaltools.gnu-tools-for-stm32.9-2020-q2-update.win32_1.5.0.202011040924/tools/bin/../lib/gcc/arm-none-eabi/9.3.1/thumb/v7e-m+dp/hard\libgcc.a(_aeabi_uldivmod.o)
 .ARM.attributes
                0x00000000000006cf       0x32 d:/stm32cubeide_1.6.1/stm32cubeide/plugins/com.st.stm32cube.ide.mcu.externaltools.gnu-tools-for-stm32.9-2020-q2-update.win32_1.5.0.202011040924/tools/bin/../lib/gcc/arm-none-eabi/9.3.1/thumb/v7e-m+dp/hard\libgcc.a(_udivmoddi4.o)
 .ARM.attributes
                0x0000000000000701       0x1e d:/stm32cubeide_1.6.1/stm32cubeide/plugins/com.st.stm32cube.ide.mcu.externaltools.gnu-tools-for-stm32.9-2020-q2-update.win32_1.5.0.202011040924/tools/bin/../lib/gcc/arm-none-eabi/9.3.1/thumb/v7e-m+dp/hard\libgcc.a(_dvmd_tls.o)
 .ARM.attributes
                0x000000000000071f       0x1e d:/stm32cubeide_1.6.1/stm32cubeide/plugins/com.st.stm32cube.ide.mcu.externaltools.gnu-tools-for-stm32.9-2020-q2-update.win32_1.5.0.202011040924/tools/bin/../lib/gcc/arm-none-eabi/9.3.1/thumb/v7e-m+dp/hard/crtn.o
OUTPUT(OurEDA-B2S_PowH7.elf elf32-littlearm)
LOAD linker stubs
LOAD d:/stm32cubeide_1.6.1/stm32cubeide/plugins/com.st.stm32cube.ide.mcu.externaltools.gnu-tools-for-stm32.9-2020-q2-update.win32_1.5.0.202011040924/tools/bin/../lib/gcc/arm-none-eabi/9.3.1/../../../../arm-none-eabi/lib/thumb/v7e-m+dp/hard\libc.a
LOAD d:/stm32cubeide_1.6.1/stm32cubeide/plugins/com.st.stm32cube.ide.mcu.externaltools.gnu-tools-for-stm32.9-2020-q2-update.win32_1.5.0.202011040924/tools/bin/../lib/gcc/arm-none-eabi/9.3.1/../../../../arm-none-eabi/lib/thumb/v7e-m+dp/hard\libm.a
LOAD d:/stm32cubeide_1.6.1/stm32cubeide/plugins/com.st.stm32cube.ide.mcu.externaltools.gnu-tools-for-stm32.9-2020-q2-update.win32_1.5.0.202011040924/tools/bin/../lib/gcc/arm-none-eabi/9.3.1/thumb/v7e-m+dp/hard\libgcc.a

.debug_info     0x0000000000000000    0x31c57
 .debug_info    0x0000000000000000     0x1fa3 Drivers/STM32H7xx_HAL_Driver/Src/stm32h7xx_hal.o
 .debug_info    0x0000000000001fa3     0x1c19 Drivers/STM32H7xx_HAL_Driver/Src/stm32h7xx_hal_cortex.o
 .debug_info    0x0000000000003bbc     0x174c Drivers/STM32H7xx_HAL_Driver/Src/stm32h7xx_hal_dma.o
 .debug_info    0x0000000000005308     0x17e6 Drivers/STM32H7xx_HAL_Driver/Src/stm32h7xx_hal_gpio.o
 .debug_info    0x0000000000006aee     0x1b45 Drivers/STM32H7xx_HAL_Driver/Src/stm32h7xx_hal_pwr_ex.o
 .debug_info    0x0000000000008633     0x1951 Drivers/STM32H7xx_HAL_Driver/Src/stm32h7xx_hal_rcc.o
 .debug_info    0x0000000000009f84     0x1d00 Drivers/STM32H7xx_HAL_Driver/Src/stm32h7xx_hal_rcc_ex.o
 .debug_info    0x000000000000bc84     0x37ca Drivers/STM32H7xx_HAL_Driver/Src/stm32h7xx_hal_tim.o
 .debug_info    0x000000000000f44e     0x225f Drivers/STM32H7xx_HAL_Driver/Src/stm32h7xx_hal_tim_ex.o
 .debug_info    0x00000000000116ad     0x558a Drivers/STM32H7xx_HAL_Driver/Src/stm32h7xx_hal_uart.o
 .debug_info    0x0000000000016c37     0x19a9 Drivers/STM32H7xx_HAL_Driver/Src/stm32h7xx_hal_uart_ex.o
 .debug_info    0x00000000000185e0      0xc6b LibROV3/BasicCtrl.o
 .debug_info    0x000000000001924b      0x236 LibROV3/Sensor.o
 .debug_info    0x0000000000019481     0x203c Middlewares/Third_Party/FreeRTOS/Source/CMSIS_RTOS/cmsis_os.o
 .debug_info    0x000000000001b4bd      0xb82 Middlewares/Third_Party/FreeRTOS/Source/list.o
 .debug_info    0x000000000001c03f     0x1ffc Middlewares/Third_Party/FreeRTOS/Source/queue.o
 .debug_info    0x000000000001e03b     0x2575 Middlewares/Third_Party/FreeRTOS/Source/tasks.o
 .debug_info    0x00000000000205b0      0x4f1 Middlewares/Third_Party/FreeRTOS/Source/portable/GCC/ARM_CM4F/port.o
 .debug_info    0x0000000000020aa1      0xd8a Middlewares/Third_Party/FreeRTOS/Source/portable/MemMang/heap_4.o
 .debug_info    0x000000000002182b     0x135a Src/dma.o
 .debug_info    0x0000000000022b85     0x23a0 Src/freertos.o
 .debug_info    0x0000000000024f25     0x118a Src/gpio.o
 .debug_info    0x00000000000260af     0x1c97 Src/main.o
 .debug_info    0x0000000000027d46     0x135a Src/stm32h7xx_hal_msp.o
 .debug_info    0x00000000000290a0     0x1afe Src/stm32h7xx_hal_timebase_tim.o
 .debug_info    0x000000000002ab9e     0x198e Src/stm32h7xx_it.o
 .debug_info    0x000000000002c52c     0x1787 Src/system_stm32h7xx.o
 .debug_info    0x000000000002dcb3     0x1ee7 Src/tim.o
 .debug_info    0x000000000002fb9a     0x209b Src/usart.o
 .debug_info    0x0000000000031c35       0x22 Startup/startup_stm32h750vbtx.o

.debug_abbrev   0x0000000000000000     0x50e4
 .debug_abbrev  0x0000000000000000      0x31b Drivers/STM32H7xx_HAL_Driver/Src/stm32h7xx_hal.o
 .debug_abbrev  0x000000000000031b      0x409 Drivers/STM32H7xx_HAL_Driver/Src/stm32h7xx_hal_cortex.o
 .debug_abbrev  0x0000000000000724      0x2c1 Drivers/STM32H7xx_HAL_Driver/Src/stm32h7xx_hal_dma.o
 .debug_abbrev  0x00000000000009e5      0x2cb Drivers/STM32H7xx_HAL_Driver/Src/stm32h7xx_hal_gpio.o
 .debug_abbrev  0x0000000000000cb0      0x350 Drivers/STM32H7xx_HAL_Driver/Src/stm32h7xx_hal_pwr_ex.o
 .debug_abbrev  0x0000000000001000      0x322 Drivers/STM32H7xx_HAL_Driver/Src/stm32h7xx_hal_rcc.o
 .debug_abbrev  0x0000000000001322      0x31d Drivers/STM32H7xx_HAL_Driver/Src/stm32h7xx_hal_rcc_ex.o
 .debug_abbrev  0x000000000000163f      0x2f9 Drivers/STM32H7xx_HAL_Driver/Src/stm32h7xx_hal_tim.o
 .debug_abbrev  0x0000000000001938      0x301 Drivers/STM32H7xx_HAL_Driver/Src/stm32h7xx_hal_tim_ex.o
 .debug_abbrev  0x0000000000001c39      0x37d Drivers/STM32H7xx_HAL_Driver/Src/stm32h7xx_hal_uart.o
 .debug_abbrev  0x0000000000001fb6      0x33d Drivers/STM32H7xx_HAL_Driver/Src/stm32h7xx_hal_uart_ex.o
 .debug_abbrev  0x00000000000022f3      0x253 LibROV3/BasicCtrl.o
 .debug_abbrev  0x0000000000002546      0x100 LibROV3/Sensor.o
 .debug_abbrev  0x0000000000002646      0x3d1 Middlewares/Third_Party/FreeRTOS/Source/CMSIS_RTOS/cmsis_os.o
 .debug_abbrev  0x0000000000002a17      0x1f7 Middlewares/Third_Party/FreeRTOS/Source/list.o
 .debug_abbrev  0x0000000000002c0e      0x380 Middlewares/Third_Party/FreeRTOS/Source/queue.o
 .debug_abbrev  0x0000000000002f8e      0x380 Middlewares/Third_Party/FreeRTOS/Source/tasks.o
 .debug_abbrev  0x000000000000330e      0x231 Middlewares/Third_Party/FreeRTOS/Source/portable/GCC/ARM_CM4F/port.o
 .debug_abbrev  0x000000000000353f      0x2d3 Middlewares/Third_Party/FreeRTOS/Source/portable/MemMang/heap_4.o
 .debug_abbrev  0x0000000000003812      0x20f Src/dma.o
 .debug_abbrev  0x0000000000003a21      0x2f0 Src/freertos.o
 .debug_abbrev  0x0000000000003d11      0x229 Src/gpio.o
 .debug_abbrev  0x0000000000003f3a      0x2af Src/main.o
 .debug_abbrev  0x00000000000041e9      0x20f Src/stm32h7xx_hal_msp.o
 .debug_abbrev  0x00000000000043f8      0x271 Src/stm32h7xx_hal_timebase_tim.o
 .debug_abbrev  0x0000000000004669      0x261 Src/stm32h7xx_it.o
 .debug_abbrev  0x00000000000048ca      0x262 Src/system_stm32h7xx.o
 .debug_abbrev  0x0000000000004b2c      0x2c1 Src/tim.o
 .debug_abbrev  0x0000000000004ded      0x2e5 Src/usart.o
 .debug_abbrev  0x00000000000050d2       0x12 Startup/startup_stm32h750vbtx.o

.debug_aranges  0x0000000000000000     0x17a8
 .debug_aranges
                0x0000000000000000      0x198 Drivers/STM32H7xx_HAL_Driver/Src/stm32h7xx_hal.o
 .debug_aranges
                0x0000000000000198      0x120 Drivers/STM32H7xx_HAL_Driver/Src/stm32h7xx_hal_cortex.o
 .debug_aranges
                0x00000000000002b8       0xa0 Drivers/STM32H7xx_HAL_Driver/Src/stm32h7xx_hal_dma.o
 .debug_aranges
                0x0000000000000358       0x58 Drivers/STM32H7xx_HAL_Driver/Src/stm32h7xx_hal_gpio.o
 .debug_aranges
                0x00000000000003b0      0x158 Drivers/STM32H7xx_HAL_Driver/Src/stm32h7xx_hal_pwr_ex.o
 .debug_aranges
                0x0000000000000508       0x88 Drivers/STM32H7xx_HAL_Driver/Src/stm32h7xx_hal_rcc.o
 .debug_aranges
                0x0000000000000590       0xf8 Drivers/STM32H7xx_HAL_Driver/Src/stm32h7xx_hal_rcc_ex.o
 .debug_aranges
                0x0000000000000688      0x3e0 Drivers/STM32H7xx_HAL_Driver/Src/stm32h7xx_hal_tim.o
 .debug_aranges
                0x0000000000000a68      0x188 Drivers/STM32H7xx_HAL_Driver/Src/stm32h7xx_hal_tim_ex.o
 .debug_aranges
                0x0000000000000bf0      0x248 Drivers/STM32H7xx_HAL_Driver/Src/stm32h7xx_hal_uart.o
 .debug_aranges
                0x0000000000000e38       0xa0 Drivers/STM32H7xx_HAL_Driver/Src/stm32h7xx_hal_uart_ex.o
 .debug_aranges
                0x0000000000000ed8       0x28 LibROV3/BasicCtrl.o
 .debug_aranges
                0x0000000000000f00       0x30 LibROV3/Sensor.o
 .debug_aranges
                0x0000000000000f30      0x1d8 Middlewares/Third_Party/FreeRTOS/Source/CMSIS_RTOS/cmsis_os.o
 .debug_aranges
                0x0000000000001108       0x40 Middlewares/Third_Party/FreeRTOS/Source/list.o
 .debug_aranges
                0x0000000000001148      0x108 Middlewares/Third_Party/FreeRTOS/Source/queue.o
 .debug_aranges
                0x0000000000001250      0x1b8 Middlewares/Third_Party/FreeRTOS/Source/tasks.o
 .debug_aranges
                0x0000000000001408       0x80 Middlewares/Third_Party/FreeRTOS/Source/portable/GCC/ARM_CM4F/port.o
 .debug_aranges
                0x0000000000001488       0x58 Middlewares/Third_Party/FreeRTOS/Source/portable/MemMang/heap_4.o
 .debug_aranges
                0x00000000000014e0       0x20 Src/dma.o
 .debug_aranges
                0x0000000000001500       0x58 Src/freertos.o
 .debug_aranges
                0x0000000000001558       0x20 Src/gpio.o
 .debug_aranges
                0x0000000000001578       0x38 Src/main.o
 .debug_aranges
                0x00000000000015b0       0x20 Src/stm32h7xx_hal_msp.o
 .debug_aranges
                0x00000000000015d0       0x30 Src/stm32h7xx_hal_timebase_tim.o
 .debug_aranges
                0x0000000000001600       0x98 Src/stm32h7xx_it.o
 .debug_aranges
                0x0000000000001698       0x28 Src/system_stm32h7xx.o
 .debug_aranges
                0x00000000000016c0       0x70 Src/tim.o
 .debug_aranges
                0x0000000000001730       0x50 Src/usart.o
 .debug_aranges
                0x0000000000001780       0x28 Startup/startup_stm32h750vbtx.o

.debug_ranges   0x0000000000000000     0x1600
 .debug_ranges  0x0000000000000000      0x188 Drivers/STM32H7xx_HAL_Driver/Src/stm32h7xx_hal.o
 .debug_ranges  0x0000000000000188      0x110 Drivers/STM32H7xx_HAL_Driver/Src/stm32h7xx_hal_cortex.o
 .debug_ranges  0x0000000000000298       0x90 Drivers/STM32H7xx_HAL_Driver/Src/stm32h7xx_hal_dma.o
 .debug_ranges  0x0000000000000328       0x48 Drivers/STM32H7xx_HAL_Driver/Src/stm32h7xx_hal_gpio.o
 .debug_ranges  0x0000000000000370      0x148 Drivers/STM32H7xx_HAL_Driver/Src/stm32h7xx_hal_pwr_ex.o
 .debug_ranges  0x00000000000004b8       0x78 Drivers/STM32H7xx_HAL_Driver/Src/stm32h7xx_hal_rcc.o
 .debug_ranges  0x0000000000000530       0xe8 Drivers/STM32H7xx_HAL_Driver/Src/stm32h7xx_hal_rcc_ex.o
 .debug_ranges  0x0000000000000618      0x3d0 Drivers/STM32H7xx_HAL_Driver/Src/stm32h7xx_hal_tim.o
 .debug_ranges  0x00000000000009e8      0x178 Drivers/STM32H7xx_HAL_Driver/Src/stm32h7xx_hal_tim_ex.o
 .debug_ranges  0x0000000000000b60      0x268 Drivers/STM32H7xx_HAL_Driver/Src/stm32h7xx_hal_uart.o
 .debug_ranges  0x0000000000000dc8       0x90 Drivers/STM32H7xx_HAL_Driver/Src/stm32h7xx_hal_uart_ex.o
 .debug_ranges  0x0000000000000e58       0x18 LibROV3/BasicCtrl.o
 .debug_ranges  0x0000000000000e70       0x20 LibROV3/Sensor.o
 .debug_ranges  0x0000000000000e90      0x1c8 Middlewares/Third_Party/FreeRTOS/Source/CMSIS_RTOS/cmsis_os.o
 .debug_ranges  0x0000000000001058       0x30 Middlewares/Third_Party/FreeRTOS/Source/list.o
 .debug_ranges  0x0000000000001088       0xf8 Middlewares/Third_Party/FreeRTOS/Source/queue.o
 .debug_ranges  0x0000000000001180      0x1a8 Middlewares/Third_Party/FreeRTOS/Source/tasks.o
 .debug_ranges  0x0000000000001328       0x70 Middlewares/Third_Party/FreeRTOS/Source/portable/GCC/ARM_CM4F/port.o
 .debug_ranges  0x0000000000001398       0x48 Middlewares/Third_Party/FreeRTOS/Source/portable/MemMang/heap_4.o
 .debug_ranges  0x00000000000013e0       0x10 Src/dma.o
 .debug_ranges  0x00000000000013f0       0x48 Src/freertos.o
 .debug_ranges  0x0000000000001438       0x10 Src/gpio.o
 .debug_ranges  0x0000000000001448       0x28 Src/main.o
 .debug_ranges  0x0000000000001470       0x10 Src/stm32h7xx_hal_msp.o
 .debug_ranges  0x0000000000001480       0x20 Src/stm32h7xx_hal_timebase_tim.o
 .debug_ranges  0x00000000000014a0       0x88 Src/stm32h7xx_it.o
 .debug_ranges  0x0000000000001528       0x18 Src/system_stm32h7xx.o
 .debug_ranges  0x0000000000001540       0x60 Src/tim.o
 .debug_ranges  0x00000000000015a0       0x40 Src/usart.o
 .debug_ranges  0x00000000000015e0       0x20 Startup/startup_stm32h750vbtx.o

.debug_macro    0x0000000000000000    0x3a51c
 .debug_macro   0x0000000000000000      0x2d2 Drivers/STM32H7xx_HAL_Driver/Src/stm32h7xx_hal.o
 .debug_macro   0x00000000000002d2      0xac0 Drivers/STM32H7xx_HAL_Driver/Src/stm32h7xx_hal.o
 .debug_macro   0x0000000000000d92      0x238 Drivers/STM32H7xx_HAL_Driver/Src/stm32h7xx_hal.o
 .debug_macro   0x0000000000000fca       0x2e Drivers/STM32H7xx_HAL_Driver/Src/stm32h7xx_hal.o
 .debug_macro   0x0000000000000ff8       0x3b Drivers/STM32H7xx_HAL_Driver/Src/stm32h7xx_hal.o
 .debug_macro   0x0000000000001033       0x22 Drivers/STM32H7xx_HAL_Driver/Src/stm32h7xx_hal.o
 .debug_macro   0x0000000000001055       0x8e Drivers/STM32H7xx_HAL_Driver/Src/stm32h7xx_hal.o
 .debug_macro   0x00000000000010e3       0x51 Drivers/STM32H7xx_HAL_Driver/Src/stm32h7xx_hal.o
 .debug_macro   0x0000000000001134      0x103 Drivers/STM32H7xx_HAL_Driver/Src/stm32h7xx_hal.o
 .debug_macro   0x0000000000001237       0x6a Drivers/STM32H7xx_HAL_Driver/Src/stm32h7xx_hal.o
 .debug_macro   0x00000000000012a1      0x1df Drivers/STM32H7xx_HAL_Driver/Src/stm32h7xx_hal.o
 .debug_macro   0x0000000000001480       0x1c Drivers/STM32H7xx_HAL_Driver/Src/stm32h7xx_hal.o
 .debug_macro   0x000000000000149c       0x22 Drivers/STM32H7xx_HAL_Driver/Src/stm32h7xx_hal.o
 .debug_macro   0x00000000000014be      0x101 Drivers/STM32H7xx_HAL_Driver/Src/stm32h7xx_hal.o
 .debug_macro   0x00000000000015bf     0x1305 Drivers/STM32H7xx_HAL_Driver/Src/stm32h7xx_hal.o
 .debug_macro   0x00000000000028c4      0x11f Drivers/STM32H7xx_HAL_Driver/Src/stm32h7xx_hal.o
 .debug_macro   0x00000000000029e3       0x27 Drivers/STM32H7xx_HAL_Driver/Src/stm32h7xx_hal.o
 .debug_macro   0x0000000000002a0a    0x25e57 Drivers/STM32H7xx_HAL_Driver/Src/stm32h7xx_hal.o
 .debug_macro   0x0000000000028861       0x6d Drivers/STM32H7xx_HAL_Driver/Src/stm32h7xx_hal.o
 .debug_macro   0x00000000000288ce     0x3d1e Drivers/STM32H7xx_HAL_Driver/Src/stm32h7xx_hal.o
 .debug_macro   0x000000000002c5ec      0x174 Drivers/STM32H7xx_HAL_Driver/Src/stm32h7xx_hal.o
 .debug_macro   0x000000000002c760       0x52 Drivers/STM32H7xx_HAL_Driver/Src/stm32h7xx_hal.o
 .debug_macro   0x000000000002c7b2       0x17 Drivers/STM32H7xx_HAL_Driver/Src/stm32h7xx_hal.o
 .debug_macro   0x000000000002c7c9       0x3c Drivers/STM32H7xx_HAL_Driver/Src/stm32h7xx_hal.o
 .debug_macro   0x000000000002c805       0x34 Drivers/STM32H7xx_HAL_Driver/Src/stm32h7xx_hal.o
 .debug_macro   0x000000000002c839       0x16 Drivers/STM32H7xx_HAL_Driver/Src/stm32h7xx_hal.o
 .debug_macro   0x000000000002c84f       0x43 Drivers/STM32H7xx_HAL_Driver/Src/stm32h7xx_hal.o
 .debug_macro   0x000000000002c892       0x34 Drivers/STM32H7xx_HAL_Driver/Src/stm32h7xx_hal.o
 .debug_macro   0x000000000002c8c6       0x10 Drivers/STM32H7xx_HAL_Driver/Src/stm32h7xx_hal.o
 .debug_macro   0x000000000002c8d6       0x58 Drivers/STM32H7xx_HAL_Driver/Src/stm32h7xx_hal.o
 .debug_macro   0x000000000002c92e       0x71 Drivers/STM32H7xx_HAL_Driver/Src/stm32h7xx_hal.o
 .debug_macro   0x000000000002c99f       0x1c Drivers/STM32H7xx_HAL_Driver/Src/stm32h7xx_hal.o
 .debug_macro   0x000000000002c9bb      0x12a Drivers/STM32H7xx_HAL_Driver/Src/stm32h7xx_hal.o
 .debug_macro   0x000000000002cae5      0x333 Drivers/STM32H7xx_HAL_Driver/Src/stm32h7xx_hal.o
 .debug_macro   0x000000000002ce18      0x1a9 Drivers/STM32H7xx_HAL_Driver/Src/stm32h7xx_hal.o
 .debug_macro   0x000000000002cfc1       0x5d Drivers/STM32H7xx_HAL_Driver/Src/stm32h7xx_hal.o
 .debug_macro   0x000000000002d01e     0x240e Drivers/STM32H7xx_HAL_Driver/Src/stm32h7xx_hal.o