Archive member included to satisfy reference by file (symbol)

d:/stm32cubeide_1.6.1/stm32cubeide/plugins/com.st.stm32cube.ide.mcu.externaltools.gnu-tools-for-stm32.9-2020-q2-update.win32_1.5.0.202011040924/tools/bin/../lib/gcc/arm-none-eabi/9.3.1/../../../../arm-none-eabi/lib/thumb/v7e-m+dp/hard\libc_nano.a(lib_a-errno.o)
                              Src/syscalls.o (__errno)
d:/stm32cubeide_1.6.1/stm32cubeide/plugins/com.st.stm32cube.ide.mcu.externaltools.gnu-tools-for-stm32.9-2020-q2-update.win32_1.5.0.202011040924/tools/bin/../lib/gcc/arm-none-eabi/9.3.1/../../../../arm-none-eabi/lib/thumb/v7e-m+dp/hard\libc_nano.a(lib_a-exit.o)
                              d:/stm32cubeide_1.6.1/stm32cubeide/plugins/com.st.stm32cube.ide.mcu.externaltools.gnu-tools-for-stm32.9-2020-q2-update.win32_1.5.0.202011040924/tools/bin/../lib/gcc/arm-none-eabi/9.3.1/../../../../arm-none-eabi/lib/thumb/v7e-m+dp/hard/crt0.o (exit)
d:/stm32cubeide_1.6.1/stm32cubeide/plugins/com.st.stm32cube.ide.mcu.externaltools.gnu-tools-for-stm32.9-2020-q2-update.win32_1.5.0.202011040924/tools/bin/../lib/gcc/arm-none-eabi/9.3.1/../../../../arm-none-eabi/lib/thumb/v7e-m+dp/hard\libc_nano.a(lib_a-impure.o)
                              d:/stm32cubeide_1.6.1/stm32cubeide/plugins/com.st.stm32cube.ide.mcu.externaltools.gnu-tools-for-stm32.9-2020-q2-update.win32_1.5.0.202011040924/tools/bin/../lib/gcc/arm-none-eabi/9.3.1/../../../../arm-none-eabi/lib/thumb/v7e-m+dp/hard\libc_nano.a(lib_a-exit.o) (_global_impure_ptr)
d:/stm32cubeide_1.6.1/stm32cubeide/plugins/com.st.stm32cube.ide.mcu.externaltools.gnu-tools-for-stm32.9-2020-q2-update.win32_1.5.0.202011040924/tools/bin/../lib/gcc/arm-none-eabi/9.3.1/../../../../arm-none-eabi/lib/thumb/v7e-m+dp/hard\libc_nano.a(lib_a-init.o)
                              d:/stm32cubeide_1.6.1/stm32cubeide/plugins/com.st.stm32cube.ide.mcu.externaltools.gnu-tools-for-stm32.9-2020-q2-update.win32_1.5.0.202011040924/tools/bin/../lib/gcc/arm-none-eabi/9.3.1/../../../../arm-none-eabi/lib/thumb/v7e-m+dp/hard/crt0.o (__libc_init_array)
d:/stm32cubeide_1.6.1/stm32cubeide/plugins/com.st.stm32cube.ide.mcu.externaltools.gnu-tools-for-stm32.9-2020-q2-update.win32_1.5.0.202011040924/tools/bin/../lib/gcc/arm-none-eabi/9.3.1/../../../../arm-none-eabi/lib/thumb/v7e-m+dp/hard\libc_nano.a(lib_a-memcpy-stub.o)
                              Middlewares/Third_Party/FreeRTOS/Source/queue.o (memcpy)
d:/stm32cubeide_1.6.1/stm32cubeide/plugins/com.st.stm32cube.ide.mcu.externaltools.gnu-tools-for-stm32.9-2020-q2-update.win32_1.5.0.202011040924/tools/bin/../lib/gcc/arm-none-eabi/9.3.1/../../../../arm-none-eabi/lib/thumb/v7e-m+dp/hard\libc_nano.a(lib_a-memset.o)
                              d:/stm32cubeide_1.6.1/stm32cubeide/plugins/com.st.stm32cube.ide.mcu.externaltools.gnu-tools-for-stm32.9-2020-q2-update.win32_1.5.0.202011040924/tools/bin/../lib/gcc/arm-none-eabi/9.3.1/../../../../arm-none-eabi/lib/thumb/v7e-m+dp/hard/crt0.o (memset)
d:/stm32cubeide_1.6.1/stm32cubeide/plugins/com.st.stm32cube.ide.mcu.externaltools.gnu-tools-for-stm32.9-2020-q2-update.win32_1.5.0.202011040924/tools/bin/../lib/gcc/arm-none-eabi/9.3.1/thumb/v7e-m+dp/hard\libgcc.a(_aeabi_uldivmod.o)
                              Drivers/STM32H7xx_HAL_Driver/Src/stm32h7xx_hal_uart.o (__aeabi_uldivmod)
d:/stm32cubeide_1.6.1/stm32cubeide/plugins/com.st.stm32cube.ide.mcu.externaltools.gnu-tools-for-stm32.9-2020-q2-update.win32_1.5.0.202011040924/tools/bin/../lib/gcc/arm-none-eabi/9.3.1/thumb/v7e-m+dp/hard\libgcc.a(_udivmoddi4.o)
                              d:/stm32cubeide_1.6.1/stm32cubeide/plugins/com.st.stm32cube.ide.mcu.externaltools.gnu-tools-for-stm32.9-2020-q2-update.win32_1.5.0.202011040924/tools/bin/../lib/gcc/arm-none-eabi/9.3.1/thumb/v7e-m+dp/hard\libgcc.a(_aeabi_uldivmod.o) (__udivmoddi4)
d:/stm32cubeide_1.6.1/stm32cubeide/plugins/com.st.stm32cube.ide.mcu.externaltools.gnu-tools-for-stm32.9-2020-q2-update.win32_1.5.0.202011040924/tools/bin/../lib/gcc/arm-none-eabi/9.3.1/thumb/v7e-m+dp/hard\libgcc.a(_dvmd_tls.o)
                              d:/stm32cubeide_1.6.1/stm32cubeide/plugins/com.st.stm32cube.ide.mcu.externaltools.gnu-tools-for-stm32.9-2020-q2-update.win32_1.5.0.202011040924/tools/bin/../lib/gcc/arm-none-eabi/9.3.1/thumb/v7e-m+dp/hard\libgcc.a(_aeabi_uldivmod.o) (__aeabi_ldiv0)

Allocating common symbols
Common symbol       size              file

MAIN_UART_mutexHandle
                    0x4               Src/freertos.o
GY39_QueueBuffer    0x18              Src/freertos.o
Thread_ControlControlBlock
                    0x54              Src/freertos.o
MAIN_UART_mutexControlBlock
                    0x48              Src/freertos.o
Thread_RecvCmdControlBlock
                    0x54              Src/freertos.o
hdma_usart2_rx      0x78              Src/usart.o
Thread_IdleControlBlock
                    0x54              Src/freertos.o
WT931_DONE_semHandle
                    0x4               Src/freertos.o
Cmd_QueueBuffer     0x20              Src/freertos.o
[...]
Memory Configuration

Name             Origin             Length             Attributes
FLASH            0x0000000008000000 0x0000000000020000 xr
DTCMRAM          0x0000000020000000 0x0000000000020000 xrw
RAM_D1           0x0000000024000000 0x0000000000080000 xrw
RAM_D2           0x0000000030000000 0x0000000000048000 xrw
RAM_D3           0x0000000038000000 0x0000000000010000 xrw
ITCMRAM          0x0000000000000000 0x0000000000010000 xrw
*default*        0x0000000000000000 0xffffffffffffffff

Linker script and memory map

LOAD d:/stm32cubeide_1.6.1/stm32cubeide/plugins/com.st.stm32cube.ide.mcu.externaltools.gnu-tools-for-stm32.9-2020-q2-update.win32_1.5.0.202011040924/tools/bin/../lib/gcc/arm-none-eabi/9.3.1/thumb/v7e-m+dp/hard/crti.o
LOAD d:/stm32cubeide_1.6.1/stm32cubeide/plugins/com.st.stm32cube.ide.mcu.externaltools.gnu-tools-for-stm32.9-2020-q2-update.win32_1.5.0.202011040924/tools/bin/../lib/gcc/arm-none-eabi/9.3.1/thumb/v7e-m+dp/hard/crtbegin.o
LOAD d:/stm32cubeide_1.6.1/stm32cubeide/plugins/com.st.stm32cube.ide.mcu.externaltools.gnu-tools-for-stm32.9-2020-q2-update.win32_1.5.0.202011040924/tools/bin/../lib/gcc/arm-none-eabi/9.3.1/../../../../arm-none-eabi/lib/thumb/v7e-m+dp/hard/crt0.o
LOAD Drivers/STM32H7xx_HAL_Driver/Src/stm32h7xx_hal.o
LOAD Drivers/STM32H7xx_HAL_Driver/Src/stm32h7xx_hal_cortex.o
LOAD Drivers/STM32H7xx_HAL_Driver/Src/stm32h7xx_hal_dma.o
LOAD Drivers/STM32H7xx_HAL_Driver/Src/stm32h7xx_hal_dma_ex.o
LOAD Drivers/STM32H7xx_HAL_Driver/Src/stm32h7xx_hal_exti.o
LOAD Drivers/STM32H7xx_HAL_Driver/Src/stm32h7xx_hal_flash.o
LOAD Drivers/STM32H7xx_HAL_Driver/Src/stm32h7xx_hal_flash_ex.o
LOAD Drivers/STM32H7xx_HAL_Driver/Src/stm32h7xx_hal_gpio.o
LOAD Drivers/STM32H7xx_HAL_Driver/Src/stm32h7xx_hal_hsem.o
LOAD Drivers/STM32H7xx_HAL_Driver/Src/stm32h7xx_hal_i2c.o
LOAD Drivers/STM32H7xx_HAL_Driver/Src/stm32h7xx_hal_i2c_ex.o
LOAD Drivers/STM32H7xx_HAL_Driver/Src/stm32h7xx_hal_mdma.o
LOAD Drivers/STM32H7xx_HAL_Driver/Src/stm32h7xx_hal_pwr.o
LOAD Drivers/STM32H7xx_HAL_Driver/Src/stm32h7xx_hal_pwr_ex.o
LOAD Drivers/STM32H7xx_HAL_Driver/Src/stm32h7xx_hal_rcc.o
LOAD Drivers/STM32H7xx_HAL_Driver/Src/stm32h7xx_hal_rcc_ex.o
LOAD Drivers/STM32H7xx_HAL_Driver/Src/stm32h7xx_hal_tim.o
LOAD Drivers/STM32H7xx_HAL_Driver/Src/stm32h7xx_hal_tim_ex.o
LOAD Drivers/STM32H7xx_HAL_Driver/Src/stm32h7xx_hal_uart.o
LOAD Drivers/STM32H7xx_HAL_Driver/Src/stm32h7xx_hal_uart_ex.o
LOAD LibROV3/Algorithm.o
LOAD LibROV3/BasicCtrl.o
LOAD LibROV3/Display.o
LOAD LibROV3/Sensor.o
LOAD Middlewares/Third_Party/FreeRTOS/Source/CMSIS_RTOS/cmsis_os.o
LOAD Middlewares/Third_Party/FreeRTOS/Source/croutine.o
LOAD Middlewares/Third_Party/FreeRTOS/Source/event_groups.o
LOAD Middlewares/Third_Party/FreeRTOS/Source/list.o
LOAD Middlewares/Third_Party/FreeRTOS/Source/queue.o
LOAD Middlewares/Third_Party/FreeRTOS/Source/stream_buffer.o
LOAD Middlewares/Third_Party/FreeRTOS/Source/tasks.o
LOAD Middlewares/Third_Party/FreeRTOS/Source/timers.o
LOAD Middlewares/Third_Party/FreeRTOS/Source/portable/GCC/ARM_CM4F/port.o
LOAD Middlewares/Third_Party/FreeRTOS/Source/portable/MemMang/heap_4.o
LOAD Src/dma.o
LOAD Src/freertos.o
LOAD Src/gpio.o
LOAD Src/main.o
LOAD Src/stm32h7xx_hal_msp.o
LOAD Src/stm32h7xx_hal_timebase_tim.o
LOAD Src/stm32h7xx_it.o
LOAD Src/syscalls.o
LOAD Src/sysmem.o
LOAD Src/system_stm32h7xx.o
LOAD Src/tim.o
LOAD Src/usart.o
LOAD Startup/startup_stm32h750vbtx.o
START GROUP
LOAD d:/stm32cubeide_1.6.1/stm32cubeide/plugins/com.st.stm32cube.ide.mcu.externaltools.gnu-tools-for-stm32.9-2020-q2-update.win32_1.5.0.202011040924/tools/bin/../lib/gcc/arm-none-eabi/9.3.1/../../../../arm-none-eabi/lib/thumb/v7e-m+dp/hard\libc_nano.a
LOAD d:/stm32cubeide_1.6.1/stm32cubeide/plugins/com.st.stm32cube.ide.mcu.externaltools.gnu-tools-for-stm32.9-2020-q2-update.win32_1.5.0.202011040924/tools/bin/../lib/gcc/arm-none-eabi/9.3.1/../../../../arm-none-eabi/lib/thumb/v7e-m+dp/hard\libm.a
END GROUP
START GROUP
LOAD d:/stm32cubeide_1.6.1/stm32cubeide/plugins/com.st.stm32cube.ide.mcu.externaltools.gnu-tools-for-stm32.9-2020-q2-update.win32_1.5.0.202011040924/tools/bin/../lib/gcc/arm-none-eabi/9.3.1/thumb/v7e-m+dp/hard\libgcc.a
LOAD d:/stm32cubeide_1.6.1/stm32cubeide/plugins/com.st.stm32cube.ide.mcu.externaltools.gnu-tools-for-stm32.9-2020-q2-update.win32_1.5.0.202011040924/tools/bin/../lib/gcc/arm-none-eabi/9.3.1/../../../../arm-none-eabi/lib/thumb/v7e-m+dp/hard\libc_nano.a
END GROUP
START GROUP
LOAD d:/stm32cubeide_1.6.1/stm32cubeide/plugins/com.st.stm32cube.ide.mcu.externaltools.gnu-tools-for-stm32.9-2020-q2-update.win32_1.5.0.202011040924/tools/bin/../lib/gcc/arm-none-eabi/9.3.1/thumb/v7e-m+dp/hard\libgcc.a
LOAD d:/stm32cubeide_1.6.1/stm32cubeide/plugins/com.st.stm32cube.ide.mcu.externaltools.gnu-tools-for-stm32.9-2020-q2-update.win32_1.5.0.202011040924/tools/bin/../lib/gcc/arm-none-eabi/9.3.1/../../../../arm-none-eabi/lib/thumb/v7e-m+dp/hard\libc_nano.a
LOAD d:/stm32cubeide_1.6.1/stm32cubeide/plugins/com.st.stm32cube.ide.mcu.externaltools.gnu-tools-for-stm32.9-2020-q2-update.win32_1.5.0.202011040924/tools/bin/../lib/gcc/arm-none-eabi/9.3.1/../../../../arm-none-eabi/lib/thumb/v7e-m+dp/hard\libnosys.a
END GROUP
START GROUP
LOAD d:/stm32cubeide_1.6.1/stm32cubeide/plugins/com.st.stm32cube.ide.mcu.externaltools.gnu-tools-for-stm32.9-2020-q2-update.win32_1.5.0.202011040924/tools/bin/../lib/gcc/arm-none-eabi/9.3.1/thumb/v7e-m+dp/hard\libgcc.a
LOAD d:/stm32cubeide_1.6.1/stm32cubeide/plugins/com.st.stm32cube.ide.mcu.externaltools.gnu-tools-for-stm32.9-2020-q2-update.win32_1.5.0.202011040924/tools/bin/../lib/gcc/arm-none-eabi/9.3.1/../../../../arm-none-eabi/lib/thumb/v7e-m+dp/hard\libc_nano.a
LOAD d:/stm32cubeide_1.6.1/stm32cubeide/plugins/com.st.stm32cube.ide.mcu.externaltools.gnu-tools-for-stm32.9-2020-q2-update.win32_1.5.0.202011040924/tools/bin/../lib/gcc/arm-none-eabi/9.3.1/../../../../arm-none-eabi/lib/thumb/v7e-m+dp/hard\libnosys.a
END GROUP
LOAD d:/stm32cubeide_1.6.1/stm32cubeide/plugins/com.st.stm32cube.ide.mcu.externaltools.gnu-tools-for-stm32.9-2020-q2-update.win32_1.5.0.202011040924/tools/bin/../lib/gcc/arm-none-eabi/9.3.1/thumb/v7e-m+dp/hard/crtend.o
LOAD d:/stm32cubeide_1.6.1/stm32cubeide/plugins/com.st.stm32cube.ide.mcu.externaltools.gnu-tools-for-stm32.9-2020-q2-update.win32_1.5.0.202011040924/tools/bin/../lib/gcc/arm-none-eabi/9.3.1/thumb/v7e-m+dp/hard/crtn.o
                0x0000000024080000                _estack = (ORIGIN (RAM_D1) + LENGTH (RAM_D1))
                0x0000000000000200                _Min_Heap_Size = 0x200
                0x0000000000000400                _Min_Stack_Size = 0x400

.isr_vector     0x0000000008000000      0x298
                0x0000000008000000                . = ALIGN (0x4)
 *(.isr_vector)
 .isr_vector    0x0000000008000000      0x298 Startup/startup_stm32h750vbtx.o
                0x0000000008000000                g_pfnVectors
                0x0000000008000298                . = ALIGN (0x4)

.text           0x00000000080002a0     0xf370
                0x00000000080002a0                . = ALIGN (0x4)
 *(.text)
 .text          0x00000000080002a0       0x40 d:/stm32cubeide_1.6.1/stm32cubeide/plugins/com.st.stm32cube.ide.mcu.externaltools.gnu-tools-for-stm32.9-2020-q2-update.win32_1.5.0.202011040924/tools/bin/../lib/gcc/arm-none-eabi/9.3.1/thumb/v7e-m+dp/hard/crtbegin.o
 .text          0x00000000080002e0       0x30 d:/stm32cubeide_1.6.1/stm32cubeide/plugins/com.st.stm32cube.ide.mcu.externaltools.gnu-tools-for-stm32.9-2020-q2-update.win32_1.5.0.202011040924/tools/bin/../lib/gcc/arm-none-eabi/9.3.1/thumb/v7e-m+dp/hard\libgcc.a(_aeabi_uldivmod.o)
                0x00000000080002e0                __aeabi_uldivmod
 .text          0x0000000008000310      0x2c4 d:/stm32cubeide_1.6.1/stm32cubeide/plugins/com.st.stm32cube.ide.mcu.externaltools.gnu-tools-for-stm32.9-2020-q2-update.win32_1.5.0.202011040924/tools/bin/../lib/gcc/arm-none-eabi/9.3.1/thumb/v7e-m+dp/hard\libgcc.a(_udivmoddi4.o)
                0x0000000008000310                __udivmoddi4
 .text          0x00000000080005d4        0x4 d:/stm32cubeide_1.6.1/stm32cubeide/plugins/com.st.stm32cube.ide.mcu.externaltools.gnu-tools-for-stm32.9-2020-q2-update.win32_1.5.0.202011040924/tools/bin/../lib/gcc/arm-none-eabi/9.3.1/thumb/v7e-m+dp/hard\libgcc.a(_dvmd_tls.o)
                0x00000000080005d4                __aeabi_idiv0
                0x00000000080005d4                __aeabi_ldiv0
 *(.text*)
 .text.HAL_Init
                0x00000000080005d8       0x78 Drivers/STM32H7xx_HAL_Driver/Src/stm32h7xx_hal.o
                0x00000000080005d8                HAL_Init
 .text.HAL_IncTick
                0x0000000008000650       0x28 Drivers/STM32H7xx_HAL_Driver/Src/stm32h7xx_hal.o
                0x0000000008000650                HAL_IncTick
 .text.HAL_GetTick
                0x0000000008000678       0x18 Drivers/STM32H7xx_HAL_Driver/Src/stm32h7xx_hal.o
                0x0000000008000678                HAL_GetTick
 .text.HAL_GetREVID
                0x0000000008000690       0x18 Drivers/STM32H7xx_HAL_Driver/Src/stm32h7xx_hal.o
                0x0000000008000690                HAL_GetREVID
 .text.__NVIC_SetPriorityGrouping
                0x00000000080006a8       0x48 Drivers/STM32H7xx_HAL_Driver/Src/stm32h7xx_hal_cortex.o
 .text.__NVIC_GetPriorityGrouping
                0x00000000080006f0       0x1c Drivers/STM32H7xx_HAL_Driver/Src/stm32h7xx_hal_cortex.o
 .text.__NVIC_EnableIRQ
                0x000000000800070c       0x3c Drivers/STM32H7xx_HAL_Driver/Src/stm32h7xx_hal_cortex.o
 .text.__NVIC_SetPriority
                0x0000000008000748       0x54 Drivers/STM32H7xx_HAL_Driver/Src/stm32h7xx_hal_cortex.o
 .text.NVIC_EncodePriority
                0x000000000800079c       0x66 Drivers/STM32H7xx_HAL_Driver/Src/stm32h7xx_hal_cortex.o
 .text.HAL_NVIC_SetPriorityGrouping
                0x0000000008000802       0x16 Drivers/STM32H7xx_HAL_Driver/Src/stm32h7xx_hal_cortex.o
                0x0000000008000802                HAL_NVIC_SetPriorityGrouping
 .text.HAL_NVIC_SetPriority
                0x0000000008000818       0x34 Drivers/STM32H7xx_HAL_Driver/Src/stm32h7xx_hal_cortex.o
                0x0000000008000818                HAL_NVIC_SetPriority
 .text.HAL_NVIC_EnableIRQ
                0x000000000800084c       0x1c Drivers/STM32H7xx_HAL_Driver/Src/stm32h7xx_hal_cortex.o
                0x000000000800084c                HAL_NVIC_EnableIRQ
 .text.HAL_DMA_Init
                0x0000000008000868      0x6b8 Drivers/STM32H7xx_HAL_Driver/Src/stm32h7xx_hal_dma.o
                0x0000000008000868                HAL_DMA_Init
 .text.HAL_DMA_Start_IT
                0x0000000008000f20      0x4d4 Drivers/STM32H7xx_HAL_Driver/Src/stm32h7xx_hal_dma.o
                0x0000000008000f20                HAL_DMA_Start_IT
 .text.HAL_DMA_Abort
                0x00000000080013f4      0x63c Drivers/STM32H7xx_HAL_Driver/Src/stm32h7xx_hal_dma.o
                0x00000000080013f4                HAL_DMA_Abort
 .text.HAL_DMA_Abort_IT
                0x0000000008001a30      0x488 Drivers/STM32H7xx_HAL_Driver/Src/stm32h7xx_hal_dma.o
                0x0000000008001a30                HAL_DMA_Abort_IT
 .text.HAL_DMA_IRQHandler
                0x0000000008001eb8      0xe54 Drivers/STM32H7xx_HAL_Driver/Src/stm32h7xx_hal_dma.o
                0x0000000008001eb8                HAL_DMA_IRQHandler
 .text.HAL_DMA_GetState
                0x0000000008002d0c       0x1c Drivers/STM32H7xx_HAL_Driver/Src/stm32h7xx_hal_dma.o
                0x0000000008002d0c                HAL_DMA_GetState
 .text.HAL_DMA_GetError
                0x0000000008002d28       0x18 Drivers/STM32H7xx_HAL_Driver/Src/stm32h7xx_hal_dma.o
                0x0000000008002d28                HAL_DMA_GetError
 .text.DMA_SetConfig
                0x0000000008002d40      0x358 Drivers/STM32H7xx_HAL_Driver/Src/stm32h7xx_hal_dma.o
 .text.DMA_CalcBaseAndBitshift
                0x0000000008003098      0x164 Drivers/STM32H7xx_HAL_Driver/Src/stm32h7xx_hal_dma.o
 .text.DMA_CheckFifoParam
                0x00000000080031fc       0xf8 Drivers/STM32H7xx_HAL_Driver/Src/stm32h7xx_hal_dma.o
 .text.DMA_CalcDMAMUXChannelBaseAndMask
                0x00000000080032f4      0x134 Drivers/STM32H7xx_HAL_Driver/Src/stm32h7xx_hal_dma.o
 .text.DMA_CalcDMAMUXRequestGenBaseAndMask
                0x0000000008003428       0xe8 Drivers/STM32H7xx_HAL_Driver/Src/stm32h7xx_hal_dma.o
 .text.HAL_GPIO_Init
                0x0000000008003510      0x360 Drivers/STM32H7xx_HAL_Driver/Src/stm32h7xx_hal_gpio.o
                0x0000000008003510                HAL_GPIO_Init
 .text.HAL_GPIO_ReadPin
                0x0000000008003870       0x30 Drivers/STM32H7xx_HAL_Driver/Src/stm32h7xx_hal_gpio.o
                0x0000000008003870                HAL_GPIO_ReadPin
 .text.HAL_GPIO_WritePin
                0x00000000080038a0       0x32 Drivers/STM32H7xx_HAL_Driver/Src/stm32h7xx_hal_gpio.o
                0x00000000080038a0                HAL_GPIO_WritePin
 .text.HAL_GPIO_TogglePin
                0x00000000080038d2       0x34 Drivers/STM32H7xx_HAL_Driver/Src/stm32h7xx_hal_gpio.o
                0x00000000080038d2                HAL_GPIO_TogglePin
 *fill*         0x0000000008003906        0x2 
 .text.HAL_PWREx_ConfigSupply
                0x0000000008003908       0x74 Drivers/STM32H7xx_HAL_Driver/Src/stm32h7xx_hal_pwr_ex.o
                0x0000000008003908                HAL_PWREx_ConfigSupply
 .text.HAL_RCC_OscConfig
                0x000000000800397c      0x858 Drivers/STM32H7xx_HAL_Driver/Src/stm32h7xx_hal_rcc.o
                0x000000000800397c                HAL_RCC_OscConfig
 .text.HAL_RCC_ClockConfig
                0x00000000080041d4      0x36c Drivers/STM32H7xx_HAL_Driver/Src/stm32h7xx_hal_rcc.o
                0x00000000080041d4                HAL_RCC_ClockConfig
 .text.HAL_RCC_GetSysClockFreq
                0x0000000008004540      0x2f4 Drivers/STM32H7xx_HAL_Driver/Src/stm32h7xx_hal_rcc.o
                0x0000000008004540                HAL_RCC_GetSysClockFreq
 .text.HAL_RCC_GetHCLKFreq
                0x0000000008004834       0x60 Drivers/STM32H7xx_HAL_Driver/Src/stm32h7xx_hal_rcc.o
                0x0000000008004834                HAL_RCC_GetHCLKFreq
 .text.HAL_RCC_GetPCLK1Freq
                0x0000000008004894       0x2c Drivers/STM32H7xx_HAL_Driver/Src/stm32h7xx_hal_rcc.o
                0x0000000008004894                HAL_RCC_GetPCLK1Freq
 .text.HAL_RCC_GetPCLK2Freq
                0x00000000080048c0       0x2c Drivers/STM32H7xx_HAL_Driver/Src/stm32h7xx_hal_rcc.o
                0x00000000080048c0                HAL_RCC_GetPCLK2Freq
 .text.HAL_RCC_GetClockConfig
                0x00000000080048ec       0x84 Drivers/STM32H7xx_HAL_Driver/Src/stm32h7xx_hal_rcc.o
                0x00000000080048ec                HAL_RCC_GetClockConfig
 .text.HAL_RCCEx_PeriphCLKConfig
                0x0000000008004970      0xe80 Drivers/STM32H7xx_HAL_Driver/Src/stm32h7xx_hal_rcc_ex.o
                0x0000000008004970                HAL_RCCEx_PeriphCLKConfig
 .text.HAL_RCCEx_GetD3PCLK1Freq
                0x00000000080057f0       0x2c Drivers/STM32H7xx_HAL_Driver/Src/stm32h7xx_hal_rcc_ex.o
                0x00000000080057f0                HAL_RCCEx_GetD3PCLK1Freq
 .text.HAL_RCCEx_GetPLL2ClockFreq
                0x000000000800581c      0x2a8 Drivers/STM32H7xx_HAL_Driver/Src/stm32h7xx_hal_rcc_ex.o
                0x000000000800581c                HAL_RCCEx_GetPLL2ClockFreq
 .text.HAL_RCCEx_GetPLL3ClockFreq
                0x0000000008005ac4      0x2a8 Drivers/STM32H7xx_HAL_Driver/Src/stm32h7xx_hal_rcc_ex.o
                0x0000000008005ac4                HAL_RCCEx_GetPLL3ClockFreq
 .text.RCCEx_PLL2_Config
                0x0000000008005d6c      0x164 Drivers/STM32H7xx_HAL_Driver/Src/stm32h7xx_hal_rcc_ex.o
 .text.RCCEx_PLL3_Config
                0x0000000008005ed0      0x164 Drivers/STM32H7xx_HAL_Driver/Src/stm32h7xx_hal_rcc_ex.o
 .text.HAL_TIM_Base_Init
                0x0000000008006034       0xae Drivers/STM32H7xx_HAL_Driver/Src/stm32h7xx_hal_tim.o
                0x0000000008006034                HAL_TIM_Base_Init
 *fill*         0x00000000080060e2        0x2 
 .text.HAL_TIM_Base_Start_IT
                0x00000000080060e4       0xf0 Drivers/STM32H7xx_HAL_Driver/Src/stm32h7xx_hal_tim.o
                0x00000000080060e4                HAL_TIM_Base_Start_IT
 .text.HAL_TIM_PWM_Init
                0x00000000080061d4       0xae Drivers/STM32H7xx_HAL_Driver/Src/stm32h7xx_hal_tim.o
                0x00000000080061d4                HAL_TIM_PWM_Init
 .text.HAL_TIM_PWM_MspInit
                0x0000000008006282       0x14 Drivers/STM32H7xx_HAL_Driver/Src/stm32h7xx_hal_tim.o
                0x0000000008006282                HAL_TIM_PWM_MspInit
 *fill*         0x0000000008006296        0x2 
 .text.HAL_TIM_PWM_Start
                0x0000000008006298      0x21c Drivers/STM32H7xx_HAL_Driver/Src/stm32h7xx_hal_tim.o
                0x0000000008006298                HAL_TIM_PWM_Start
 .text.HAL_TIM_IRQHandler
                0x00000000080064b4      0x23e Drivers/STM32H7xx_HAL_Driver/Src/stm32h7xx_hal_tim.o
                0x00000000080064b4                HAL_TIM_IRQHandler
 *fill*         0x00000000080066f2        0x2 
 .text.HAL_TIM_PWM_ConfigChannel
                0x00000000080066f4      0x228 Drivers/STM32H7xx_HAL_Driver/Src/stm32h7xx_hal_tim.o
                0x00000000080066f4                HAL_TIM_PWM_ConfigChannel
 .text.HAL_TIM_ConfigClockSource
                0x000000000800691c      0x1f0 Drivers/STM32H7xx_HAL_Driver/Src/stm32h7xx_hal_tim.o
                0x000000000800691c                HAL_TIM_ConfigClockSource
 .text.HAL_TIM_OC_DelayElapsedCallback
                0x0000000008006b0c       0x14 Drivers/STM32H7xx_HAL_Driver/Src/stm32h7xx_hal_tim.o
                0x0000000008006b0c                HAL_TIM_OC_DelayElapsedCallback
 .text.HAL_TIM_IC_CaptureCallback
                0x0000000008006b20       0x14 Drivers/STM32H7xx_HAL_Driver/Src/stm32h7xx_hal_tim.o
                0x0000000008006b20                HAL_TIM_IC_CaptureCallback
 .text.HAL_TIM_PWM_PulseFinishedCallback
                0x0000000008006b34       0x14 Drivers/STM32H7xx_HAL_Driver/Src/stm32h7xx_hal_tim.o
                0x0000000008006b34                HAL_TIM_PWM_PulseFinishedCallback
 .text.HAL_TIM_TriggerCallback
                0x0000000008006b48       0x14 Drivers/STM32H7xx_HAL_Driver/Src/stm32h7xx_hal_tim.o
                0x0000000008006b48                HAL_TIM_TriggerCallback
 .text.TIM_Base_SetConfig
                0x0000000008006b5c      0x134 Drivers/STM32H7xx_HAL_Driver/Src/stm32h7xx_hal_tim.o
                0x0000000008006b5c                TIM_Base_SetConfig
 .text.TIM_OC1_SetConfig
                0x0000000008006c90      0x120 Drivers/STM32H7xx_HAL_Driver/Src/stm32h7xx_hal_tim.o
 .text.TIM_OC2_SetConfig
                0x0000000008006db0      0x114 Drivers/STM32H7xx_HAL_Driver/Src/stm32h7xx_hal_tim.o
                0x0000000008006db0                TIM_OC2_SetConfig
 .text.TIM_OC3_SetConfig
                0x0000000008006ec4      0x110 Drivers/STM32H7xx_HAL_Driver/Src/stm32h7xx_hal_tim.o
 .text.TIM_OC4_SetConfig
                0x0000000008006fd4       0xd4 Drivers/STM32H7xx_HAL_Driver/Src/stm32h7xx_hal_tim.o
 .text.TIM_OC5_SetConfig
                0x00000000080070a8       0xc8 Drivers/STM32H7xx_HAL_Driver/Src/stm32h7xx_hal_tim.o
 .text.TIM_OC6_SetConfig
                0x0000000008007170       0xcc Drivers/STM32H7xx_HAL_Driver/Src/stm32h7xx_hal_tim.o
 .text.TIM_TI1_ConfigInputStage
                0x000000000800723c       0x5e Drivers/STM32H7xx_HAL_Driver/Src/stm32h7xx_hal_tim.o
 .text.TIM_TI2_ConfigInputStage
                0x000000000800729a       0x60 Drivers/STM32H7xx_HAL_Driver/Src/stm32h7xx_hal_tim.o
 *fill*         0x00000000080072fa        0x2 
 .text.TIM_ITRx_SetConfig
                0x00000000080072fc       0x3c Drivers/STM32H7xx_HAL_Driver/Src/stm32h7xx_hal_tim.o
 .text.TIM_ETR_SetConfig
                0x0000000008007338       0x40 Drivers/STM32H7xx_HAL_Driver/Src/stm32h7xx_hal_tim.o
                0x0000000008007338                TIM_ETR_SetConfig
 .text.TIM_CCxChannelCmd
                0x0000000008007378       0x4a Drivers/STM32H7xx_HAL_Driver/Src/stm32h7xx_hal_tim.o
                0x0000000008007378                TIM_CCxChannelCmd
 *fill*         0x00000000080073c2        0x2 
 .text.HAL_TIMEx_MasterConfigSynchronization
                0x00000000080073c4      0x11c Drivers/STM32H7xx_HAL_Driver/Src/stm32h7xx_hal_tim_ex.o
                0x00000000080073c4                HAL_TIMEx_MasterConfigSynchronization
 .text.HAL_TIMEx_ConfigBreakDeadTime
                0x00000000080074e0       0xfc Drivers/STM32H7xx_HAL_Driver/Src/stm32h7xx_hal_tim_ex.o
                0x00000000080074e0                HAL_TIMEx_ConfigBreakDeadTime
 .text.HAL_TIMEx_CommutCallback
                0x00000000080075dc       0x14 Drivers/STM32H7xx_HAL_Driver/Src/stm32h7xx_hal_tim_ex.o
                0x00000000080075dc                HAL_TIMEx_CommutCallback
 .text.HAL_TIMEx_BreakCallback
                0x00000000080075f0       0x14 Drivers/STM32H7xx_HAL_Driver/Src/stm32h7xx_hal_tim_ex.o
                0x00000000080075f0                HAL_TIMEx_BreakCallback
 .text.HAL_TIMEx_Break2Callback
                0x0000000008007604       0x14 Drivers/STM32H7xx_HAL_Driver/Src/stm32h7xx_hal_tim_ex.o
                0x0000000008007604                HAL_TIMEx_Break2Callback
 .text.HAL_UART_Init
                0x0000000008007618       0xa0 Drivers/STM32H7xx_HAL_Driver/Src/stm32h7xx_hal_uart.o
                0x0000000008007618                HAL_UART_Init
 .text.HAL_UART_Transmit_DMA
                0x00000000080076b8      0x124 Drivers/STM32H7xx_HAL_Driver/Src/stm32h7xx_hal_uart.o
                0x00000000080076b8                HAL_UART_Transmit_DMA
 .text.HAL_UART_Receive_DMA
                0x00000000080077dc       0xac Drivers/STM32H7xx_HAL_Driver/Src/stm32h7xx_hal_uart.o
                0x00000000080077dc                HAL_UART_Receive_DMA
 .text.HAL_UART_DMAStop
                0x0000000008007888      0x126 Drivers/STM32H7xx_HAL_Driver/Src/stm32h7xx_hal_uart.o
                0x0000000008007888                HAL_UART_DMAStop
 *fill*         0x00000000080079ae        0x2 
 .text.HAL_UART_IRQHandler
                0x00000000080079b0      0x73c Drivers/STM32H7xx_HAL_Driver/Src/stm32h7xx_hal_uart.o
                0x00000000080079b0                HAL_UART_IRQHandler
 .text.HAL_UART_TxCpltCallback
                0x00000000080080ec       0x14 Drivers/STM32H7xx_HAL_Driver/Src/stm32h7xx_hal_uart.o
                0x00000000080080ec                HAL_UART_TxCpltCallback
 .text.HAL_UART_TxHalfCpltCallback
                0x0000000008008100       0x14 Drivers/STM32H7xx_HAL_Driver/Src/stm32h7xx_hal_uart.o
                0x0000000008008100                HAL_UART_TxHalfCpltCallback
 .text.HAL_UART_RxCpltCallback
                0x0000000008008114       0x14 Drivers/STM32H7xx_HAL_Driver/Src/stm32h7xx_hal_uart.o
                0x0000000008008114                HAL_UART_RxCpltCallback
 .text.HAL_UART_RxHalfCpltCallback
                0x0000000008008128       0x14 Drivers/STM32H7xx_HAL_Driver/Src/stm32h7xx_hal_uart.o
                0x0000000008008128                HAL_UART_RxHalfCpltCallback
 .text.HAL_UART_ErrorCallback
                0x000000000800813c       0x14 Drivers/STM32H7xx_HAL_Driver/Src/stm32h7xx_hal_uart.o
                0x000000000800813c                HAL_UART_ErrorCallback
 .text.HAL_UARTEx_RxEventCallback
                0x0000000008008150       0x18 Drivers/STM32H7xx_HAL_Driver/Src/stm32h7xx_hal_uart.o
                0x0000000008008150                HAL_UARTEx_RxEventCallback
 .text.HAL_UART_GetState
                0x0000000008008168       0x2a Drivers/STM32H7xx_HAL_Driver/Src/stm32h7xx_hal_uart.o
                0x0000000008008168                HAL_UART_GetState
 *fill*         0x0000000008008192        0x2 
 .text.UART_SetConfig
                0x0000000008008194      0xac0 Drivers/STM32H7xx_HAL_Driver/Src/stm32h7xx_hal_uart.o
                0x0000000008008194                UART_SetConfig
 .text.UART_AdvFeatureConfig
                0x0000000008008c54      0x144 Drivers/STM32H7xx_HAL_Driver/Src/stm32h7xx_hal_uart.o
                0x0000000008008c54                UART_AdvFeatureConfig
 .text.UART_CheckIdleState
                0x0000000008008d98       0x96 Drivers/STM32H7xx_HAL_Driver/Src/stm32h7xx_hal_uart.o
                0x0000000008008d98                UART_CheckIdleState
 .text.UART_WaitOnFlagUntilTimeout
                0x0000000008008e2e      0x190 Drivers/STM32H7xx_HAL_Driver/Src/stm32h7xx_hal_uart.o
                0x0000000008008e2e                UART_WaitOnFlagUntilTimeout
 *fill*         0x0000000008008fbe        0x2 
 .text.UART_Start_Receive_DMA
                0x0000000008008fc0      0x150 Drivers/STM32H7xx_HAL_Driver/Src/stm32h7xx_hal_uart.o
                0x0000000008008fc0                UART_Start_Receive_DMA
 .text.UART_EndTxTransfer
                0x0000000008009110       0x82 Drivers/STM32H7xx_HAL_Driver/Src/stm32h7xx_hal_uart.o
 *fill*         0x0000000008009192        0x2 
 .text.UART_EndRxTransfer
                0x0000000008009194       0xcc Drivers/STM32H7xx_HAL_Driver/Src/stm32h7xx_hal_uart.o
 .text.UART_DMATransmitCplt
                0x0000000008009260       0x96 Drivers/STM32H7xx_HAL_Driver/Src/stm32h7xx_hal_uart.o
 .text.UART_DMATxHalfCplt
                0x00000000080092f6       0x1c Drivers/STM32H7xx_HAL_Driver/Src/stm32h7xx_hal_uart.o
 .text.UART_DMAReceiveCplt
                0x0000000008009312      0x122 Drivers/STM32H7xx_HAL_Driver/Src/stm32h7xx_hal_uart.o
 .text.UART_DMARxHalfCplt
                0x0000000008009434       0x38 Drivers/STM32H7xx_HAL_Driver/Src/stm32h7xx_hal_uart.o
 .text.UART_DMAError
                0x000000000800946c       0x80 Drivers/STM32H7xx_HAL_Driver/Src/stm32h7xx_hal_uart.o
 .text.UART_DMAAbortOnError
                0x00000000080094ec       0x2c Drivers/STM32H7xx_HAL_Driver/Src/stm32h7xx_hal_uart.o
 .text.UART_EndTransmit_IT
                0x0000000008009518       0x56 Drivers/STM32H7xx_HAL_Driver/Src/stm32h7xx_hal_uart.o
 .text.HAL_UARTEx_WakeupCallback
                0x000000000800956e       0x14 Drivers/STM32H7xx_HAL_Driver/Src/stm32h7xx_hal_uart_ex.o
                0x000000000800956e                HAL_UARTEx_WakeupCallback
 .text.HAL_UARTEx_RxFifoFullCallback
                0x0000000008009582       0x14 Drivers/STM32H7xx_HAL_Driver/Src/stm32h7xx_hal_uart_ex.o
                0x0000000008009582                HAL_UARTEx_RxFifoFullCallback
 .text.HAL_UARTEx_TxFifoEmptyCallback
                0x0000000008009596       0x14 Drivers/STM32H7xx_HAL_Driver/Src/stm32h7xx_hal_uart_ex.o
                0x0000000008009596                HAL_UARTEx_TxFifoEmptyCallback
 .text.HAL_UARTEx_DisableFifoMode
                0x00000000080095aa       0x72 Drivers/STM32H7xx_HAL_Driver/Src/stm32h7xx_hal_uart_ex.o
                0x00000000080095aa                HAL_UARTEx_DisableFifoMode
 .text.HAL_UARTEx_SetTxFifoThreshold
                0x000000000800961c       0x7c Drivers/STM32H7xx_HAL_Driver/Src/stm32h7xx_hal_uart_ex.o
                0x000000000800961c                HAL_UARTEx_SetTxFifoThreshold
 .text.HAL_UARTEx_SetRxFifoThreshold
                0x0000000008009698       0x7c Drivers/STM32H7xx_HAL_Driver/Src/stm32h7xx_hal_uart_ex.o
                0x0000000008009698                HAL_UARTEx_SetRxFifoThreshold
 .text.UARTEx_SetNbDataToProcess
                0x0000000008009714       0x9c Drivers/STM32H7xx_HAL_Driver/Src/stm32h7xx_hal_uart_ex.o
 .text.MoveControl
                0x00000000080097b0      0x22c LibROV3/BasicCtrl.o
                0x00000000080097b0                MoveControl
 .text.ControlDataAnalysis
                0x00000000080099dc       0x80 LibROV3/BasicCtrl.o
                0x00000000080099dc                ControlDataAnalysis
 .text.CaptureReportData
                0x0000000008009a5c      0x222 LibROV3/BasicCtrl.o
                0x0000000008009a5c                CaptureReportData
 .text.CaptureControlData
                0x0000000008009c7e      0x268 LibROV3/BasicCtrl.o
                0x0000000008009c7e                CaptureControlData
 .text.InitGY39
                0x0000000008009ee6       0x2a LibROV3/Sensor.o
                0x0000000008009ee6                InitGY39
 .text.ReceiveGY39
                0x0000000008009f10       0x9e LibROV3/Sensor.o
                0x0000000008009f10                ReceiveGY39
 *fill*         0x0000000008009fae        0x2 
 .text.ReceiveWT931
                0x0000000008009fb0      0x268 LibROV3/Sensor.o
                0x0000000008009fb0                ReceiveWT931
 .text.makeFreeRtosPriority
                0x000000000800a218       0x30 Middlewares/Third_Party/FreeRTOS/Source/CMSIS_RTOS/cmsis_os.o
 .text.osKernelStart
                0x000000000800a248        0xe Middlewares/Third_Party/FreeRTOS/Source/CMSIS_RTOS/cmsis_os.o
                0x000000000800a248                osKernelStart
 .text.osThreadCreate
                0x000000000800a256       0x98 Middlewares/Third_Party/FreeRTOS/Source/CMSIS_RTOS/cmsis_os.o
                0x000000000800a256                osThreadCreate
 .text.osDelay  0x000000000800a2ee       0x28 Middlewares/Third_Party/FreeRTOS/Source/CMSIS_RTOS/cmsis_os.o
                0x000000000800a2ee                osDelay
 .text.osMutexCreate
                0x000000000800a316       0x30 Middlewares/Third_Party/FreeRTOS/Source/CMSIS_RTOS/cmsis_os.o
                0x000000000800a316                osMutexCreate
 .text.osSemaphoreCreate
                0x000000000800a346       0x64 Middlewares/Third_Party/FreeRTOS/Source/CMSIS_RTOS/cmsis_os.o
                0x000000000800a346                osSemaphoreCreate
 .text.osMessageCreate
                0x000000000800a3aa       0x50 Middlewares/Third_Party/FreeRTOS/Source/CMSIS_RTOS/cmsis_os.o
                0x000000000800a3aa                osMessageCreate
 .text.vListInitialise
                0x000000000800a3fa       0x40 Middlewares/Third_Party/FreeRTOS/Source/list.o
                0x000000000800a3fa                vListInitialise
 .text.vListInitialiseItem
                0x000000000800a43a       0x1a Middlewares/Third_Party/FreeRTOS/Source/list.o
                0x000000000800a43a                vListInitialiseItem
 .text.vListInsertEnd
                0x000000000800a454       0x48 Middlewares/Third_Party/FreeRTOS/Source/list.o
                0x000000000800a454                vListInsertEnd
 .text.vListInsert
                0x000000000800a49c       0x72 Middlewares/Third_Party/FreeRTOS/Source/list.o
                0x000000000800a49c                vListInsert
 .text.uxListRemove
                0x000000000800a50e       0x54 Middlewares/Third_Party/FreeRTOS/Source/list.o
                0x000000000800a50e                uxListRemove
 *fill*         0x000000000800a562        0x2 
 .text.xQueueGenericReset
                0x000000000800a564       0xd0 Middlewares/Third_Party/FreeRTOS/Source/queue.o
                0x000000000800a564                xQueueGenericReset
 .text.xQueueGenericCreateStatic
                0x000000000800a634       0xf0 Middlewares/Third_Party/FreeRTOS/Source/queue.o
                0x000000000800a634                xQueueGenericCreateStatic
 .text.xQueueGenericCreate
                0x000000000800a724       0x74 Middlewares/Third_Party/FreeRTOS/Source/queue.o
                0x000000000800a724                xQueueGenericCreate
 .text.prvInitialiseNewQueue
                0x000000000800a798       0x3e Middlewares/Third_Party/FreeRTOS/Source/queue.o
 .text.prvInitialiseMutex
                0x000000000800a7d6       0x34 Middlewares/Third_Party/FreeRTOS/Source/queue.o
 .text.xQueueCreateMutex
                0x000000000800a80a       0x30 Middlewares/Third_Party/FreeRTOS/Source/queue.o
                0x000000000800a80a                xQueueCreateMutex
 .text.xQueueCreateMutexStatic
                0x000000000800a83a       0x36 Middlewares/Third_Party/FreeRTOS/Source/queue.o
                0x000000000800a83a                xQueueCreateMutexStatic
 .text.xQueueGenericSend
                0x000000000800a870      0x1fc Middlewares/Third_Party/FreeRTOS/Source/queue.o
                0x000000000800a870                xQueueGenericSend
 .text.xQueueGiveFromISR
                0x000000000800aa6c      0x11a Middlewares/Third_Party/FreeRTOS/Source/queue.o
                0x000000000800aa6c                xQueueGiveFromISR
 *fill*         0x000000000800ab86        0x2 
 .text.xQueueReceive
                0x000000000800ab88      0x1c0 Middlewares/Third_Party/FreeRTOS/Source/queue.o
                0x000000000800ab88                xQueueReceive
 .text.xQueueSemaphoreTake
                0x000000000800ad48      0x218 Middlewares/Third_Party/FreeRTOS/Source/queue.o
                0x000000000800ad48                xQueueSemaphoreTake
 .text.prvGetDisinheritPriorityAfterTimeout
                0x000000000800af60       0x30 Middlewares/Third_Party/FreeRTOS/Source/queue.o
 .text.prvCopyDataToQueue
                0x000000000800af90       0xd4 Middlewares/Third_Party/FreeRTOS/Source/queue.o
 .text.prvCopyDataFromQueue
                0x000000000800b064       0x4c Middlewares/Third_Party/FreeRTOS/Source/queue.o
 .text.prvUnlockQueue
                0x000000000800b0b0       0xa4 Middlewares/Third_Party/FreeRTOS/Source/queue.o
 .text.prvIsQueueEmpty
                0x000000000800b154       0x2c Middlewares/Third_Party/FreeRTOS/Source/queue.o
 .text.prvIsQueueFull
                0x000000000800b180       0x30 Middlewares/Third_Party/FreeRTOS/Source/queue.o
 .text.xTaskCreateStatic
                0x000000000800b1b0       0xba Middlewares/Third_Party/FreeRTOS/Source/tasks.o
                0x000000000800b1b0                xTaskCreateStatic
 .text.xTaskCreate
                0x000000000800b26a       0x8a Middlewares/Third_Party/FreeRTOS/Source/tasks.o
                0x000000000800b26a                xTaskCreate
 .text.prvInitialiseNewTask
                0x000000000800b2f4      0x10e Middlewares/Third_Party/FreeRTOS/Source/tasks.o
 *fill*         0x000000000800b402        0x2 
 .text.prvAddNewTaskToReadyList
                0x000000000800b404       0xd4 Middlewares/Third_Party/FreeRTOS/Source/tasks.o
 .text.vTaskDelay
                0x000000000800b4d8       0x68 Middlewares/Third_Party/FreeRTOS/Source/tasks.o
                0x000000000800b4d8                vTaskDelay
 .text.vTaskStartScheduler
                0x000000000800b540       0xc0 Middlewares/Third_Party/FreeRTOS/Source/tasks.o
                0x000000000800b540                vTaskStartScheduler
 .text.vTaskSuspendAll
                0x000000000800b600       0x1c Middlewares/Third_Party/FreeRTOS/Source/tasks.o
                0x000000000800b600                vTaskSuspendAll
 .text.xTaskResumeAll
                0x000000000800b61c      0x138 Middlewares/Third_Party/FreeRTOS/Source/tasks.o
                0x000000000800b61c                xTaskResumeAll
 .text.xTaskIncrementTick
                0x000000000800b754      0x170 Middlewares/Third_Party/FreeRTOS/Source/tasks.o
                0x000000000800b754                xTaskIncrementTick
 .text.vTaskSwitchContext
                0x000000000800b8c4       0xb8 Middlewares/Third_Party/FreeRTOS/Source/tasks.o
                0x000000000800b8c4                vTaskSwitchContext
 .text.vTaskPlaceOnEventList
                0x000000000800b97c       0x48 Middlewares/Third_Party/FreeRTOS/Source/tasks.o
                0x000000000800b97c                vTaskPlaceOnEventList
 .text.xTaskRemoveFromEventList
                0x000000000800b9c4       0xc4 Middlewares/Third_Party/FreeRTOS/Source/tasks.o
                0x000000000800b9c4                xTaskRemoveFromEventList
 .text.vTaskInternalSetTimeOutState
                0x000000000800ba88       0x2c Middlewares/Third_Party/FreeRTOS/Source/tasks.o
                0x000000000800ba88                vTaskInternalSetTimeOutState
 .text.xTaskCheckForTimeOut
                0x000000000800bab4       0xc4 Middlewares/Third_Party/FreeRTOS/Source/tasks.o
                0x000000000800bab4                xTaskCheckForTimeOut
 .text.vTaskMissedYield
                0x000000000800bb78       0x18 Middlewares/Third_Party/FreeRTOS/Source/tasks.o
                0x000000000800bb78                vTaskMissedYield
 .text.prvIdleTask
                0x000000000800bb90       0x30 Middlewares/Third_Party/FreeRTOS/Source/tasks.o
 .text.prvInitialiseTaskLists
                0x000000000800bbc0       0x80 Middlewares/Third_Party/FreeRTOS/Source/tasks.o
 .text.prvCheckTasksWaitingTermination
                0x000000000800bc40       0x5c Middlewares/Third_Party/FreeRTOS/Source/tasks.o
 .text.prvDeleteTCB
                0x000000000800bc9c       0x5e Middlewares/Third_Party/FreeRTOS/Source/tasks.o
 *fill*         0x000000000800bcfa        0x2 
 .text.prvResetNextTaskUnblockTime
                0x000000000800bcfc       0x40 Middlewares/Third_Party/FreeRTOS/Source/tasks.o
 .text.xTaskGetSchedulerState
                0x000000000800bd3c       0x3c Middlewares/Third_Party/FreeRTOS/Source/tasks.o
                0x000000000800bd3c                xTaskGetSchedulerState
 .text.xTaskPriorityInherit
                0x000000000800bd78       0xec Middlewares/Third_Party/FreeRTOS/Source/tasks.o
                0x000000000800bd78                xTaskPriorityInherit
 .text.xTaskPriorityDisinherit
                0x000000000800be64      0x10c Middlewares/Third_Party/FreeRTOS/Source/tasks.o
                0x000000000800be64                xTaskPriorityDisinherit
 .text.vTaskPriorityDisinheritAfterTimeout
                0x000000000800bf70      0x11c Middlewares/Third_Party/FreeRTOS/Source/tasks.o
                0x000000000800bf70                vTaskPriorityDisinheritAfterTimeout
 .text.pvTaskIncrementMutexHeldCount
                0x000000000800c08c       0x28 Middlewares/Third_Party/FreeRTOS/Source/tasks.o
                0x000000000800c08c                pvTaskIncrementMutexHeldCount
 .text.prvAddCurrentTaskToDelayedList
                0x000000000800c0b4       0xcc Middlewares/Third_Party/FreeRTOS/Source/tasks.o
 .text.pxPortInitialiseStack
                0x000000000800c180       0x68 Middlewares/Third_Party/FreeRTOS/Source/portable/GCC/ARM_CM4F/port.o
                0x000000000800c180                pxPortInitialiseStack
 .text.prvTaskExitError
                0x000000000800c1e8       0x58 Middlewares/Third_Party/FreeRTOS/Source/portable/GCC/ARM_CM4F/port.o
 .text.SVC_Handler
                0x000000000800c240       0x28 Middlewares/Third_Party/FreeRTOS/Source/portable/GCC/ARM_CM4F/port.o
                0x000000000800c240                SVC_Handler
 .text.prvPortStartFirstTask
                0x000000000800c268       0x28 Middlewares/Third_Party/FreeRTOS/Source/portable/GCC/ARM_CM4F/port.o
 .text.xPortStartScheduler
                0x000000000800c290      0x144 Middlewares/Third_Party/FreeRTOS/Source/portable/GCC/ARM_CM4F/port.o
                0x000000000800c290                xPortStartScheduler
 .text.vPortEnterCritical
                0x000000000800c3d4       0x60 Middlewares/Third_Party/FreeRTOS/Source/portable/GCC/ARM_CM4F/port.o
                0x000000000800c3d4                vPortEnterCritical
 .text.vPortExitCritical
                0x000000000800c434       0x54 Middlewares/Third_Party/FreeRTOS/Source/portable/GCC/ARM_CM4F/port.o
                0x000000000800c434                vPortExitCritical
 *fill*         0x000000000800c488        0x8 
 .text.PendSV_Handler
                0x000000000800c490       0x68 Middlewares/Third_Party/FreeRTOS/Source/portable/GCC/ARM_CM4F/port.o
                0x000000000800c490                PendSV_Handler
 .text.SysTick_Handler
                0x000000000800c4f8       0x44 Middlewares/Third_Party/FreeRTOS/Source/portable/GCC/ARM_CM4F/port.o
                0x000000000800c4f8                SysTick_Handler
 .text.vPortSetupTimerInterrupt
                0x000000000800c53c       0x48 Middlewares/Third_Party/FreeRTOS/Source/portable/GCC/ARM_CM4F/port.o
                0x000000000800c53c                vPortSetupTimerInterrupt
 .text.vPortEnableVFP
                0x000000000800c584       0x14 Middlewares/Third_Party/FreeRTOS/Source/portable/GCC/ARM_CM4F/port.o
 .text.vPortValidateInterruptPriority
                0x000000000800c598       0x80 Middlewares/Third_Party/FreeRTOS/Source/portable/GCC/ARM_CM4F/port.o
                0x000000000800c598                vPortValidateInterruptPriority
 .text.pvPortMalloc
                0x000000000800c618      0x198 Middlewares/Third_Party/FreeRTOS/Source/portable/MemMang/heap_4.o
                0x000000000800c618                pvPortMalloc
 .text.vPortFree
                0x000000000800c7b0       0xc4 Middlewares/Third_Party/FreeRTOS/Source/portable/MemMang/heap_4.o
                0x000000000800c7b0                vPortFree
 .text.prvHeapInit
                0x000000000800c874       0xc4 Middlewares/Third_Party/FreeRTOS/Source/portable/MemMang/heap_4.o
 .text.prvInsertBlockIntoFreeList
                0x000000000800c938       0xb4 Middlewares/Third_Party/FreeRTOS/Source/portable/MemMang/heap_4.o
 .text.MX_DMA_Init
                0x000000000800c9ec       0x90 Src/dma.o
                0x000000000800c9ec                MX_DMA_Init
 .text.vApplicationGetIdleTaskMemory
                0x000000000800ca7c       0x34 Src/freertos.o
                0x000000000800ca7c                vApplicationGetIdleTaskMemory
 .text.MX_FREERTOS_Init
                0x000000000800cab0      0x228 Src/freertos.o
                0x000000000800cab0                MX_FREERTOS_Init
 .text.Thread_IdleEntry
                0x000000000800ccd8       0x12 Src/freertos.o
                0x000000000800ccd8                Thread_IdleEntry
 *fill*         0x000000000800ccea        0x2 
 .text.Thread_GY39Entry
                0x000000000800ccec       0xdc Src/freertos.o
                0x000000000800ccec                Thread_GY39Entry
 .text.Thread_WT931Entry
                0x000000000800cdc8       0xc0 Src/freertos.o
                0x000000000800cdc8                Thread_WT931Entry
 .text.Thread_ControlEntry
                0x000000000800ce88      0x418 Src/freertos.o
                0x000000000800ce88                Thread_ControlEntry
 .text.Thread_SensorEntry
                0x000000000800d2a0      0x140 Src/freertos.o
                0x000000000800d2a0                Thread_SensorEntry
 .text.Thread_RecvCmdEntry
                0x000000000800d3e0      0x15c Src/freertos.o
                0x000000000800d3e0                Thread_RecvCmdEntry
 .text.MX_GPIO_Init
                0x000000000800d53c      0x124 Src/gpio.o
                0x000000000800d53c                MX_GPIO_Init
 .text.main     0x000000000800d660      0x118 Src/main.o
                0x000000000800d660                main
 .text.SystemClock_Config
                0x000000000800d778       0xf4 Src/main.o
                0x000000000800d778                SystemClock_Config
 .text.HAL_TIM_PeriodElapsedCallback
                0x000000000800d86c       0x24 Src/main.o
                0x000000000800d86c                HAL_TIM_PeriodElapsedCallback
 .text.Error_Handler
                0x000000000800d890        0xa Src/main.o
                0x000000000800d890                Error_Handler
 *fill*         0x000000000800d89a        0x2 
 .text.HAL_MspInit
                0x000000000800d89c       0x3c Src/stm32h7xx_hal_msp.o
                0x000000000800d89c                HAL_MspInit
 .text.HAL_InitTick
                0x000000000800d8d8       0xd8 Src/stm32h7xx_hal_timebase_tim.o
                0x000000000800d8d8                HAL_InitTick
 .text.NMI_Handler
                0x000000000800d9b0        0x6 Src/stm32h7xx_it.o
                0x000000000800d9b0                NMI_Handler
 *fill*         0x000000000800d9b6        0x2 
 .text.HardFault_Handler
                0x000000000800d9b8       0x18 Src/stm32h7xx_it.o
                0x000000000800d9b8                HardFault_Handler
 .text.MemManage_Handler
                0x000000000800d9d0        0x6 Src/stm32h7xx_it.o
                0x000000000800d9d0                MemManage_Handler
 .text.BusFault_Handler
                0x000000000800d9d6        0x6 Src/stm32h7xx_it.o
                0x000000000800d9d6                BusFault_Handler
 .text.UsageFault_Handler
                0x000000000800d9dc        0x6 Src/stm32h7xx_it.o
                0x000000000800d9dc                UsageFault_Handler
 .text.DebugMon_Handler
                0x000000000800d9e2        0xe Src/stm32h7xx_it.o
                0x000000000800d9e2                DebugMon_Handler
 .text.DMA1_Stream0_IRQHandler
                0x000000000800d9f0       0x14 Src/stm32h7xx_it.o
                0x000000000800d9f0                DMA1_Stream0_IRQHandler
 .text.DMA1_Stream1_IRQHandler
                0x000000000800da04       0x14 Src/stm32h7xx_it.o
                0x000000000800da04                DMA1_Stream1_IRQHandler
 .text.DMA1_Stream2_IRQHandler
                0x000000000800da18       0x14 Src/stm32h7xx_it.o
                0x000000000800da18                DMA1_Stream2_IRQHandler
 .text.DMA1_Stream3_IRQHandler
                0x000000000800da2c       0x14 Src/stm32h7xx_it.o
                0x000000000800da2c                DMA1_Stream3_IRQHandler
 .text.DMA1_Stream4_IRQHandler
                0x000000000800da40       0x14 Src/stm32h7xx_it.o
                0x000000000800da40                DMA1_Stream4_IRQHandler
 .text.DMA1_Stream5_IRQHandler
                0x000000000800da54       0x14 Src/stm32h7xx_it.o
                0x000000000800da54                DMA1_Stream5_IRQHandler
 .text.USART2_IRQHandler
                0x000000000800da68      0x158 Src/stm32h7xx_it.o
                0x000000000800da68                USART2_IRQHandler
 .text.USART3_IRQHandler
                0x000000000800dbc0      0x158 Src/stm32h7xx_it.o
                0x000000000800dbc0                USART3_IRQHandler
 .text.UART5_IRQHandler
                0x000000000800dd18      0x158 Src/stm32h7xx_it.o
                0x000000000800dd18                UART5_IRQHandler
 .text.TIM6_DAC_IRQHandler
                0x000000000800de70       0x14 Src/stm32h7xx_it.o
                0x000000000800de70                TIM6_DAC_IRQHandler
 .text.SystemInit
                0x000000000800de84      0x110 Src/system_stm32h7xx.o
                0x000000000800de84                SystemInit
 .text.MX_TIM1_Init
                0x000000000800df94      0x18c Src/tim.o
                0x000000000800df94                MX_TIM1_Init
 .text.MX_TIM2_Init
                0x000000000800e120      0x11c Src/tim.o
                0x000000000800e120                MX_TIM2_Init
 .text.MX_TIM3_Init
                0x000000000800e23c      0x11c Src/tim.o
                0x000000000800e23c                MX_TIM3_Init
 .text.MX_TIM4_Init
                0x000000000800e358      0x11c Src/tim.o
                0x000000000800e358                MX_TIM4_Init
 .text.MX_TIM5_Init
                0x000000000800e474      0x108 Src/tim.o
                0x000000000800e474                MX_TIM5_Init
 .text.MX_TIM8_Init
                0x000000000800e57c      0x15c Src/tim.o
                0x000000000800e57c                MX_TIM8_Init
 .text.MX_TIM12_Init
                0x000000000800e6d8       0xc8 Src/tim.o
                0x000000000800e6d8                MX_TIM12_Init
 .text.MX_TIM15_Init
                0x000000000800e7a0      0x160 Src/tim.o
                0x000000000800e7a0                MX_TIM15_Init
 .text.HAL_TIM_Base_MspInit
                0x000000000800e900      0x184 Src/tim.o
                0x000000000800e900                HAL_TIM_Base_MspInit
 .text.HAL_TIM_MspPostInit
                0x000000000800ea84      0x330 Src/tim.o
                0x000000000800ea84                HAL_TIM_MspPostInit
 .text.MX_UART5_Init
                0x000000000800edb4       0x98 Src/usart.o
                0x000000000800edb4                MX_UART5_Init
 .text.MX_USART1_UART_Init
                0x000000000800ee4c       0x98 Src/usart.o
                0x000000000800ee4c                MX_USART1_UART_Init
 .text.MX_USART2_UART_Init
                0x000000000800eee4       0x98 Src/usart.o
                0x000000000800eee4                MX_USART2_UART_Init
 .text.MX_USART3_UART_Init
                0x000000000800ef7c       0x98 Src/usart.o
                0x000000000800ef7c                MX_USART3_UART_Init
 .text.HAL_UART_MspInit
                0x000000000800f014      0x51c Src/usart.o
                0x000000000800f014                HAL_UART_MspInit
 .text.Reset_Handler
                0x000000000800f530       0x50 Startup/startup_stm32h750vbtx.o
                0x000000000800f530                Reset_Handler
 .text.Default_Handler
                0x000000000800f580        0x2 Startup/startup_stm32h750vbtx.o
                0x000000000800f580                RTC_Alarm_IRQHandler
                0x000000000800f580                HASH_RNG_IRQHandler
                0x000000000800f580                EXTI2_IRQHandler
                0x000000000800f580                TIM8_CC_IRQHandler
                0x000000000800f580                HRTIM1_Master_IRQHandler
                0x000000000800f580                UART8_IRQHandler
                0x000000000800f580                SPI4_IRQHandler
                0x000000000800f580                TIM1_CC_IRQHandler
                0x000000000800f580                BDMA_Channel6_IRQHandler
                0x000000000800f580                DMA2_Stream5_IRQHandler
                0x000000000800f580                HRTIM1_FLT_IRQHandler
                0x000000000800f580                JPEG_IRQHandler
                0x000000000800f580                BDMA_Channel1_IRQHandler
                0x000000000800f580                HRTIM1_TIMD_IRQHandler
                0x000000000800f580                TAMP_STAMP_IRQHandler
                0x000000000800f580                EXTI3_IRQHandler
                0x000000000800f580                LPTIM4_IRQHandler
                0x000000000800f580                TIM8_TRG_COM_TIM14_IRQHandler
                0x000000000800f580                LPTIM2_IRQHandler
                0x000000000800f580                DFSDM1_FLT1_IRQHandler
                0x000000000800f580                DMAMUX2_OVR_IRQHandler
                0x000000000800f580                TIM8_UP_TIM13_IRQHandler
                0x000000000800f580                I2C3_ER_IRQHandler
                0x000000000800f580                DFSDM1_FLT2_IRQHandler
                0x000000000800f580                MDMA_IRQHandler
                0x000000000800f580                LPTIM3_IRQHandler
                0x000000000800f580                HSEM1_IRQHandler
                0x000000000800f580                EXTI0_IRQHandler
                0x000000000800f580                I2C2_EV_IRQHandler
                0x000000000800f580                FPU_IRQHandler
                0x000000000800f580                OTG_HS_WKUP_IRQHandler
                0x000000000800f580                FDCAN1_IT1_IRQHandler
                0x000000000800f580                LTDC_ER_IRQHandler
                0x000000000800f580                DMA2_Stream2_IRQHandler
                0x000000000800f580                HRTIM1_TIME_IRQHandler
                0x000000000800f580                SPI1_IRQHandler
                0x000000000800f580                DCMI_IRQHandler
                0x000000000800f580                HRTIM1_TIMC_IRQHandler
                0x000000000800f580                DMA2_Stream3_IRQHandler
                0x000000000800f580                SAI2_IRQHandler
                0x000000000800f580                DFSDM1_FLT3_IRQHandler
                0x000000000800f580                USART6_IRQHandler
                0x000000000800f580                TIM17_IRQHandler
                0x000000000800f580                BDMA_Channel7_IRQHandler
                0x000000000800f580                CRYP_IRQHandler
                0x000000000800f580                LPTIM5_IRQHandler
                0x000000000800f580                ADC3_IRQHandler
                0x000000000800f580                DMA2_Stream0_IRQHandler
                0x000000000800f580                TIM4_IRQHandler
                0x000000000800f580                BDMA_Channel2_IRQHandler
                0x000000000800f580                QUADSPI_IRQHandler
                0x000000000800f580                I2C1_EV_IRQHandler
                0x000000000800f580                DMA1_Stream6_IRQHandler
                0x000000000800f580                DMAMUX1_OVR_IRQHandler
                0x000000000800f580                TIM16_IRQHandler
                0x000000000800f580                UART4_IRQHandler
                0x000000000800f580                BDMA_Channel5_IRQHandler
                0x000000000800f580                TIM3_IRQHandler
                0x000000000800f580                RCC_IRQHandler
                0x000000000800f580                TIM8_BRK_TIM12_IRQHandler
                0x000000000800f580                TIM1_TRG_COM_IRQHandler
                0x000000000800f580                Default_Handler
                0x000000000800f580                ECC_IRQHandler
                0x000000000800f580                CEC_IRQHandler
                0x000000000800f580                EXTI15_10_IRQHandler
                0x000000000800f580                BDMA_Channel0_IRQHandler
                0x000000000800f580                ADC_IRQHandler
                0x000000000800f580                DMA1_Stream7_IRQHandler
                0x000000000800f580                HRTIM1_TIMA_IRQHandler
                0x000000000800f580                SPI5_IRQHandler
                0x000000000800f580                TIM7_IRQHandler
                0x000000000800f580                SDMMC1_IRQHandler
                0x000000000800f580                TIM5_IRQHandler
                0x000000000800f580                DMA2_Stream7_IRQHandler
                0x000000000800f580                TIM15_IRQHandler
                0x000000000800f580                PVD_AVD_IRQHandler
                0x000000000800f580                I2C3_EV_IRQHandler
                0x000000000800f580                EXTI9_5_IRQHandler
                0x000000000800f580                RTC_WKUP_IRQHandler
                0x000000000800f580                LTDC_IRQHandler
                0x000000000800f580                SAI3_IRQHandler
                0x000000000800f580                ETH_WKUP_IRQHandler
                0x000000000800f580                SPDIF_RX_IRQHandler
                0x000000000800f580                SPI2_IRQHandler
                0x000000000800f580                OTG_HS_EP1_IN_IRQHandler
                0x000000000800f580                CRS_IRQHandler
                0x000000000800f580                EXTI4_IRQHandler
                0x000000000800f580                HRTIM1_TIMB_IRQHandler
                0x000000000800f580                FDCAN2_IT1_IRQHandler
                0x000000000800f580                ETH_IRQHandler
                0x000000000800f580                TIM1_UP_IRQHandler
                0x000000000800f580                BDMA_Channel4_IRQHandler
                0x000000000800f580                OTG_HS_EP1_OUT_IRQHandler
                0x000000000800f580                WWDG_IRQHandler
                0x000000000800f580                SPI6_IRQHandler
                0x000000000800f580                MDIOS_IRQHandler
                0x000000000800f580                I2C4_EV_IRQHandler
                0x000000000800f580                FDCAN2_IT0_IRQHandler
                0x000000000800f580                LPUART1_IRQHandler
                0x000000000800f580                FDCAN1_IT0_IRQHandler
                0x000000000800f580                TIM2_IRQHandler
                0x000000000800f580                OTG_FS_WKUP_IRQHandler
                0x000000000800f580                OTG_HS_IRQHandler
                0x000000000800f580                DMA2D_IRQHandler
                0x000000000800f580                TIM1_BRK_IRQHandler
                0x000000000800f580                EXTI1_IRQHandler
                0x000000000800f580                SDMMC2_IRQHandler
                0x000000000800f580                OTG_FS_EP1_OUT_IRQHandler
                0x000000000800f580                BDMA_Channel3_IRQHandler
                0x000000000800f580                UART7_IRQHandler
                0x000000000800f580                MDIOS_WKUP_IRQHandler
                0x000000000800f580                DFSDM1_FLT0_IRQHandler
                0x000000000800f580                SAI4_IRQHandler
                0x000000000800f580                I2C2_ER_IRQHandler
                0x000000000800f580                DMA2_Stream1_IRQHandler
                0x000000000800f580                FLASH_IRQHandler
                0x000000000800f580                DMA2_Stream4_IRQHandler
                0x000000000800f580                USART1_IRQHandler
                0x000000000800f580                OTG_FS_IRQHandler
                0x000000000800f580                SPI3_IRQHandler
                0x000000000800f580                WAKEUP_PIN_IRQHandler
                0x000000000800f580                OTG_FS_EP1_IN_IRQHandler
                0x000000000800f580                I2C1_ER_IRQHandler
                0x000000000800f580                FMC_IRQHandler
                0x000000000800f580                FDCAN_CAL_IRQHandler
                0x000000000800f580                SWPMI1_IRQHandler
                0x000000000800f580                COMP1_IRQHandler
                0x000000000800f580                LPTIM1_IRQHandler
                0x000000000800f580                I2C4_ER_IRQHandler
                0x000000000800f580                DMA2_Stream6_IRQHandler
                0x000000000800f580                SAI1_IRQHandler
 *fill*         0x000000000800f582        0x2 
 .text.__libc_init_array
                0x000000000800f584       0x48 d:/stm32cubeide_1.6.1/stm32cubeide/plugins/com.st.stm32cube.ide.mcu.externaltools.gnu-tools-for-stm32.9-2020-q2-update.win32_1.5.0.202011040924/tools/bin/../lib/gcc/arm-none-eabi/9.3.1/../../../../arm-none-eabi/lib/thumb/v7e-m+dp/hard\libc_nano.a(lib_a-init.o)
                0x000000000800f584                __libc_init_array
 .text.memcpy   0x000000000800f5cc       0x1c d:/stm32cubeide_1.6.1/stm32cubeide/plugins/com.st.stm32cube.ide.mcu.externaltools.gnu-tools-for-stm32.9-2020-q2-update.win32_1.5.0.202011040924/tools/bin/../lib/gcc/arm-none-eabi/9.3.1/../../../../arm-none-eabi/lib/thumb/v7e-m+dp/hard\libc_nano.a(lib_a-memcpy-stub.o)
                0x000000000800f5cc                memcpy
 .text.memset   0x000000000800f5e8       0x10 d:/stm32cubeide_1.6.1/stm32cubeide/plugins/com.st.stm32cube.ide.mcu.externaltools.gnu-tools-for-stm32.9-2020-q2-update.win32_1.5.0.202011040924/tools/bin/../lib/gcc/arm-none-eabi/9.3.1/../../../../arm-none-eabi/lib/thumb/v7e-m+dp/hard\libc_nano.a(lib_a-memset.o)
                0x000000000800f5e8                memset
 *(.glue_7)
 .glue_7        0x000000000800f5f8        0x0 linker stubs
 *(.glue_7t)
 .glue_7t       0x000000000800f5f8        0x0 linker stubs
 *(.eh_frame)
 .eh_frame      0x000000000800f5f8        0x0 d:/stm32cubeide_1.6.1/stm32cubeide/plugins/com.st.stm32cube.ide.mcu.externaltools.gnu-tools-for-stm32.9-2020-q2-update.win32_1.5.0.202011040924/tools/bin/../lib/gcc/arm-none-eabi/9.3.1/thumb/v7e-m+dp/hard/crtbegin.o
 *(.init)
 .init          0x000000000800f5f8        0x4 d:/stm32cubeide_1.6.1/stm32cubeide/plugins/com.st.stm32cube.ide.mcu.externaltools.gnu-tools-for-stm32.9-2020-q2-update.win32_1.5.0.202011040924/tools/bin/../lib/gcc/arm-none-eabi/9.3.1/thumb/v7e-m+dp/hard/crti.o
                0x000000000800f5f8                _init
 .init          0x000000000800f5fc        0x8 d:/stm32cubeide_1.6.1/stm32cubeide/plugins/com.st.stm32cube.ide.mcu.externaltools.gnu-tools-for-stm32.9-2020-q2-update.win32_1.5.0.202011040924/tools/bin/../lib/gcc/arm-none-eabi/9.3.1/thumb/v7e-m+dp/hard/crtn.o
 *(.fini)
 .fini          0x000000000800f604        0x4 d:/stm32cubeide_1.6.1/stm32cubeide/plugins/com.st.stm32cube.ide.mcu.externaltools.gnu-tools-for-stm32.9-2020-q2-update.win32_1.5.0.202011040924/tools/bin/../lib/gcc/arm-none-eabi/9.3.1/thumb/v7e-m+dp/hard/crti.o
                0x000000000800f604                _fini
 .fini          0x000000000800f608        0x8 d:/stm32cubeide_1.6.1/stm32cubeide/plugins/com.st.stm32cube.ide.mcu.externaltools.gnu-tools-for-stm32.9-2020-q2-update.win32_1.5.0.202011040924/tools/bin/../lib/gcc/arm-none-eabi/9.3.1/thumb/v7e-m+dp/hard/crtn.o
                0x000000000800f610                . = ALIGN (0x4)
                0x000000000800f610                _etext = .

.vfp11_veneer   0x000000000800f610        0x0
 .vfp11_veneer  0x000000000800f610        0x0 linker stubs

.v4_bx          0x000000000800f610        0x0
 .v4_bx         0x000000000800f610        0x0 linker stubs

.iplt           0x000000000800f610        0x0
 .iplt          0x000000000800f610        0x0 d:/stm32cubeide_1.6.1/stm32cubeide/plugins/com.st.stm32cube.ide.mcu.externaltools.gnu-tools-for-stm32.9-2020-q2-update.win32_1.5.0.202011040924/tools/bin/../lib/gcc/arm-none-eabi/9.3.1/thumb/v7e-m+dp/hard/crtbegin.o

.rodata         0x000000000800f610      0x1b8
                0x000000000800f610                . = ALIGN (0x4)
 *(.rodata)
 .rodata        0x000000000800f610        0x5 Middlewares/Third_Party/FreeRTOS/Source/tasks.o
 *fill*         0x000000000800f615        0x3 
 .rodata        0x000000000800f618      0x170 Src/freertos.o
 *(.rodata*)
 .rodata.flagBitshiftOffset.11064
                0x000000000800f788        0x8 Drivers/STM32H7xx_HAL_Driver/Src/stm32h7xx_hal_dma.o
 .rodata.UARTPrescTable
                0x000000000800f790       0x18 Drivers/STM32H7xx_HAL_Driver/Src/stm32h7xx_hal_uart.o
                0x000000000800f790                UARTPrescTable
 .rodata.numerator.11031
                0x000000000800f7a8        0x8 Drivers/STM32H7xx_HAL_Driver/Src/stm32h7xx_hal_uart_ex.o
 .rodata.denominator.11032
                0x000000000800f7b0        0x8 Drivers/STM32H7xx_HAL_Driver/Src/stm32h7xx_hal_uart_ex.o
 .rodata.D1CorePrescTable
                0x000000000800f7b8       0x10 Src/system_stm32h7xx.o
                0x000000000800f7b8                D1CorePrescTable
                0x000000000800f7c8                . = ALIGN (0x4)

.ARM.extab
 *(.ARM.extab* .gnu.linkonce.armextab.*)

.ARM            0x000000000800f7c8        0x8
                0x000000000800f7c8                __exidx_start = .
 *(.ARM.exidx*)
 .ARM.exidx     0x000000000800f7c8        0x8 d:/stm32cubeide_1.6.1/stm32cubeide/plugins/com.st.stm32cube.ide.mcu.externaltools.gnu-tools-for-stm32.9-2020-q2-update.win32_1.5.0.202011040924/tools/bin/../lib/gcc/arm-none-eabi/9.3.1/thumb/v7e-m+dp/hard\libgcc.a(_udivmoddi4.o)
                0x000000000800f7d0                __exidx_end = .

.rel.dyn        0x000000000800f7d0        0x0
 .rel.iplt      0x000000000800f7d0        0x0 d:/stm32cubeide_1.6.1/stm32cubeide/plugins/com.st.stm32cube.ide.mcu.externaltools.gnu-tools-for-stm32.9-2020-q2-update.win32_1.5.0.202011040924/tools/bin/../lib/gcc/arm-none-eabi/9.3.1/thumb/v7e-m+dp/hard/crtbegin.o

.preinit_array  0x000000000800f7d0        0x0
                0x000000000800f7d0                PROVIDE (__preinit_array_start = .)
 *(.preinit_array*)
                0x000000000800f7d0                PROVIDE (__preinit_array_end = .)

.init_array     0x000000000800f7d0        0x4
                0x000000000800f7d0                PROVIDE (__init_array_start = .)
 *(SORT_BY_NAME(.init_array.*))
 *(.init_array*)
 .init_array    0x000000000800f7d0        0x4 d:/stm32cubeide_1.6.1/stm32cubeide/plugins/com.st.stm32cube.ide.mcu.externaltools.gnu-tools-for-stm32.9-2020-q2-update.win32_1.5.0.202011040924/tools/bin/../lib/gcc/arm-none-eabi/9.3.1/thumb/v7e-m+dp/hard/crtbegin.o
                0x000000000800f7d4                PROVIDE (__init_array_end = .)

.fini_array     0x000000000800f7d4        0x4
                [!provide]                        PROVIDE (__fini_array_start = .)
 *(SORT_BY_NAME(.fini_array.*))
 *(.fini_array*)
 .fini_array    0x000000000800f7d4        0x4 d:/stm32cubeide_1.6.1/stm32cubeide/plugins/com.st.stm32cube.ide.mcu.externaltools.gnu-tools-for-stm32.9-2020-q2-update.win32_1.5.0.202011040924/tools/bin/../lib/gcc/arm-none-eabi/9.3.1/thumb/v7e-m+dp/hard/crtbegin.o
                [!provide]                        PROVIDE (__fini_array_end = .)
                0x000000000800f7d8                _sidata = LOADADDR (.data)

.data           0x0000000024000000       0x14 load address 0x000000000800f7d8
                0x0000000024000000                . = ALIGN (0x4)
                0x0000000024000000                _sdata = .
 *(.data)
 *(.data*)
 .data.uwTickPrio
                0x0000000024000000        0x4 Drivers/STM32H7xx_HAL_Driver/Src/stm32h7xx_hal.o
                0x0000000024000000                uwTickPrio
 .data.uwTickFreq
                0x0000000024000004        0x1 Drivers/STM32H7xx_HAL_Driver/Src/stm32h7xx_hal.o
                0x0000000024000004                uwTickFreq
 *fill*         0x0000000024000005        0x3 
 .data.uxCriticalNesting
                0x0000000024000008        0x4 Middlewares/Third_Party/FreeRTOS/Source/portable/GCC/ARM_CM4F/port.o
 .data.SystemCoreClock
                0x000000002400000c        0x4 Src/system_stm32h7xx.o
                0x000000002400000c                SystemCoreClock
 .data.SystemD2Clock
                0x0000000024000010        0x4 Src/system_stm32h7xx.o
                0x0000000024000010                SystemD2Clock
 *(.RamFunc)
 *(.RamFunc*)
                0x0000000024000014                . = ALIGN (0x4)
                0x0000000024000014                _edata = .

.igot.plt       0x0000000024000014        0x0 load address 0x000000000800f7ec
 .igot.plt      0x0000000024000014        0x0 d:/stm32cubeide_1.6.1/stm32cubeide/plugins/com.st.stm32cube.ide.mcu.externaltools.gnu-tools-for-stm32.9-2020-q2-update.win32_1.5.0.202011040924/tools/bin/../lib/gcc/arm-none-eabi/9.3.1/thumb/v7e-m+dp/hard/crtbegin.o
                0x0000000024000014                . = ALIGN (0x4)

.bss            0x0000000024000014     0x75c4 load address 0x000000000800f7ec
                0x0000000024000014                _sbss = .
                0x0000000024000014                __bss_start__ = _sbss
 *(.bss)
 .bss           0x0000000024000014       0x1c d:/stm32cubeide_1.6.1/stm32cubeide/plugins/com.st.stm32cube.ide.mcu.externaltools.gnu-tools-for-stm32.9-2020-q2-update.win32_1.5.0.202011040924/tools/bin/../lib/gcc/arm-none-eabi/9.3.1/thumb/v7e-m+dp/hard/crtbegin.o
 *(.bss*)
 .bss.pxCurrentTCB
                0x0000000024000030        0x4 Middlewares/Third_Party/FreeRTOS/Source/tasks.o
                0x0000000024000030                pxCurrentTCB
 .bss.pxReadyTasksLists
                0x0000000024000034       0x8c Middlewares/Third_Party/FreeRTOS/Source/tasks.o
 .bss.xDelayedTaskList1
                0x00000000240000c0       0x14 Middlewares/Third_Party/FreeRTOS/Source/tasks.o
 .bss.xDelayedTaskList2
                0x00000000240000d4       0x14 Middlewares/Third_Party/FreeRTOS/Source/tasks.o
 .bss.pxDelayedTaskList
                0x00000000240000e8        0x4 Middlewares/Third_Party/FreeRTOS/Source/tasks.o
 .bss.pxOverflowDelayedTaskList
                0x00000000240000ec        0x4 Middlewares/Third_Party/FreeRTOS/Source/tasks.o
 .bss.xPendingReadyList
                0x00000000240000f0       0x14 Middlewares/Third_Party/FreeRTOS/Source/tasks.o
 .bss.xTasksWaitingTermination
                0x0000000024000104       0x14 Middlewares/Third_Party/FreeRTOS/Source/tasks.o
 .bss.uxDeletedTasksWaitingCleanUp
                0x0000000024000118        0x4 Middlewares/Third_Party/FreeRTOS/Source/tasks.o
 .bss.xSuspendedTaskList
                0x000000002400011c       0x14 Middlewares/Third_Party/FreeRTOS/Source/tasks.o
 .bss.uxCurrentNumberOfTasks
                0x0000000024000130        0x4 Middlewares/Third_Party/FreeRTOS/Source/tasks.o
 .bss.xTickCount
                0x0000000024000134        0x4 Middlewares/Third_Party/FreeRTOS/Source/tasks.o
 .bss.uxTopReadyPriority
                0x0000000024000138        0x4 Middlewares/Third_Party/FreeRTOS/Source/tasks.o
 .bss.xSchedulerRunning
                0x000000002400013c        0x4 Middlewares/Third_Party/FreeRTOS/Source/tasks.o
 .bss.xPendedTicks
                0x0000000024000140        0x4 Middlewares/Third_Party/FreeRTOS/Source/tasks.o
 .bss.xYieldPending
                0x0000000024000144        0x4 Middlewares/Third_Party/FreeRTOS/Source/tasks.o
 .bss.xNumOfOverflows
                0x0000000024000148        0x4 Middlewares/Third_Party/FreeRTOS/Source/tasks.o
 .bss.uxTaskNumber
                0x000000002400014c        0x4 Middlewares/Third_Party/FreeRTOS/Source/tasks.o
 .bss.xNextTaskUnblockTime
                0x0000000024000150        0x4 Middlewares/Third_Party/FreeRTOS/Source/tasks.o
 .bss.xIdleTaskHandle
                0x0000000024000154        0x4 Middlewares/Third_Party/FreeRTOS/Source/tasks.o
 .bss.uxSchedulerSuspended
                0x0000000024000158        0x4 Middlewares/Third_Party/FreeRTOS/Source/tasks.o
 .bss.ucMaxSysCallPriority
                0x000000002400015c        0x1 Middlewares/Third_Party/FreeRTOS/Source/portable/GCC/ARM_CM4F/port.o
 *fill*         0x000000002400015d        0x3 
 .bss.ulMaxPRIGROUPValue
                0x0000000024000160        0x4 Middlewares/Third_Party/FreeRTOS/Source/portable/GCC/ARM_CM4F/port.o
 .bss.ucHeap    0x0000000024000164     0x3c00 Middlewares/Third_Party/FreeRTOS/Source/portable/MemMang/heap_4.o
 .bss.xStart    0x0000000024003d64        0x8 Middlewares/Third_Party/FreeRTOS/Source/portable/MemMang/heap_4.o
 .bss.pxEnd     0x0000000024003d6c        0x4 Middlewares/Third_Party/FreeRTOS/Source/portable/MemMang/heap_4.o
 .bss.xFreeBytesRemaining
                0x0000000024003d70        0x4 Middlewares/Third_Party/FreeRTOS/Source/portable/MemMang/heap_4.o
 .bss.xMinimumEverFreeBytesRemaining
                0x0000000024003d74        0x4 Middlewares/Third_Party/FreeRTOS/Source/portable/MemMang/heap_4.o
 .bss.xNumberOfSuccessfulAllocations
                0x0000000024003d78        0x4 Middlewares/Third_Party/FreeRTOS/Source/portable/MemMang/heap_4.o
 .bss.xNumberOfSuccessfulFrees
                0x0000000024003d7c        0x4 Middlewares/Third_Party/FreeRTOS/Source/portable/MemMang/heap_4.o
 .bss.xBlockAllocatedBit
                0x0000000024003d80        0x4 Middlewares/Third_Party/FreeRTOS/Source/portable/MemMang/heap_4.o
 .bss.xIdleTaskTCBBuffer
                0x0000000024003d84       0x54 Src/freertos.o
 .bss.xIdleStack
                0x0000000024003dd8      0x200 Src/freertos.o
 .bss.pwm_controller.13472
                0x0000000024003fd8       0x40 Src/freertos.o
 .bss.control_data.13469
                0x0000000024004018       0x20 Src/freertos.o
 .bss.IS_SIDEPUSH.13470
                0x0000000024004038        0x1 Src/freertos.o
 .bss.relay_controller.13471
                0x0000000024004039        0x1 Src/freertos.o
 *fill*         0x000000002400403a        0x2 
 .bss.Report_TxBuffer.13480
                0x000000002400403c       0x2f Src/freertos.o
 *fill*         0x000000002400406b        0x1 
 .bss.control_data.13486
                0x000000002400406c       0x20 Src/freertos.o
 *(COMMON)
 COMMON         0x000000002400408c        0x4 Drivers/STM32H7xx_HAL_Driver/Src/stm32h7xx_hal.o
                0x000000002400408c                uwTick
 COMMON         0x0000000024004090     0x2d8c Src/freertos.o
                0x0000000024004090                MAIN_UART_mutexHandle
                0x0000000024004094                GY39_QueueBuffer
                0x00000000240040ac                Thread_ControlControlBlock
                0x0000000024004100                MAIN_UART_mutexControlBlock
                0x0000000024004148                Thread_RecvCmdControlBlock
                0x000000002400419c                Thread_IdleControlBlock
                0x00000000240041f0                WT931_DONE_semHandle
                0x00000000240041f4                Cmd_QueueBuffer
                0x0000000024004214                Thread_SensorHandle
                0x0000000024004218                Thread_IdleBuffer
                0x0000000024004a18                Thread_GY39Buffer
                0x0000000024005218                WT931_QueueHandle
                0x000000002400521c                GY39_QueueHandle
                0x0000000024005220                Thread_SensorControlBlock
                0x0000000024005274                WT931_DONE_semControlBlock
                0x00000000240052bc                GY39_Done_semControlBlock
                0x0000000024005304                WT931_QueueBuffer
                0x0000000024005334                Thread_RecvCmdHandle
                0x0000000024005338                Thread_WT931Handle
                0x000000002400533c                Thread_WT931ControlBlock
                0x0000000024005390                CMD_DONE_semHandle
                0x0000000024005394                Thread_RecvCmdBuffer
                0x0000000024005494                Cmd_QueueControlBlock
                0x00000000240054dc                WT931_QueueControlBlock
                0x0000000024005524                Cmd_QueueHandle
                0x0000000024005528                GY39_QueueControlBlock
                0x0000000024005570                GY39_Done_semHandle
                0x0000000024005574                Thread_WT931Buffer
                0x0000000024005d74                Thread_GY39ControlBlock
                0x0000000024005dc8                CMD_DONE_semControlBlock
                0x0000000024005e10                Thread_IdleHandle
                0x0000000024005e14                Thread_ControlBuffer
                0x0000000024006614                Thread_GY39Handle
                0x0000000024006618                Thread_SensorBuffer
                0x0000000024006e18                Thread_ControlHandle
 COMMON         0x0000000024006e1c       0x4c Src/stm32h7xx_hal_timebase_tim.o
                0x0000000024006e1c                htim6
 COMMON         0x0000000024006e68      0x260 Src/tim.o
                0x0000000024006e68                htim8
                0x0000000024006eb4                htim4
                0x0000000024006f00                htim15
                0x0000000024006f4c                htim5
                0x0000000024006f98                htim3
                0x0000000024006fe4                htim1
                0x0000000024007030                htim2
                0x000000002400707c                htim12
 COMMON         0x00000000240070c8      0x510 Src/usart.o
                0x00000000240070c8                hdma_usart2_rx
                0x0000000024007140                hdma_usart3_rx
                0x00000000240071b8                huart3
                0x0000000024007248                hdma_usart3_tx
                0x00000000240072c0                huart5
                0x0000000024007350                hdma_usart2_tx
                0x00000000240073c8                huart1
                0x0000000024007458                huart2
                0x00000000240074e8                hdma_uart5_rx
                0x0000000024007560                hdma_uart5_tx
                0x00000000240075d8                . = ALIGN (0x4)
                0x00000000240075d8                _ebss = .
                0x00000000240075d8                __bss_end__ = _ebss

._user_heap_stack
                0x00000000240075d8      0x600 load address 0x000000000800f7ec
                0x00000000240075d8                . = ALIGN (0x8)
                [!provide]                        PROVIDE (end = .)
                0x00000000240075d8                PROVIDE (_end = .)
                0x00000000240077d8                . = (. + _Min_Heap_Size)
 *fill*         0x00000000240075d8      0x200 
                0x0000000024007bd8                . = (. + _Min_Stack_Size)
 *fill*         0x00000000240077d8      0x400 
                0x0000000024007bd8                . = ALIGN (0x8)

/DISCARD/
 libc.a(*)
 libm.a(*)
 libgcc.a(*)

.ARM.attributes
                0x0000000000000000       0x2e
 *(.ARM.attributes)
 .ARM.attributes
                0x0000000000000000       0x1e d:/stm32cubeide_1.6.1/stm32cubeide/plugins/com.st.stm32cube.ide.mcu.externaltools.gnu-tools-for-stm32.9-2020-q2-update.win32_1.5.0.202011040924/tools/bin/../lib/gcc/arm-none-eabi/9.3.1/thumb/v7e-m+dp/hard/crti.o
 .ARM.attributes
                0x000000000000001e       0x32 d:/stm32cubeide_1.6.1/stm32cubeide/plugins/com.st.stm32cube.ide.mcu.externaltools.gnu-tools-for-stm32.9-2020-q2-update.win32_1.5.0.202011040924/tools/bin/../lib/gcc/arm-none-eabi/9.3.1/thumb/v7e-m+dp/hard/crtbegin.o
 .ARM.attributes
                0x0000000000000050       0x32 Drivers/STM32H7xx_HAL_Driver/Src/stm32h7xx_hal.o
 .ARM.attributes
                0x0000000000000082       0x32 Drivers/STM32H7xx_HAL_Driver/Src/stm32h7xx_hal_cortex.o
 .ARM.attributes
                0x00000000000000b4       0x32 Drivers/STM32H7xx_HAL_Driver/Src/stm32h7xx_hal_dma.o
 .ARM.attributes
                0x00000000000000e6       0x32 Drivers/STM32H7xx_HAL_Driver/Src/stm32h7xx_hal_gpio.o
 .ARM.attributes
                0x0000000000000118       0x32 Drivers/STM32H7xx_HAL_Driver/Src/stm32h7xx_hal_pwr_ex.o
 .ARM.attributes
                0x000000000000014a       0x32 Drivers/STM32H7xx_HAL_Driver/Src/stm32h7xx_hal_rcc.o
 .ARM.attributes
                0x000000000000017c       0x32 Drivers/STM32H7xx_HAL_Driver/Src/stm32h7xx_hal_rcc_ex.o
 .ARM.attributes
                0x00000000000001ae       0x32 Drivers/STM32H7xx_HAL_Driver/Src/stm32h7xx_hal_tim.o
 .ARM.attributes
                0x00000000000001e0       0x32 Drivers/STM32H7xx_HAL_Driver/Src/stm32h7xx_hal_tim_ex.o
 .ARM.attributes
                0x0000000000000212       0x32 Drivers/STM32H7xx_HAL_Driver/Src/stm32h7xx_hal_uart.o
 .ARM.attributes
                0x0000000000000244       0x32 Drivers/STM32H7xx_HAL_Driver/Src/stm32h7xx_hal_uart_ex.o
 .ARM.attributes
                0x0000000000000276       0x32 LibROV3/BasicCtrl.o
 .ARM.attributes
                0x00000000000002a8       0x32 LibROV3/Sensor.o
 .ARM.attributes
                0x00000000000002da       0x32 Middlewares/Third_Party/FreeRTOS/Source/CMSIS_RTOS/cmsis_os.o
 .ARM.attributes
                0x000000000000030c       0x32 Middlewares/Third_Party/FreeRTOS/Source/list.o
 .ARM.attributes
                0x000000000000033e       0x32 Middlewares/Third_Party/FreeRTOS/Source/queue.o
 .ARM.attributes
                0x0000000000000370       0x32 Middlewares/Third_Party/FreeRTOS/Source/tasks.o
 .ARM.attributes
                0x00000000000003a2       0x32 Middlewares/Third_Party/FreeRTOS/Source/portable/GCC/ARM_CM4F/port.o
 .ARM.attributes
                0x00000000000003d4       0x32 Middlewares/Third_Party/FreeRTOS/Source/portable/MemMang/heap_4.o
 .ARM.attributes
                0x0000000000000406       0x32 Src/dma.o
 .ARM.attributes
                0x0000000000000438       0x32 Src/freertos.o
 .ARM.attributes
                0x000000000000046a       0x32 Src/gpio.o
 .ARM.attributes
                0x000000000000049c       0x32 Src/main.o
 .ARM.attributes
                0x00000000000004ce       0x32 Src/stm32h7xx_hal_msp.o
 .ARM.attributes
                0x0000000000000500       0x32 Src/stm32h7xx_hal_timebase_tim.o
 .ARM.attributes
                0x0000000000000532       0x32 Src/stm32h7xx_it.o
 .ARM.attributes
                0x0000000000000564       0x32 Src/system_stm32h7xx.o
 .ARM.attributes
                0x0000000000000596       0x32 Src/tim.o
 .ARM.attributes
                0x00000000000005c8       0x32 Src/usart.o
 .ARM.attributes
                0x00000000000005fa       0x21 Startup/startup_stm32h750vbtx.o
 .ARM.attributes
                0x000000000000061b       0x32 d:/stm32cubeide_1.6.1/stm32cubeide/plugins/com.st.stm32cube.ide.mcu.externaltools.gnu-tools-for-stm32.9-2020-q2-update.win32_1.5.0.202011040924/tools/bin/../lib/gcc/arm-none-eabi/9.3.1/../../../../arm-none-eabi/lib/thumb/v7e-m+dp/hard\libc_nano.a(lib_a-init.o)
 .ARM.attributes
                0x000000000000064d       0x32 d:/stm32cubeide_1.6.1/stm32cubeide/plugins/com.st.stm32cube.ide.mcu.externaltools.gnu-tools-for-stm32.9-2020-q2-update.win32_1.5.0.202011040924/tools/bin/../lib/gcc/arm-none-eabi/9.3.1/../../../../arm-none-eabi/lib/thumb/v7e-m+dp/hard\libc_nano.a(lib_a-memcpy-stub.o)
 .ARM.attributes
                0x000000000000067f       0x32 d:/stm32cubeide_1.6.1/stm32cubeide/plugins/com.st.stm32cube.ide.mcu.externaltools.gnu-tools-for-stm32.9-2020-q2-update.win32_1.5.0.202011040924/tools/bin/../lib/gcc/arm-none-eabi/9.3.1/../../../../arm-none-eabi/lib/thumb/v7e-m+dp/hard\libc_nano.a(lib_a-memset.o)
 .ARM.attributes
                0x00000000000006b1       0x1e d:/stm32cubeide_1.6.1/stm32cubeide/plugins/com.st.stm32cube.ide.mcu.externaltools.gnu-tools-for-stm32.9-2020-q2-update.win32_1.5.0.202011040924/tools/bin/../lib/gcc/arm-none-eabi/9.3.1/thumb/v7e-m+dp/hard\libgcc.a(_aeabi_uldivmod.o)
 .ARM.attributes
                0x00000000000006cf       0x32 d:/stm32cubeide_1.6.1/stm32cubeide/plugins/com.st.stm32cube.ide.mcu.externaltools.gnu-tools-for-stm32.9-2020-q2-update.win32_1.5.0.202011040924/tools/bin/../lib/gcc/arm-none-eabi/9.3.1/thumb/v7e-m+dp/hard\libgcc.a(_udivmoddi4.o)
 .ARM.attributes
                0x0000000000000701       0x1e d:/stm32cubeide_1.6.1/stm32cubeide/plugins/com.st.stm32cube.ide.mcu.externaltools.gnu-tools-for-stm32.9-2020-q2-update.win32_1.5.0.202011040924/tools/bin/../lib/gcc/arm-none-eabi/9.3.1/thumb/v7e-m+dp/hard\libgcc.a(_dvmd_tls.o)
 .ARM.attributes
                0x000000000000071f       0x1e d:/stm32cubeide_1.6.1/stm32cubeide/plugins/com.st.stm32cube.ide.mcu.externaltools.gnu-tools-for-stm32.9-2020-q2-update.win32_1.5.0.202011040924/tools/bin/../lib/gcc/arm-none-eabi/9.3.1/thumb/v7e-m+dp/hard/crtn.o
OUTPUT(OurEDA-B2S_PowH7.elf elf32-littlearm)
LOAD linker stubs
LOAD d:/stm32cubeide_1.6.1/stm32cubeide/plugins/com.st.stm32cube.ide.mcu.externaltools.gnu-tools-for-stm32.9-2020-q2-update.win32_1.5.0.202011040924/tools/bin/../lib/gcc/arm-none-eabi/9.3.1/../../../../arm-none-eabi/lib/thumb/v7e-m+dp/hard\libc.a
LOAD d:/stm32cubeide_1.6.1/stm32cubeide/plugins/com.st.stm32cube.ide.mcu.externaltools.gnu-tools-for-stm32.9-2020-q2-update.win32_1.5.0.202011040924/tools/bin/../lib/gcc/arm-none-eabi/9.3.1/../../../../arm-none-eabi/lib/thumb/v7e-m+dp/hard\libm.a
LOAD d:/stm32cubeide_1.6.1/stm32cubeide/plugins/com.st.stm32cube.ide.mcu.externaltools.gnu-tools-for-stm32.9-2020-q2-update.win32_1.5.0.202011040924/tools/bin/../lib/gcc/arm-none-eabi/9.3.1/thumb/v7e-m+dp/hard\libgcc.a

.debug_info     0x0000000000000000    0x3202b
 .debug_info    0x0000000000000000     0x1fa3 Drivers/STM32H7xx_HAL_Driver/Src/stm32h7xx_hal.o
 .debug_info    0x0000000000001fa3     0x1c19 Drivers/STM32H7xx_HAL_Driver/Src/stm32h7xx_hal_cortex.o
 .debug_info    0x0000000000003bbc     0x174c Drivers/STM32H7xx_HAL_Driver/Src/stm32h7xx_hal_dma.o
 .debug_info    0x0000000000005308     0x17e6 Drivers/STM32H7xx_HAL_Driver/Src/stm32h7xx_hal_gpio.o
 .debug_info    0x0000000000006aee     0x1b45 Drivers/STM32H7xx_HAL_Driver/Src/stm32h7xx_hal_pwr_ex.o
 .debug_info    0x0000000000008633     0x1951 Drivers/STM32H7xx_HAL_Driver/Src/stm32h7xx_hal_rcc.o
 .debug_info    0x0000000000009f84     0x1d00 Drivers/STM32H7xx_HAL_Driver/Src/stm32h7xx_hal_rcc_ex.o
 .debug_info    0x000000000000bc84     0x37ca Drivers/STM32H7xx_HAL_Driver/Src/stm32h7xx_hal_tim.o
 .debug_info    0x000000000000f44e     0x225f Drivers/STM32H7xx_HAL_Driver/Src/stm32h7xx_hal_tim_ex.o
 .debug_info    0x00000000000116ad     0x558a Drivers/STM32H7xx_HAL_Driver/Src/stm32h7xx_hal_uart.o
 .debug_info    0x0000000000016c37     0x19a9 Drivers/STM32H7xx_HAL_Driver/Src/stm32h7xx_hal_uart_ex.o
 .debug_info    0x00000000000185e0      0xdb1 LibROV3/BasicCtrl.o
 .debug_info    0x0000000000019391      0x236 LibROV3/Sensor.o
 .debug_info    0x00000000000195c7     0x203c Middlewares/Third_Party/FreeRTOS/Source/CMSIS_RTOS/cmsis_os.o
 .debug_info    0x000000000001b603      0xb82 Middlewares/Third_Party/FreeRTOS/Source/list.o
 .debug_info    0x000000000001c185     0x1ffc Middlewares/Third_Party/FreeRTOS/Source/queue.o
 .debug_info    0x000000000001e181     0x2575 Middlewares/Third_Party/FreeRTOS/Source/tasks.o
 .debug_info    0x00000000000206f6      0x4f1 Middlewares/Third_Party/FreeRTOS/Source/portable/GCC/ARM_CM4F/port.o
 .debug_info    0x0000000000020be7      0xd8a Middlewares/Third_Party/FreeRTOS/Source/portable/MemMang/heap_4.o
 .debug_info    0x0000000000021971     0x135a Src/dma.o
 .debug_info    0x0000000000022ccb     0x261a Src/freertos.o
 .debug_info    0x00000000000252e5     0x118a Src/gpio.o
 .debug_info    0x000000000002646f     0x1ca3 Src/main.o
 .debug_info    0x0000000000028112     0x135a Src/stm32h7xx_hal_msp.o
 .debug_info    0x000000000002946c     0x1afe Src/stm32h7xx_hal_timebase_tim.o
 .debug_info    0x000000000002af6a     0x198e Src/stm32h7xx_it.o
 .debug_info    0x000000000002c8f8     0x1787 Src/system_stm32h7xx.o
 .debug_info    0x000000000002e07f     0x1ee7 Src/tim.o
 .debug_info    0x000000000002ff66     0x20a3 Src/usart.o
 .debug_info    0x0000000000032009       0x22 Startup/startup_stm32h750vbtx.o

.debug_abbrev   0x0000000000000000     0x50d6
 .debug_abbrev  0x0000000000000000      0x31b Drivers/STM32H7xx_HAL_Driver/Src/stm32h7xx_hal.o
 .debug_abbrev  0x000000000000031b      0x409 Drivers/STM32H7xx_HAL_Driver/Src/stm32h7xx_hal_cortex.o
 .debug_abbrev  0x0000000000000724      0x2c1 Drivers/STM32H7xx_HAL_Driver/Src/stm32h7xx_hal_dma.o
 .debug_abbrev  0x00000000000009e5      0x2cb Drivers/STM32H7xx_HAL_Driver/Src/stm32h7xx_hal_gpio.o
 .debug_abbrev  0x0000000000000cb0      0x350 Drivers/STM32H7xx_HAL_Driver/Src/stm32h7xx_hal_pwr_ex.o
 .debug_abbrev  0x0000000000001000      0x322 Drivers/STM32H7xx_HAL_Driver/Src/stm32h7xx_hal_rcc.o
 .debug_abbrev  0x0000000000001322      0x31d Drivers/STM32H7xx_HAL_Driver/Src/stm32h7xx_hal_rcc_ex.o
 .debug_abbrev  0x000000000000163f      0x2f9 Drivers/STM32H7xx_HAL_Driver/Src/stm32h7xx_hal_tim.o
 .debug_abbrev  0x0000000000001938      0x301 Drivers/STM32H7xx_HAL_Driver/Src/stm32h7xx_hal_tim_ex.o
 .debug_abbrev  0x0000000000001c39      0x37d Drivers/STM32H7xx_HAL_Driver/Src/stm32h7xx_hal_uart.o
 .debug_abbrev  0x0000000000001fb6      0x33d Drivers/STM32H7xx_HAL_Driver/Src/stm32h7xx_hal_uart_ex.o
 .debug_abbrev  0x00000000000022f3      0x25a LibROV3/BasicCtrl.o
 .debug_abbrev  0x000000000000254d      0x100 LibROV3/Sensor.o
 .debug_abbrev  0x000000000000264d      0x3d1 Middlewares/Third_Party/FreeRTOS/Source/CMSIS_RTOS/cmsis_os.o
 .debug_abbrev  0x0000000000002a1e      0x1f7 Middlewares/Third_Party/FreeRTOS/Source/list.o
 .debug_abbrev  0x0000000000002c15      0x380 Middlewares/Third_Party/FreeRTOS/Source/queue.o
 .debug_abbrev  0x0000000000002f95      0x380 Middlewares/Third_Party/FreeRTOS/Source/tasks.o
 .debug_abbrev  0x0000000000003315      0x231 Middlewares/Third_Party/FreeRTOS/Source/portable/GCC/ARM_CM4F/port.o
 .debug_abbrev  0x0000000000003546      0x2d3 Middlewares/Third_Party/FreeRTOS/Source/portable/MemMang/heap_4.o
 .debug_abbrev  0x0000000000003819      0x20f Src/dma.o
 .debug_abbrev  0x0000000000003a28      0x2db Src/freertos.o
 .debug_abbrev  0x0000000000003d03      0x229 Src/gpio.o
 .debug_abbrev  0x0000000000003f2c      0x2af Src/main.o
 .debug_abbrev  0x00000000000041db      0x20f Src/stm32h7xx_hal_msp.o
 .debug_abbrev  0x00000000000043ea      0x271 Src/stm32h7xx_hal_timebase_tim.o
 .debug_abbrev  0x000000000000465b      0x261 Src/stm32h7xx_it.o
 .debug_abbrev  0x00000000000048bc      0x262 Src/system_stm32h7xx.o
 .debug_abbrev  0x0000000000004b1e      0x2c1 Src/tim.o
 .debug_abbrev  0x0000000000004ddf      0x2e5 Src/usart.o
 .debug_abbrev  0x00000000000050c4       0x12 Startup/startup_stm32h750vbtx.o

.debug_aranges  0x0000000000000000     0x17b8
 .debug_aranges
                0x0000000000000000      0x198 Drivers/STM32H7xx_HAL_Driver/Src/stm32h7xx_hal.o
 .debug_aranges
                0x0000000000000198      0x120 Drivers/STM32H7xx_HAL_Driver/Src/stm32h7xx_hal_cortex.o
 .debug_aranges
                0x00000000000002b8       0xa0 Drivers/STM32H7xx_HAL_Driver/Src/stm32h7xx_hal_dma.o
 .debug_aranges
                0x0000000000000358       0x58 Drivers/STM32H7xx_HAL_Driver/Src/stm32h7xx_hal_gpio.o
 .debug_aranges
                0x00000000000003b0      0x158 Drivers/STM32H7xx_HAL_Driver/Src/stm32h7xx_hal_pwr_ex.o
 .debug_aranges
                0x0000000000000508       0x88 Drivers/STM32H7xx_HAL_Driver/Src/stm32h7xx_hal_rcc.o
 .debug_aranges
                0x0000000000000590       0xf8 Drivers/STM32H7xx_HAL_Driver/Src/stm32h7xx_hal_rcc_ex.o
 .debug_aranges
                0x0000000000000688      0x3e0 Drivers/STM32H7xx_HAL_Driver/Src/stm32h7xx_hal_tim.o
 .debug_aranges
                0x0000000000000a68      0x188 Drivers/STM32H7xx_HAL_Driver/Src/stm32h7xx_hal_tim_ex.o
 .debug_aranges
                0x0000000000000bf0      0x248 Drivers/STM32H7xx_HAL_Driver/Src/stm32h7xx_hal_uart.o
 .debug_aranges
                0x0000000000000e38       0xa0 Drivers/STM32H7xx_HAL_Driver/Src/stm32h7xx_hal_uart_ex.o
 .debug_aranges
                0x0000000000000ed8       0x38 LibROV3/BasicCtrl.o
 .debug_aranges
                0x0000000000000f10       0x30 LibROV3/Sensor.o
 .debug_aranges
                0x0000000000000f40      0x1d8 Middlewares/Third_Party/FreeRTOS/Source/CMSIS_RTOS/cmsis_os.o
 .debug_aranges
                0x0000000000001118       0x40 Middlewares/Third_Party/FreeRTOS/Source/list.o
 .debug_aranges
                0x0000000000001158      0x108 Middlewares/Third_Party/FreeRTOS/Source/queue.o
 .debug_aranges
                0x0000000000001260      0x1b8 Middlewares/Third_Party/FreeRTOS/Source/tasks.o
 .debug_aranges
                0x0000000000001418       0x80 Middlewares/Third_Party/FreeRTOS/Source/portable/GCC/ARM_CM4F/port.o
 .debug_aranges
                0x0000000000001498       0x58 Middlewares/Third_Party/FreeRTOS/Source/portable/MemMang/heap_4.o
 .debug_aranges
                0x00000000000014f0       0x20 Src/dma.o
 .debug_aranges
                0x0000000000001510       0x58 Src/freertos.o
 .debug_aranges
                0x0000000000001568       0x20 Src/gpio.o
 .debug_aranges
                0x0000000000001588       0x38 Src/main.o
 .debug_aranges
                0x00000000000015c0       0x20 Src/stm32h7xx_hal_msp.o
 .debug_aranges
                0x00000000000015e0       0x30 Src/stm32h7xx_hal_timebase_tim.o
 .debug_aranges
                0x0000000000001610       0x98 Src/stm32h7xx_it.o
 .debug_aranges
                0x00000000000016a8       0x28 Src/system_stm32h7xx.o
 .debug_aranges
                0x00000000000016d0       0x70 Src/tim.o
 .debug_aranges
                0x0000000000001740       0x50 Src/usart.o
 .debug_aranges
                0x0000000000001790       0x28 Startup/startup_stm32h750vbtx.o

.debug_ranges   0x0000000000000000     0x1610
 .debug_ranges  0x0000000000000000      0x188 Drivers/STM32H7xx_HAL_Driver/Src/stm32h7xx_hal.o
 .debug_ranges  0x0000000000000188      0x110 Drivers/STM32H7xx_HAL_Driver/Src/stm32h7xx_hal_cortex.o
 .debug_ranges  0x0000000000000298       0x90 Drivers/STM32H7xx_HAL_Driver/Src/stm32h7xx_hal_dma.o
 .debug_ranges  0x0000000000000328       0x48 Drivers/STM32H7xx_HAL_Driver/Src/stm32h7xx_hal_gpio.o
 .debug_ranges  0x0000000000000370      0x148 Drivers/STM32H7xx_HAL_Driver/Src/stm32h7xx_hal_pwr_ex.o
 .debug_ranges  0x00000000000004b8       0x78 Drivers/STM32H7xx_HAL_Driver/Src/stm32h7xx_hal_rcc.o
 .debug_ranges  0x0000000000000530       0xe8 Drivers/STM32H7xx_HAL_Driver/Src/stm32h7xx_hal_rcc_ex.o
 .debug_ranges  0x0000000000000618      0x3d0 Drivers/STM32H7xx_HAL_Driver/Src/stm32h7xx_hal_tim.o
 .debug_ranges  0x00000000000009e8      0x178 Drivers/STM32H7xx_HAL_Driver/Src/stm32h7xx_hal_tim_ex.o
 .debug_ranges  0x0000000000000b60      0x268 Drivers/STM32H7xx_HAL_Driver/Src/stm32h7xx_hal_uart.o
 .debug_ranges  0x0000000000000dc8       0x90 Drivers/STM32H7xx_HAL_Driver/Src/stm32h7xx_hal_uart_ex.o
 .debug_ranges  0x0000000000000e58       0x28 LibROV3/BasicCtrl.o
 .debug_ranges  0x0000000000000e80       0x20 LibROV3/Sensor.o
 .debug_ranges  0x0000000000000ea0      0x1c8 Middlewares/Third_Party/FreeRTOS/Source/CMSIS_RTOS/cmsis_os.o
 .debug_ranges  0x0000000000001068       0x30 Middlewares/Third_Party/FreeRTOS/Source/list.o
 .debug_ranges  0x0000000000001098       0xf8 Middlewares/Third_Party/FreeRTOS/Source/queue.o
 .debug_ranges  0x0000000000001190      0x1a8 Middlewares/Third_Party/FreeRTOS/Source/tasks.o
 .debug_ranges  0x0000000000001338       0x70 Middlewares/Third_Party/FreeRTOS/Source/portable/GCC/ARM_CM4F/port.o
 .debug_ranges  0x00000000000013a8       0x48 Middlewares/Third_Party/FreeRTOS/Source/portable/MemMang/heap_4.o
 .debug_ranges  0x00000000000013f0       0x10 Src/dma.o
 .debug_ranges  0x0000000000001400       0x48 Src/freertos.o
 .debug_ranges  0x0000000000001448       0x10 Src/gpio.o
 .debug_ranges  0x0000000000001458       0x28 Src/main.o
 .debug_ranges  0x0000000000001480       0x10 Src/stm32h7xx_hal_msp.o
 .debug_ranges  0x0000000000001490       0x20 Src/stm32h7xx_hal_timebase_tim.o
 .debug_ranges  0x00000000000014b0       0x88 Src/stm32h7xx_it.o
 .debug_ranges  0x0000000000001538       0x18 Src/system_stm32h7xx.o
 .debug_ranges  0x0000000000001550       0x60 Src/tim.o
 .debug_ranges  0x00000000000015b0       0x40 Src/usart.o
 .debug_ranges  0x00000000000015f0       0x20 Startup/startup_stm32h750vbtx.o

.debug_macro    0x0000000000000000    0x3a1ae
 .debug_macro   0x0000000000000000      0x2d2 Drivers/STM32H7xx_HAL_Driver/Src/stm32h7xx_hal.o
 .debug_macro   0x00000000000002d2      0xac0 Drivers/STM32H7xx_HAL_Driver/Src/stm32h7xx_hal.o
 .debug_macro   0x0000000000000d92      0x238 Drivers/STM32H7xx_HAL_Driver/Src/stm32h7xx_hal.o
 .debug_macro   0x0000000000000fca       0x2e Drivers/STM32H7xx_HAL_Driver/Src/stm32h7xx_hal.o
 .debug_macro   0x0000000000000ff8       0x3b Drivers/STM32H7xx_HAL_Driver/Src/stm32h7xx_hal.o
 .debug_macro   0x0000000000001033       0x22 Drivers/STM32H7xx_HAL_Driver/Src/stm32h7xx_hal.o
 .debug_macro   0x0000000000001055       0x8e Drivers/STM32H7xx_HAL_Driver/Src/stm32h7xx_hal.o
 .debug_macro   0x00000000000010e3       0x51 Drivers/STM32H7xx_HAL_Driver/Src/stm32h7xx_hal.o
 .debug_macro   0x0000000000001134      0x103 Drivers/STM32H7xx_HAL_Driver/Src/stm32h7xx_hal.o