stm32h7xx_it.c:90:6:NMI_Handler	4	static
stm32h7xx_it.c:105:6:HardFault_Handler	8	static
stm32h7xx_it.c:121:6:MemManage_Handler	4	static
stm32h7xx_it.c:136:6:BusFault_Handler	4	static
stm32h7xx_it.c:151:6:UsageFault_Handler	4	static
stm32h7xx_it.c:166:6:DebugMon_Handler	4	static
stm32h7xx_it.c:186:6:DMA1_Stream0_IRQHandler	8	static
stm32h7xx_it.c:200:6:DMA1_Stream1_IRQHandler	8	static
stm32h7xx_it.c:214:6:DMA1_Stream2_IRQHandler	8	static
stm32h7xx_it.c:228:6:DMA1_Stream3_IRQHandler	8	static
stm32h7xx_it.c:242:6:DMA1_Stream4_IRQHandler	8	static
stm32h7xx_it.c:256:6:DMA1_Stream5_IRQHandler	8	static
stm32h7xx_it.c:270:6:USART1_IRQHandler	16	static
stm32h7xx_it.c:294:6:USART2_IRQHandler	16	static
stm32h7xx_it.c:318:6:USART3_IRQHandler	16	static
stm32h7xx_it.c:342:6:DMA1_Stream7_IRQHandler	8	static
stm32h7xx_it.c:356:6:UART4_IRQHandler	16	static
stm32h7xx_it.c:380:6:UART5_IRQHandler	16	static
stm32h7xx_it.c:404:6:TIM6_DAC_IRQHandler	8	static
stm32h7xx_it.c:418:6:DMA2_Stream0_IRQHandler	8	static
stm32h7xx_it.c:432:6:DMA2_Stream1_IRQHandler	8	static
stm32h7xx_it.c:446:6:DMA2_Stream2_IRQHandler	8	static
stm32h7xx_it.c:460:6:UART8_IRQHandler	16	static
