Archive member included to satisfy reference by file (symbol)

d:/stm32cubeide_1.6.1/stm32cubeide/plugins/com.st.stm32cube.ide.mcu.externaltools.gnu-tools-for-stm32.9-2020-q2-update.win32_1.5.0.202011040924/tools/bin/../lib/gcc/arm-none-eabi/9.3.1/../../../../arm-none-eabi/lib/thumb/v7e-m+dp/hard\libc_nano.a(lib_a-errno.o)
                              Core/Src/syscalls.o (__errno)
d:/stm32cubeide_1.6.1/stm32cubeide/plugins/com.st.stm32cube.ide.mcu.externaltools.gnu-tools-for-stm32.9-2020-q2-update.win32_1.5.0.202011040924/tools/bin/../lib/gcc/arm-none-eabi/9.3.1/../../../../arm-none-eabi/lib/thumb/v7e-m+dp/hard\libc_nano.a(lib_a-exit.o)
                              d:/stm32cubeide_1.6.1/stm32cubeide/plugins/com.st.stm32cube.ide.mcu.externaltools.gnu-tools-for-stm32.9-2020-q2-update.win32_1.5.0.202011040924/tools/bin/../lib/gcc/arm-none-eabi/9.3.1/../../../../arm-none-eabi/lib/thumb/v7e-m+dp/hard/crt0.o (exit)
d:/stm32cubeide_1.6.1/stm32cubeide/plugins/com.st.stm32cube.ide.mcu.externaltools.gnu-tools-for-stm32.9-2020-q2-update.win32_1.5.0.202011040924/tools/bin/../lib/gcc/arm-none-eabi/9.3.1/../../../../arm-none-eabi/lib/thumb/v7e-m+dp/hard\libc_nano.a(lib_a-impure.o)
                              d:/stm32cubeide_1.6.1/stm32cubeide/plugins/com.st.stm32cube.ide.mcu.externaltools.gnu-tools-for-stm32.9-2020-q2-update.win32_1.5.0.202011040924/tools/bin/../lib/gcc/arm-none-eabi/9.3.1/../../../../arm-none-eabi/lib/thumb/v7e-m+dp/hard\libc_nano.a(lib_a-exit.o) (_global_impure_ptr)
d:/stm32cubeide_1.6.1/stm32cubeide/plugins/com.st.stm32cube.ide.mcu.externaltools.gnu-tools-for-stm32.9-2020-q2-update.win32_1.5.0.202011040924/tools/bin/../lib/gcc/arm-none-eabi/9.3.1/../../../../arm-none-eabi/lib/thumb/v7e-m+dp/hard\libc_nano.a(lib_a-init.o)
                              d:/stm32cubeide_1.6.1/stm32cubeide/plugins/com.st.stm32cube.ide.mcu.externaltools.gnu-tools-for-stm32.9-2020-q2-update.win32_1.5.0.202011040924/tools/bin/../lib/gcc/arm-none-eabi/9.3.1/../../../../arm-none-eabi/lib/thumb/v7e-m+dp/hard/crt0.o (__libc_init_array)
d:/stm32cubeide_1.6.1/stm32cubeide/plugins/com.st.stm32cube.ide.mcu.externaltools.gnu-tools-for-stm32.9-2020-q2-update.win32_1.5.0.202011040924/tools/bin/../lib/gcc/arm-none-eabi/9.3.1/../../../../arm-none-eabi/lib/thumb/v7e-m+dp/hard\libc_nano.a(lib_a-memcpy-stub.o)
                              Middlewares/Third_Party/FreeRTOS/Source/queue.o (memcpy)
d:/stm32cubeide_1.6.1/stm32cubeide/plugins/com.st.stm32cube.ide.mcu.externaltools.gnu-tools-for-stm32.9-2020-q2-update.win32_1.5.0.202011040924/tools/bin/../lib/gcc/arm-none-eabi/9.3.1/../../../../arm-none-eabi/lib/thumb/v7e-m+dp/hard\libc_nano.a(lib_a-memset.o)
                              d:/stm32cubeide_1.6.1/stm32cubeide/plugins/com.st.stm32cube.ide.mcu.externaltools.gnu-tools-for-stm32.9-2020-q2-update.win32_1.5.0.202011040924/tools/bin/../lib/gcc/arm-none-eabi/9.3.1/../../../../arm-none-eabi/lib/thumb/v7e-m+dp/hard/crt0.o (memset)
d:/stm32cubeide_1.6.1/stm32cubeide/plugins/com.st.stm32cube.ide.mcu.externaltools.gnu-tools-for-stm32.9-2020-q2-update.win32_1.5.0.202011040924/tools/bin/../lib/gcc/arm-none-eabi/9.3.1/thumb/v7e-m+dp/hard\libgcc.a(_aeabi_uldivmod.o)
                              Drivers/STM32H7xx_HAL_Driver/Src/stm32h7xx_hal_uart.o (__aeabi_uldivmod)
d:/stm32cubeide_1.6.1/stm32cubeide/plugins/com.st.stm32cube.ide.mcu.externaltools.gnu-tools-for-stm32.9-2020-q2-update.win32_1.5.0.202011040924/tools/bin/../lib/gcc/arm-none-eabi/9.3.1/thumb/v7e-m+dp/hard\libgcc.a(_udivmoddi4.o)
                              d:/stm32cubeide_1.6.1/stm32cubeide/plugins/com.st.stm32cube.ide.mcu.externaltools.gnu-tools-for-stm32.9-2020-q2-update.win32_1.5.0.202011040924/tools/bin/../lib/gcc/arm-none-eabi/9.3.1/thumb/v7e-m+dp/hard\libgcc.a(_aeabi_uldivmod.o) (__udivmoddi4)
d:/stm32cubeide_1.6.1/stm32cubeide/plugins/com.st.stm32cube.ide.mcu.externaltools.gnu-tools-for-stm32.9-2020-q2-update.win32_1.5.0.202011040924/tools/bin/../lib/gcc/arm-none-eabi/9.3.1/thumb/v7e-m+dp/hard\libgcc.a(_dvmd_tls.o)
                              d:/stm32cubeide_1.6.1/stm32cubeide/plugins/com.st.stm32cube.ide.mcu.externaltools.gnu-tools-for-stm32.9-2020-q2-update.win32_1.5.0.202011040924/tools/bin/../lib/gcc/arm-none-eabi/9.3.1/thumb/v7e-m+dp/hard\libgcc.a(_aeabi_uldivmod.o) (__aeabi_ldiv0)

Allocating common symbols
Common symbol       size              file

GY39_QueueBuffer    0x18              Core/Src/freertos.o
P30_DONE_semControlBlock
                    0x48              Core/Src/freertos.o
Thread_ControlControlBlock
                    0x54              Core/Src/freertos.o
hdma_uart4_rx       0x78              Core/Src/usart.o
hdma_usart2_rx      0x78              Core/Src/usart.o
Thread_IdleControlBlock
                    0x54              Core/Src/freertos.o
WT931_DONE_semHandle
                    0x4               Core/Src/freertos.o
Cmd_QueueBuffer     0x20              Core/Src/freertos.o
WD_QueueHandle      0x4               Core/Src/freertos.o
[...]
Memory Configuration

Name             Origin             Length             Attributes
FLASH            0x0000000008000000 0x0000000000020000 xr
DTCMRAM          0x0000000020000000 0x0000000000020000 xrw
RAM_D1           0x0000000024000000 0x0000000000080000 xrw
RAM_D2           0x0000000030000000 0x0000000000048000 xrw
RAM_D3           0x0000000038000000 0x0000000000010000 xrw
ITCMRAM          0x0000000000000000 0x0000000000010000 xrw
*default*        0x0000000000000000 0xffffffffffffffff

Linker script and memory map

LOAD d:/stm32cubeide_1.6.1/stm32cubeide/plugins/com.st.stm32cube.ide.mcu.externaltools.gnu-tools-for-stm32.9-2020-q2-update.win32_1.5.0.202011040924/tools/bin/../lib/gcc/arm-none-eabi/9.3.1/thumb/v7e-m+dp/hard/crti.o
LOAD d:/stm32cubeide_1.6.1/stm32cubeide/plugins/com.st.stm32cube.ide.mcu.externaltools.gnu-tools-for-stm32.9-2020-q2-update.win32_1.5.0.202011040924/tools/bin/../lib/gcc/arm-none-eabi/9.3.1/thumb/v7e-m+dp/hard/crtbegin.o
LOAD d:/stm32cubeide_1.6.1/stm32cubeide/plugins/com.st.stm32cube.ide.mcu.externaltools.gnu-tools-for-stm32.9-2020-q2-update.win32_1.5.0.202011040924/tools/bin/../lib/gcc/arm-none-eabi/9.3.1/../../../../arm-none-eabi/lib/thumb/v7e-m+dp/hard/crt0.o
LOAD Core/Src/dma.o
LOAD Core/Src/freertos.o
LOAD Core/Src/gpio.o
LOAD Core/Src/main.o
LOAD Core/Src/stm32h7xx_hal_msp.o
LOAD Core/Src/stm32h7xx_hal_timebase_tim.o
LOAD Core/Src/stm32h7xx_it.o
LOAD Core/Src/syscalls.o
LOAD Core/Src/sysmem.o
LOAD Core/Src/system_stm32h7xx.o
LOAD Core/Src/usart.o
LOAD Core/Startup/startup_stm32h750vbtx.o
LOAD Drivers/STM32H7xx_HAL_Driver/Src/stm32h7xx_hal.o
LOAD Drivers/STM32H7xx_HAL_Driver/Src/stm32h7xx_hal_cortex.o
LOAD Drivers/STM32H7xx_HAL_Driver/Src/stm32h7xx_hal_dma.o
LOAD Drivers/STM32H7xx_HAL_Driver/Src/stm32h7xx_hal_dma_ex.o
LOAD Drivers/STM32H7xx_HAL_Driver/Src/stm32h7xx_hal_exti.o
LOAD Drivers/STM32H7xx_HAL_Driver/Src/stm32h7xx_hal_flash.o
LOAD Drivers/STM32H7xx_HAL_Driver/Src/stm32h7xx_hal_flash_ex.o
LOAD Drivers/STM32H7xx_HAL_Driver/Src/stm32h7xx_hal_gpio.o
LOAD Drivers/STM32H7xx_HAL_Driver/Src/stm32h7xx_hal_hsem.o
LOAD Drivers/STM32H7xx_HAL_Driver/Src/stm32h7xx_hal_i2c.o
LOAD Drivers/STM32H7xx_HAL_Driver/Src/stm32h7xx_hal_i2c_ex.o
LOAD Drivers/STM32H7xx_HAL_Driver/Src/stm32h7xx_hal_mdma.o
LOAD Drivers/STM32H7xx_HAL_Driver/Src/stm32h7xx_hal_pwr.o
LOAD Drivers/STM32H7xx_HAL_Driver/Src/stm32h7xx_hal_pwr_ex.o
LOAD Drivers/STM32H7xx_HAL_Driver/Src/stm32h7xx_hal_rcc.o
LOAD Drivers/STM32H7xx_HAL_Driver/Src/stm32h7xx_hal_rcc_ex.o
LOAD Drivers/STM32H7xx_HAL_Driver/Src/stm32h7xx_hal_tim.o
LOAD Drivers/STM32H7xx_HAL_Driver/Src/stm32h7xx_hal_tim_ex.o
LOAD Drivers/STM32H7xx_HAL_Driver/Src/stm32h7xx_hal_uart.o
LOAD Drivers/STM32H7xx_HAL_Driver/Src/stm32h7xx_hal_uart_ex.o
LOAD LibROV3/Algorithm.o
LOAD LibROV3/BasicCtrl.o
LOAD LibROV3/Display.o
LOAD LibROV3/Sensor.o
LOAD Middlewares/Third_Party/FreeRTOS/Source/CMSIS_RTOS/cmsis_os.o
LOAD Middlewares/Third_Party/FreeRTOS/Source/croutine.o
LOAD Middlewares/Third_Party/FreeRTOS/Source/event_groups.o
LOAD Middlewares/Third_Party/FreeRTOS/Source/list.o
LOAD Middlewares/Third_Party/FreeRTOS/Source/queue.o
LOAD Middlewares/Third_Party/FreeRTOS/Source/stream_buffer.o
LOAD Middlewares/Third_Party/FreeRTOS/Source/tasks.o
LOAD Middlewares/Third_Party/FreeRTOS/Source/timers.o
LOAD Middlewares/Third_Party/FreeRTOS/Source/portable/GCC/ARM_CM4F/port.o
LOAD Middlewares/Third_Party/FreeRTOS/Source/portable/MemMang/heap_4.o
START GROUP
LOAD d:/stm32cubeide_1.6.1/stm32cubeide/plugins/com.st.stm32cube.ide.mcu.externaltools.gnu-tools-for-stm32.9-2020-q2-update.win32_1.5.0.202011040924/tools/bin/../lib/gcc/arm-none-eabi/9.3.1/../../../../arm-none-eabi/lib/thumb/v7e-m+dp/hard\libc_nano.a
LOAD d:/stm32cubeide_1.6.1/stm32cubeide/plugins/com.st.stm32cube.ide.mcu.externaltools.gnu-tools-for-stm32.9-2020-q2-update.win32_1.5.0.202011040924/tools/bin/../lib/gcc/arm-none-eabi/9.3.1/../../../../arm-none-eabi/lib/thumb/v7e-m+dp/hard\libm.a
END GROUP
START GROUP
LOAD d:/stm32cubeide_1.6.1/stm32cubeide/plugins/com.st.stm32cube.ide.mcu.externaltools.gnu-tools-for-stm32.9-2020-q2-update.win32_1.5.0.202011040924/tools/bin/../lib/gcc/arm-none-eabi/9.3.1/thumb/v7e-m+dp/hard\libgcc.a
LOAD d:/stm32cubeide_1.6.1/stm32cubeide/plugins/com.st.stm32cube.ide.mcu.externaltools.gnu-tools-for-stm32.9-2020-q2-update.win32_1.5.0.202011040924/tools/bin/../lib/gcc/arm-none-eabi/9.3.1/../../../../arm-none-eabi/lib/thumb/v7e-m+dp/hard\libc_nano.a
END GROUP
START GROUP
LOAD d:/stm32cubeide_1.6.1/stm32cubeide/plugins/com.st.stm32cube.ide.mcu.externaltools.gnu-tools-for-stm32.9-2020-q2-update.win32_1.5.0.202011040924/tools/bin/../lib/gcc/arm-none-eabi/9.3.1/thumb/v7e-m+dp/hard\libgcc.a
LOAD d:/stm32cubeide_1.6.1/stm32cubeide/plugins/com.st.stm32cube.ide.mcu.externaltools.gnu-tools-for-stm32.9-2020-q2-update.win32_1.5.0.202011040924/tools/bin/../lib/gcc/arm-none-eabi/9.3.1/../../../../arm-none-eabi/lib/thumb/v7e-m+dp/hard\libc_nano.a
LOAD d:/stm32cubeide_1.6.1/stm32cubeide/plugins/com.st.stm32cube.ide.mcu.externaltools.gnu-tools-for-stm32.9-2020-q2-update.win32_1.5.0.202011040924/tools/bin/../lib/gcc/arm-none-eabi/9.3.1/../../../../arm-none-eabi/lib/thumb/v7e-m+dp/hard\libnosys.a
END GROUP
START GROUP
LOAD d:/stm32cubeide_1.6.1/stm32cubeide/plugins/com.st.stm32cube.ide.mcu.externaltools.gnu-tools-for-stm32.9-2020-q2-update.win32_1.5.0.202011040924/tools/bin/../lib/gcc/arm-none-eabi/9.3.1/thumb/v7e-m+dp/hard\libgcc.a
LOAD d:/stm32cubeide_1.6.1/stm32cubeide/plugins/com.st.stm32cube.ide.mcu.externaltools.gnu-tools-for-stm32.9-2020-q2-update.win32_1.5.0.202011040924/tools/bin/../lib/gcc/arm-none-eabi/9.3.1/../../../../arm-none-eabi/lib/thumb/v7e-m+dp/hard\libc_nano.a
LOAD d:/stm32cubeide_1.6.1/stm32cubeide/plugins/com.st.stm32cube.ide.mcu.externaltools.gnu-tools-for-stm32.9-2020-q2-update.win32_1.5.0.202011040924/tools/bin/../lib/gcc/arm-none-eabi/9.3.1/../../../../arm-none-eabi/lib/thumb/v7e-m+dp/hard\libnosys.a
END GROUP
LOAD d:/stm32cubeide_1.6.1/stm32cubeide/plugins/com.st.stm32cube.ide.mcu.externaltools.gnu-tools-for-stm32.9-2020-q2-update.win32_1.5.0.202011040924/tools/bin/../lib/gcc/arm-none-eabi/9.3.1/thumb/v7e-m+dp/hard/crtend.o
LOAD d:/stm32cubeide_1.6.1/stm32cubeide/plugins/com.st.stm32cube.ide.mcu.externaltools.gnu-tools-for-stm32.9-2020-q2-update.win32_1.5.0.202011040924/tools/bin/../lib/gcc/arm-none-eabi/9.3.1/thumb/v7e-m+dp/hard/crtn.o
                0x0000000024080000                _estack = (ORIGIN (RAM_D1) + LENGTH (RAM_D1))
                0x0000000000000200                _Min_Heap_Size = 0x200
                0x0000000000000400                _Min_Stack_Size = 0x400

.isr_vector     0x0000000008000000      0x298
                0x0000000008000000                . = ALIGN (0x4)
 *(.isr_vector)
 .isr_vector    0x0000000008000000      0x298 Core/Startup/startup_stm32h750vbtx.o
                0x0000000008000000                g_pfnVectors
                0x0000000008000298                . = ALIGN (0x4)

.text           0x00000000080002a0     0xe8d8
                0x00000000080002a0                . = ALIGN (0x4)
 *(.text)
 .text          0x00000000080002a0       0x40 d:/stm32cubeide_1.6.1/stm32cubeide/plugins/com.st.stm32cube.ide.mcu.externaltools.gnu-tools-for-stm32.9-2020-q2-update.win32_1.5.0.202011040924/tools/bin/../lib/gcc/arm-none-eabi/9.3.1/thumb/v7e-m+dp/hard/crtbegin.o
 .text          0x00000000080002e0       0x30 d:/stm32cubeide_1.6.1/stm32cubeide/plugins/com.st.stm32cube.ide.mcu.externaltools.gnu-tools-for-stm32.9-2020-q2-update.win32_1.5.0.202011040924/tools/bin/../lib/gcc/arm-none-eabi/9.3.1/thumb/v7e-m+dp/hard\libgcc.a(_aeabi_uldivmod.o)
                0x00000000080002e0                __aeabi_uldivmod
 .text          0x0000000008000310      0x2c4 d:/stm32cubeide_1.6.1/stm32cubeide/plugins/com.st.stm32cube.ide.mcu.externaltools.gnu-tools-for-stm32.9-2020-q2-update.win32_1.5.0.202011040924/tools/bin/../lib/gcc/arm-none-eabi/9.3.1/thumb/v7e-m+dp/hard\libgcc.a(_udivmoddi4.o)
                0x0000000008000310                __udivmoddi4
 .text          0x00000000080005d4        0x4 d:/stm32cubeide_1.6.1/stm32cubeide/plugins/com.st.stm32cube.ide.mcu.externaltools.gnu-tools-for-stm32.9-2020-q2-update.win32_1.5.0.202011040924/tools/bin/../lib/gcc/arm-none-eabi/9.3.1/thumb/v7e-m+dp/hard\libgcc.a(_dvmd_tls.o)
                0x00000000080005d4                __aeabi_idiv0
                0x00000000080005d4                __aeabi_ldiv0
 *(.text*)
 .text.MX_DMA_Init
                0x00000000080005d8       0xf0 Core/Src/dma.o
                0x00000000080005d8                MX_DMA_Init
 .text.OpenWrt_Delay
                0x00000000080006c8       0x3c Core/Src/freertos.o
 .text.vApplicationGetIdleTaskMemory
                0x0000000008000704       0x34 Core/Src/freertos.o
                0x0000000008000704                vApplicationGetIdleTaskMemory
 .text.MX_FREERTOS_Init
                0x0000000008000738      0x3cc Core/Src/freertos.o
                0x0000000008000738                MX_FREERTOS_Init
 .text.Thread_IdleEntry
                0x0000000008000b04       0x30 Core/Src/freertos.o
                0x0000000008000b04                Thread_IdleEntry
 .text.Thread_GY39Entry
                0x0000000008000b34       0xdc Core/Src/freertos.o
                0x0000000008000b34                Thread_GY39Entry
 .text.Thread_WT931Entry
                0x0000000008000c10       0xd4 Core/Src/freertos.o
                0x0000000008000c10                Thread_WT931Entry
 .text.Thread_WDEntry
                0x0000000008000ce4       0xc8 Core/Src/freertos.o
                0x0000000008000ce4                Thread_WDEntry
 .text.Thread_P30Entry
                0x0000000008000dac       0xdc Core/Src/freertos.o
                0x0000000008000dac                Thread_P30Entry
 .text.Thread_ControlEntry
                0x0000000008000e88      0x278 Core/Src/freertos.o
                0x0000000008000e88                Thread_ControlEntry
 .text.Thread_ReportEntry
                0x0000000008001100      0x1fc Core/Src/freertos.o
                0x0000000008001100                Thread_ReportEntry
 .text.Thread_CatchRptEntry
                0x00000000080012fc       0xc4 Core/Src/freertos.o
                0x00000000080012fc                Thread_CatchRptEntry
 .text.Thread_CatchCmdEntry
                0x00000000080013c0       0xb8 Core/Src/freertos.o
                0x00000000080013c0                Thread_CatchCmdEntry
 .text.MX_GPIO_Init
                0x0000000008001478      0x150 Core/Src/gpio.o
                0x0000000008001478                MX_GPIO_Init
 .text.main     0x00000000080015c8       0x4c Core/Src/main.o
                0x00000000080015c8                main
 .text.SystemClock_Config
                0x0000000008001614      0x108 Core/Src/main.o
                0x0000000008001614                SystemClock_Config
 .text.PeriphCommonClock_Config
                0x000000000800171c       0x58 Core/Src/main.o
                0x000000000800171c                PeriphCommonClock_Config
 .text.HAL_TIM_PeriodElapsedCallback
                0x0000000008001774       0x24 Core/Src/main.o
                0x0000000008001774                HAL_TIM_PeriodElapsedCallback
 .text.Error_Handler
                0x0000000008001798        0xa Core/Src/main.o
                0x0000000008001798                Error_Handler
 *fill*         0x00000000080017a2        0x2 
 .text.HAL_MspInit
                0x00000000080017a4       0x3c Core/Src/stm32h7xx_hal_msp.o
                0x00000000080017a4                HAL_MspInit
 .text.HAL_InitTick
                0x00000000080017e0       0xd8 Core/Src/stm32h7xx_hal_timebase_tim.o
                0x00000000080017e0                HAL_InitTick
 .text.NMI_Handler
                0x00000000080018b8        0x6 Core/Src/stm32h7xx_it.o
                0x00000000080018b8                NMI_Handler
 *fill*         0x00000000080018be        0x2 
 .text.HardFault_Handler
                0x00000000080018c0       0x18 Core/Src/stm32h7xx_it.o
                0x00000000080018c0                HardFault_Handler
 .text.MemManage_Handler
                0x00000000080018d8        0x6 Core/Src/stm32h7xx_it.o
                0x00000000080018d8                MemManage_Handler
 .text.BusFault_Handler
                0x00000000080018de        0x6 Core/Src/stm32h7xx_it.o
                0x00000000080018de                BusFault_Handler
 .text.UsageFault_Handler
                0x00000000080018e4        0x6 Core/Src/stm32h7xx_it.o
                0x00000000080018e4                UsageFault_Handler
 .text.DebugMon_Handler
                0x00000000080018ea        0xe Core/Src/stm32h7xx_it.o
                0x00000000080018ea                DebugMon_Handler
 .text.DMA1_Stream0_IRQHandler
                0x00000000080018f8       0x14 Core/Src/stm32h7xx_it.o
                0x00000000080018f8                DMA1_Stream0_IRQHandler
 .text.DMA1_Stream1_IRQHandler
                0x000000000800190c       0x14 Core/Src/stm32h7xx_it.o
                0x000000000800190c                DMA1_Stream1_IRQHandler
 .text.DMA1_Stream2_IRQHandler
                0x0000000008001920       0x14 Core/Src/stm32h7xx_it.o
                0x0000000008001920                DMA1_Stream2_IRQHandler
 .text.DMA1_Stream3_IRQHandler
                0x0000000008001934       0x14 Core/Src/stm32h7xx_it.o
                0x0000000008001934                DMA1_Stream3_IRQHandler
 .text.DMA1_Stream4_IRQHandler
                0x0000000008001948       0x14 Core/Src/stm32h7xx_it.o
                0x0000000008001948                DMA1_Stream4_IRQHandler
 .text.DMA1_Stream5_IRQHandler
                0x000000000800195c       0x14 Core/Src/stm32h7xx_it.o
                0x000000000800195c                DMA1_Stream5_IRQHandler
 .text.USART1_IRQHandler
                0x0000000008001970      0x158 Core/Src/stm32h7xx_it.o
                0x0000000008001970                USART1_IRQHandler
 .text.USART2_IRQHandler
                0x0000000008001ac8      0x158 Core/Src/stm32h7xx_it.o
                0x0000000008001ac8                USART2_IRQHandler
 .text.USART3_IRQHandler
                0x0000000008001c20      0x158 Core/Src/stm32h7xx_it.o
                0x0000000008001c20                USART3_IRQHandler
 .text.DMA1_Stream7_IRQHandler
                0x0000000008001d78       0x14 Core/Src/stm32h7xx_it.o
                0x0000000008001d78                DMA1_Stream7_IRQHandler
 .text.UART4_IRQHandler
                0x0000000008001d8c      0x158 Core/Src/stm32h7xx_it.o
                0x0000000008001d8c                UART4_IRQHandler
 .text.UART5_IRQHandler
                0x0000000008001ee4      0x158 Core/Src/stm32h7xx_it.o
                0x0000000008001ee4                UART5_IRQHandler
 .text.TIM6_DAC_IRQHandler
                0x000000000800203c       0x14 Core/Src/stm32h7xx_it.o
                0x000000000800203c                TIM6_DAC_IRQHandler
 .text.DMA2_Stream0_IRQHandler
                0x0000000008002050       0x14 Core/Src/stm32h7xx_it.o
                0x0000000008002050                DMA2_Stream0_IRQHandler
 .text.DMA2_Stream1_IRQHandler
                0x0000000008002064       0x14 Core/Src/stm32h7xx_it.o
                0x0000000008002064                DMA2_Stream1_IRQHandler
 .text.DMA2_Stream2_IRQHandler
                0x0000000008002078       0x14 Core/Src/stm32h7xx_it.o
                0x0000000008002078                DMA2_Stream2_IRQHandler
 .text.UART8_IRQHandler
                0x000000000800208c      0x158 Core/Src/stm32h7xx_it.o
                0x000000000800208c                UART8_IRQHandler
 .text.SystemInit
                0x00000000080021e4      0x110 Core/Src/system_stm32h7xx.o
                0x00000000080021e4                SystemInit
 .text.MX_UART4_Init
                0x00000000080022f4       0x98 Core/Src/usart.o
                0x00000000080022f4                MX_UART4_Init
 .text.MX_UART5_Init
                0x000000000800238c       0x98 Core/Src/usart.o
                0x000000000800238c                MX_UART5_Init
 .text.MX_UART8_Init
                0x0000000008002424       0x98 Core/Src/usart.o
                0x0000000008002424                MX_UART8_Init
 .text.MX_USART1_UART_Init
                0x00000000080024bc       0x98 Core/Src/usart.o
                0x00000000080024bc                MX_USART1_UART_Init
 .text.MX_USART2_UART_Init
                0x0000000008002554       0x98 Core/Src/usart.o
                0x0000000008002554                MX_USART2_UART_Init
 .text.MX_USART3_UART_Init
                0x00000000080025ec       0x98 Core/Src/usart.o
                0x00000000080025ec                MX_USART3_UART_Init
 .text.HAL_UART_MspInit
                0x0000000008002684      0x710 Core/Src/usart.o
                0x0000000008002684                HAL_UART_MspInit
 .text.Reset_Handler
                0x0000000008002d94       0x50 Core/Startup/startup_stm32h750vbtx.o
                0x0000000008002d94                Reset_Handler
 .text.Default_Handler
                0x0000000008002de4        0x2 Core/Startup/startup_stm32h750vbtx.o
                0x0000000008002de4                RTC_Alarm_IRQHandler
                0x0000000008002de4                HASH_RNG_IRQHandler
                0x0000000008002de4                EXTI2_IRQHandler
                0x0000000008002de4                TIM8_CC_IRQHandler
                0x0000000008002de4                HRTIM1_Master_IRQHandler
                0x0000000008002de4                SPI4_IRQHandler
                0x0000000008002de4                TIM1_CC_IRQHandler
                0x0000000008002de4                BDMA_Channel6_IRQHandler
                0x0000000008002de4                DMA2_Stream5_IRQHandler
                0x0000000008002de4                HRTIM1_FLT_IRQHandler
                0x0000000008002de4                JPEG_IRQHandler
                0x0000000008002de4                BDMA_Channel1_IRQHandler
                0x0000000008002de4                HRTIM1_TIMD_IRQHandler
                0x0000000008002de4                TAMP_STAMP_IRQHandler
                0x0000000008002de4                EXTI3_IRQHandler
                0x0000000008002de4                LPTIM4_IRQHandler
                0x0000000008002de4                TIM8_TRG_COM_TIM14_IRQHandler
                0x0000000008002de4                LPTIM2_IRQHandler
                0x0000000008002de4                DFSDM1_FLT1_IRQHandler
                0x0000000008002de4                DMAMUX2_OVR_IRQHandler
                0x0000000008002de4                TIM8_UP_TIM13_IRQHandler
                0x0000000008002de4                I2C3_ER_IRQHandler
                0x0000000008002de4                DFSDM1_FLT2_IRQHandler
                0x0000000008002de4                MDMA_IRQHandler
                0x0000000008002de4                LPTIM3_IRQHandler
                0x0000000008002de4                HSEM1_IRQHandler
                0x0000000008002de4                EXTI0_IRQHandler
                0x0000000008002de4                I2C2_EV_IRQHandler
                0x0000000008002de4                FPU_IRQHandler
                0x0000000008002de4                OTG_HS_WKUP_IRQHandler
                0x0000000008002de4                FDCAN1_IT1_IRQHandler
                0x0000000008002de4                LTDC_ER_IRQHandler
                0x0000000008002de4                HRTIM1_TIME_IRQHandler
                0x0000000008002de4                SPI1_IRQHandler
                0x0000000008002de4                DCMI_IRQHandler
                0x0000000008002de4                HRTIM1_TIMC_IRQHandler
                0x0000000008002de4                DMA2_Stream3_IRQHandler
                0x0000000008002de4                SAI2_IRQHandler
                0x0000000008002de4                DFSDM1_FLT3_IRQHandler
                0x0000000008002de4                USART6_IRQHandler
                0x0000000008002de4                TIM17_IRQHandler
                0x0000000008002de4                BDMA_Channel7_IRQHandler
                0x0000000008002de4                CRYP_IRQHandler
                0x0000000008002de4                LPTIM5_IRQHandler
                0x0000000008002de4                ADC3_IRQHandler
                0x0000000008002de4                TIM4_IRQHandler
                0x0000000008002de4                BDMA_Channel2_IRQHandler
                0x0000000008002de4                QUADSPI_IRQHandler
                0x0000000008002de4                I2C1_EV_IRQHandler
                0x0000000008002de4                DMA1_Stream6_IRQHandler
                0x0000000008002de4                DMAMUX1_OVR_IRQHandler
                0x0000000008002de4                TIM16_IRQHandler
                0x0000000008002de4                BDMA_Channel5_IRQHandler
                0x0000000008002de4                TIM3_IRQHandler
                0x0000000008002de4                RCC_IRQHandler
                0x0000000008002de4                TIM8_BRK_TIM12_IRQHandler
                0x0000000008002de4                TIM1_TRG_COM_IRQHandler
                0x0000000008002de4                Default_Handler
                0x0000000008002de4                ECC_IRQHandler
                0x0000000008002de4                CEC_IRQHandler
                0x0000000008002de4                EXTI15_10_IRQHandler
                0x0000000008002de4                BDMA_Channel0_IRQHandler
                0x0000000008002de4                ADC_IRQHandler
                0x0000000008002de4                HRTIM1_TIMA_IRQHandler
                0x0000000008002de4                SPI5_IRQHandler
                0x0000000008002de4                TIM7_IRQHandler
                0x0000000008002de4                SDMMC1_IRQHandler
                0x0000000008002de4                TIM5_IRQHandler
                0x0000000008002de4                DMA2_Stream7_IRQHandler
                0x0000000008002de4                TIM15_IRQHandler
                0x0000000008002de4                PVD_AVD_IRQHandler
                0x0000000008002de4                I2C3_EV_IRQHandler
                0x0000000008002de4                EXTI9_5_IRQHandler
                0x0000000008002de4                RTC_WKUP_IRQHandler
                0x0000000008002de4                LTDC_IRQHandler
                0x0000000008002de4                SAI3_IRQHandler
                0x0000000008002de4                ETH_WKUP_IRQHandler
                0x0000000008002de4                SPDIF_RX_IRQHandler
                0x0000000008002de4                SPI2_IRQHandler
                0x0000000008002de4                OTG_HS_EP1_IN_IRQHandler
                0x0000000008002de4                CRS_IRQHandler
                0x0000000008002de4                EXTI4_IRQHandler
                0x0000000008002de4                HRTIM1_TIMB_IRQHandler
                0x0000000008002de4                FDCAN2_IT1_IRQHandler
                0x0000000008002de4                ETH_IRQHandler
                0x0000000008002de4                TIM1_UP_IRQHandler
                0x0000000008002de4                BDMA_Channel4_IRQHandler
                0x0000000008002de4                OTG_HS_EP1_OUT_IRQHandler
                0x0000000008002de4                WWDG_IRQHandler
                0x0000000008002de4                SPI6_IRQHandler
                0x0000000008002de4                MDIOS_IRQHandler
                0x0000000008002de4                I2C4_EV_IRQHandler
                0x0000000008002de4                FDCAN2_IT0_IRQHandler
                0x0000000008002de4                LPUART1_IRQHandler
                0x0000000008002de4                FDCAN1_IT0_IRQHandler
                0x0000000008002de4                TIM2_IRQHandler
                0x0000000008002de4                OTG_FS_WKUP_IRQHandler
                0x0000000008002de4                OTG_HS_IRQHandler
                0x0000000008002de4                DMA2D_IRQHandler
                0x0000000008002de4                TIM1_BRK_IRQHandler
                0x0000000008002de4                EXTI1_IRQHandler
                0x0000000008002de4                SDMMC2_IRQHandler
                0x0000000008002de4                OTG_FS_EP1_OUT_IRQHandler
                0x0000000008002de4                BDMA_Channel3_IRQHandler
                0x0000000008002de4                UART7_IRQHandler
                0x0000000008002de4                MDIOS_WKUP_IRQHandler
                0x0000000008002de4                DFSDM1_FLT0_IRQHandler
                0x0000000008002de4                SAI4_IRQHandler
                0x0000000008002de4                I2C2_ER_IRQHandler
                0x0000000008002de4                FLASH_IRQHandler
                0x0000000008002de4                DMA2_Stream4_IRQHandler
                0x0000000008002de4                OTG_FS_IRQHandler
                0x0000000008002de4                SPI3_IRQHandler
                0x0000000008002de4                WAKEUP_PIN_IRQHandler
                0x0000000008002de4                OTG_FS_EP1_IN_IRQHandler
                0x0000000008002de4                I2C1_ER_IRQHandler
                0x0000000008002de4                FMC_IRQHandler
                0x0000000008002de4                FDCAN_CAL_IRQHandler
                0x0000000008002de4                SWPMI1_IRQHandler
                0x0000000008002de4                COMP1_IRQHandler
                0x0000000008002de4                LPTIM1_IRQHandler
                0x0000000008002de4                I2C4_ER_IRQHandler
                0x0000000008002de4                DMA2_Stream6_IRQHandler
                0x0000000008002de4                SAI1_IRQHandler
 *fill*         0x0000000008002de6        0x2 
 .text.HAL_Init
                0x0000000008002de8       0x78 Drivers/STM32H7xx_HAL_Driver/Src/stm32h7xx_hal.o
                0x0000000008002de8                HAL_Init
 .text.HAL_IncTick
                0x0000000008002e60       0x28 Drivers/STM32H7xx_HAL_Driver/Src/stm32h7xx_hal.o
                0x0000000008002e60                HAL_IncTick
 .text.HAL_GetTick
                0x0000000008002e88       0x18 Drivers/STM32H7xx_HAL_Driver/Src/stm32h7xx_hal.o
                0x0000000008002e88                HAL_GetTick
 .text.HAL_GetREVID
                0x0000000008002ea0       0x18 Drivers/STM32H7xx_HAL_Driver/Src/stm32h7xx_hal.o
                0x0000000008002ea0                HAL_GetREVID
 .text.__NVIC_SetPriorityGrouping
                0x0000000008002eb8       0x48 Drivers/STM32H7xx_HAL_Driver/Src/stm32h7xx_hal_cortex.o
 .text.__NVIC_GetPriorityGrouping
                0x0000000008002f00       0x1c Drivers/STM32H7xx_HAL_Driver/Src/stm32h7xx_hal_cortex.o
 .text.__NVIC_EnableIRQ
                0x0000000008002f1c       0x3c Drivers/STM32H7xx_HAL_Driver/Src/stm32h7xx_hal_cortex.o
 .text.__NVIC_SetPriority
                0x0000000008002f58       0x54 Drivers/STM32H7xx_HAL_Driver/Src/stm32h7xx_hal_cortex.o
 .text.NVIC_EncodePriority
                0x0000000008002fac       0x66 Drivers/STM32H7xx_HAL_Driver/Src/stm32h7xx_hal_cortex.o
 .text.HAL_NVIC_SetPriorityGrouping
                0x0000000008003012       0x16 Drivers/STM32H7xx_HAL_Driver/Src/stm32h7xx_hal_cortex.o
                0x0000000008003012                HAL_NVIC_SetPriorityGrouping
 .text.HAL_NVIC_SetPriority
                0x0000000008003028       0x34 Drivers/STM32H7xx_HAL_Driver/Src/stm32h7xx_hal_cortex.o
                0x0000000008003028                HAL_NVIC_SetPriority
 .text.HAL_NVIC_EnableIRQ
                0x000000000800305c       0x1c Drivers/STM32H7xx_HAL_Driver/Src/stm32h7xx_hal_cortex.o
                0x000000000800305c                HAL_NVIC_EnableIRQ
 .text.HAL_DMA_Init
                0x0000000008003078      0x6b8 Drivers/STM32H7xx_HAL_Driver/Src/stm32h7xx_hal_dma.o
                0x0000000008003078                HAL_DMA_Init
 .text.HAL_DMA_Start_IT
                0x0000000008003730      0x4d4 Drivers/STM32H7xx_HAL_Driver/Src/stm32h7xx_hal_dma.o
                0x0000000008003730                HAL_DMA_Start_IT
 .text.HAL_DMA_Abort
                0x0000000008003c04      0x63c Drivers/STM32H7xx_HAL_Driver/Src/stm32h7xx_hal_dma.o
                0x0000000008003c04                HAL_DMA_Abort
 .text.HAL_DMA_Abort_IT
                0x0000000008004240      0x488 Drivers/STM32H7xx_HAL_Driver/Src/stm32h7xx_hal_dma.o
                0x0000000008004240                HAL_DMA_Abort_IT
 .text.HAL_DMA_IRQHandler
                0x00000000080046c8      0xe54 Drivers/STM32H7xx_HAL_Driver/Src/stm32h7xx_hal_dma.o
                0x00000000080046c8                HAL_DMA_IRQHandler
 .text.HAL_DMA_GetState
                0x000000000800551c       0x1c Drivers/STM32H7xx_HAL_Driver/Src/stm32h7xx_hal_dma.o
                0x000000000800551c                HAL_DMA_GetState
 .text.HAL_DMA_GetError
                0x0000000008005538       0x18 Drivers/STM32H7xx_HAL_Driver/Src/stm32h7xx_hal_dma.o
                0x0000000008005538                HAL_DMA_GetError
 .text.DMA_SetConfig
                0x0000000008005550      0x358 Drivers/STM32H7xx_HAL_Driver/Src/stm32h7xx_hal_dma.o
 .text.DMA_CalcBaseAndBitshift
                0x00000000080058a8      0x164 Drivers/STM32H7xx_HAL_Driver/Src/stm32h7xx_hal_dma.o
 .text.DMA_CheckFifoParam
                0x0000000008005a0c       0xf8 Drivers/STM32H7xx_HAL_Driver/Src/stm32h7xx_hal_dma.o
 .text.DMA_CalcDMAMUXChannelBaseAndMask
                0x0000000008005b04      0x134 Drivers/STM32H7xx_HAL_Driver/Src/stm32h7xx_hal_dma.o
 .text.DMA_CalcDMAMUXRequestGenBaseAndMask
                0x0000000008005c38       0xe8 Drivers/STM32H7xx_HAL_Driver/Src/stm32h7xx_hal_dma.o
 .text.HAL_GPIO_Init
                0x0000000008005d20      0x360 Drivers/STM32H7xx_HAL_Driver/Src/stm32h7xx_hal_gpio.o
                0x0000000008005d20                HAL_GPIO_Init
 .text.HAL_GPIO_ReadPin
                0x0000000008006080       0x30 Drivers/STM32H7xx_HAL_Driver/Src/stm32h7xx_hal_gpio.o
                0x0000000008006080                HAL_GPIO_ReadPin
 .text.HAL_GPIO_WritePin
                0x00000000080060b0       0x32 Drivers/STM32H7xx_HAL_Driver/Src/stm32h7xx_hal_gpio.o
                0x00000000080060b0                HAL_GPIO_WritePin
 .text.HAL_GPIO_TogglePin
                0x00000000080060e2       0x34 Drivers/STM32H7xx_HAL_Driver/Src/stm32h7xx_hal_gpio.o
                0x00000000080060e2                HAL_GPIO_TogglePin
 *fill*         0x0000000008006116        0x2 
 .text.HAL_PWREx_ConfigSupply
                0x0000000008006118       0x74 Drivers/STM32H7xx_HAL_Driver/Src/stm32h7xx_hal_pwr_ex.o
                0x0000000008006118                HAL_PWREx_ConfigSupply
 .text.HAL_RCC_OscConfig
                0x000000000800618c      0x858 Drivers/STM32H7xx_HAL_Driver/Src/stm32h7xx_hal_rcc.o
                0x000000000800618c                HAL_RCC_OscConfig
 .text.HAL_RCC_ClockConfig
                0x00000000080069e4      0x36c Drivers/STM32H7xx_HAL_Driver/Src/stm32h7xx_hal_rcc.o
                0x00000000080069e4                HAL_RCC_ClockConfig
 .text.HAL_RCC_GetSysClockFreq
                0x0000000008006d50      0x2f4 Drivers/STM32H7xx_HAL_Driver/Src/stm32h7xx_hal_rcc.o
                0x0000000008006d50                HAL_RCC_GetSysClockFreq
 .text.HAL_RCC_GetHCLKFreq
                0x0000000008007044       0x60 Drivers/STM32H7xx_HAL_Driver/Src/stm32h7xx_hal_rcc.o
                0x0000000008007044                HAL_RCC_GetHCLKFreq
 .text.HAL_RCC_GetPCLK1Freq
                0x00000000080070a4       0x2c Drivers/STM32H7xx_HAL_Driver/Src/stm32h7xx_hal_rcc.o
                0x00000000080070a4                HAL_RCC_GetPCLK1Freq
 .text.HAL_RCC_GetPCLK2Freq
                0x00000000080070d0       0x2c Drivers/STM32H7xx_HAL_Driver/Src/stm32h7xx_hal_rcc.o
                0x00000000080070d0                HAL_RCC_GetPCLK2Freq
 .text.HAL_RCC_GetClockConfig
                0x00000000080070fc       0x84 Drivers/STM32H7xx_HAL_Driver/Src/stm32h7xx_hal_rcc.o
                0x00000000080070fc                HAL_RCC_GetClockConfig
 .text.HAL_RCCEx_PeriphCLKConfig
                0x0000000008007180      0xe80 Drivers/STM32H7xx_HAL_Driver/Src/stm32h7xx_hal_rcc_ex.o
                0x0000000008007180                HAL_RCCEx_PeriphCLKConfig
 .text.HAL_RCCEx_GetD3PCLK1Freq
                0x0000000008008000       0x2c Drivers/STM32H7xx_HAL_Driver/Src/stm32h7xx_hal_rcc_ex.o
                0x0000000008008000                HAL_RCCEx_GetD3PCLK1Freq
 .text.HAL_RCCEx_GetPLL2ClockFreq
                0x000000000800802c      0x2a8 Drivers/STM32H7xx_HAL_Driver/Src/stm32h7xx_hal_rcc_ex.o
                0x000000000800802c                HAL_RCCEx_GetPLL2ClockFreq
 .text.HAL_RCCEx_GetPLL3ClockFreq
                0x00000000080082d4      0x2a8 Drivers/STM32H7xx_HAL_Driver/Src/stm32h7xx_hal_rcc_ex.o
                0x00000000080082d4                HAL_RCCEx_GetPLL3ClockFreq
 .text.RCCEx_PLL2_Config
                0x000000000800857c      0x164 Drivers/STM32H7xx_HAL_Driver/Src/stm32h7xx_hal_rcc_ex.o
 .text.RCCEx_PLL3_Config
                0x00000000080086e0      0x164 Drivers/STM32H7xx_HAL_Driver/Src/stm32h7xx_hal_rcc_ex.o
 .text.HAL_TIM_Base_Init
                0x0000000008008844       0xae Drivers/STM32H7xx_HAL_Driver/Src/stm32h7xx_hal_tim.o
                0x0000000008008844                HAL_TIM_Base_Init
 .text.HAL_TIM_Base_MspInit
                0x00000000080088f2       0x14 Drivers/STM32H7xx_HAL_Driver/Src/stm32h7xx_hal_tim.o
                0x00000000080088f2                HAL_TIM_Base_MspInit
 *fill*         0x0000000008008906        0x2 
 .text.HAL_TIM_Base_Start_IT
                0x0000000008008908       0xf0 Drivers/STM32H7xx_HAL_Driver/Src/stm32h7xx_hal_tim.o
                0x0000000008008908                HAL_TIM_Base_Start_IT
 .text.HAL_TIM_IRQHandler
                0x00000000080089f8      0x23e Drivers/STM32H7xx_HAL_Driver/Src/stm32h7xx_hal_tim.o
                0x00000000080089f8                HAL_TIM_IRQHandler
 .text.HAL_TIM_OC_DelayElapsedCallback
                0x0000000008008c36       0x14 Drivers/STM32H7xx_HAL_Driver/Src/stm32h7xx_hal_tim.o
                0x0000000008008c36                HAL_TIM_OC_DelayElapsedCallback
 .text.HAL_TIM_IC_CaptureCallback
                0x0000000008008c4a       0x14 Drivers/STM32H7xx_HAL_Driver/Src/stm32h7xx_hal_tim.o
                0x0000000008008c4a                HAL_TIM_IC_CaptureCallback
 .text.HAL_TIM_PWM_PulseFinishedCallback
                0x0000000008008c5e       0x14 Drivers/STM32H7xx_HAL_Driver/Src/stm32h7xx_hal_tim.o
                0x0000000008008c5e                HAL_TIM_PWM_PulseFinishedCallback
 .text.HAL_TIM_TriggerCallback
                0x0000000008008c72       0x14 Drivers/STM32H7xx_HAL_Driver/Src/stm32h7xx_hal_tim.o
                0x0000000008008c72                HAL_TIM_TriggerCallback
 *fill*         0x0000000008008c86        0x2 
 .text.TIM_Base_SetConfig
                0x0000000008008c88      0x134 Drivers/STM32H7xx_HAL_Driver/Src/stm32h7xx_hal_tim.o
                0x0000000008008c88                TIM_Base_SetConfig
 .text.HAL_TIMEx_CommutCallback
                0x0000000008008dbc       0x14 Drivers/STM32H7xx_HAL_Driver/Src/stm32h7xx_hal_tim_ex.o
                0x0000000008008dbc                HAL_TIMEx_CommutCallback
 .text.HAL_TIMEx_BreakCallback
                0x0000000008008dd0       0x14 Drivers/STM32H7xx_HAL_Driver/Src/stm32h7xx_hal_tim_ex.o
                0x0000000008008dd0                HAL_TIMEx_BreakCallback
 .text.HAL_TIMEx_Break2Callback
                0x0000000008008de4       0x14 Drivers/STM32H7xx_HAL_Driver/Src/stm32h7xx_hal_tim_ex.o
                0x0000000008008de4                HAL_TIMEx_Break2Callback
 .text.HAL_UART_Init
                0x0000000008008df8       0xa0 Drivers/STM32H7xx_HAL_Driver/Src/stm32h7xx_hal_uart.o
                0x0000000008008df8                HAL_UART_Init
 .text.HAL_UART_Transmit_DMA
                0x0000000008008e98      0x124 Drivers/STM32H7xx_HAL_Driver/Src/stm32h7xx_hal_uart.o
                0x0000000008008e98                HAL_UART_Transmit_DMA
 .text.HAL_UART_Receive_DMA
                0x0000000008008fbc       0xac Drivers/STM32H7xx_HAL_Driver/Src/stm32h7xx_hal_uart.o
                0x0000000008008fbc                HAL_UART_Receive_DMA
 .text.HAL_UART_DMAStop
                0x0000000008009068      0x126 Drivers/STM32H7xx_HAL_Driver/Src/stm32h7xx_hal_uart.o
                0x0000000008009068                HAL_UART_DMAStop
 *fill*         0x000000000800918e        0x2 
 .text.HAL_UART_IRQHandler
                0x0000000008009190      0x73c Drivers/STM32H7xx_HAL_Driver/Src/stm32h7xx_hal_uart.o
                0x0000000008009190                HAL_UART_IRQHandler
 .text.HAL_UART_TxCpltCallback
                0x00000000080098cc       0x14 Drivers/STM32H7xx_HAL_Driver/Src/stm32h7xx_hal_uart.o
                0x00000000080098cc                HAL_UART_TxCpltCallback
 .text.HAL_UART_TxHalfCpltCallback
                0x00000000080098e0       0x14 Drivers/STM32H7xx_HAL_Driver/Src/stm32h7xx_hal_uart.o
                0x00000000080098e0                HAL_UART_TxHalfCpltCallback
 .text.HAL_UART_RxCpltCallback
                0x00000000080098f4       0x14 Drivers/STM32H7xx_HAL_Driver/Src/stm32h7xx_hal_uart.o
                0x00000000080098f4                HAL_UART_RxCpltCallback
 .text.HAL_UART_RxHalfCpltCallback
                0x0000000008009908       0x14 Drivers/STM32H7xx_HAL_Driver/Src/stm32h7xx_hal_uart.o
                0x0000000008009908                HAL_UART_RxHalfCpltCallback
 .text.HAL_UART_ErrorCallback
                0x000000000800991c       0x14 Drivers/STM32H7xx_HAL_Driver/Src/stm32h7xx_hal_uart.o
                0x000000000800991c                HAL_UART_ErrorCallback
 .text.HAL_UARTEx_RxEventCallback
                0x0000000008009930       0x18 Drivers/STM32H7xx_HAL_Driver/Src/stm32h7xx_hal_uart.o
                0x0000000008009930                HAL_UARTEx_RxEventCallback
 .text.HAL_UART_GetState
                0x0000000008009948       0x2a Drivers/STM32H7xx_HAL_Driver/Src/stm32h7xx_hal_uart.o
                0x0000000008009948                HAL_UART_GetState
 *fill*         0x0000000008009972        0x2 
 .text.UART_SetConfig
                0x0000000008009974      0xac0 Drivers/STM32H7xx_HAL_Driver/Src/stm32h7xx_hal_uart.o
                0x0000000008009974                UART_SetConfig
 .text.UART_AdvFeatureConfig
                0x000000000800a434      0x144 Drivers/STM32H7xx_HAL_Driver/Src/stm32h7xx_hal_uart.o
                0x000000000800a434                UART_AdvFeatureConfig
 .text.UART_CheckIdleState
                0x000000000800a578       0x96 Drivers/STM32H7xx_HAL_Driver/Src/stm32h7xx_hal_uart.o
                0x000000000800a578                UART_CheckIdleState
 .text.UART_WaitOnFlagUntilTimeout
                0x000000000800a60e      0x190 Drivers/STM32H7xx_HAL_Driver/Src/stm32h7xx_hal_uart.o
                0x000000000800a60e                UART_WaitOnFlagUntilTimeout
 *fill*         0x000000000800a79e        0x2 
 .text.UART_Start_Receive_DMA
                0x000000000800a7a0      0x150 Drivers/STM32H7xx_HAL_Driver/Src/stm32h7xx_hal_uart.o
                0x000000000800a7a0                UART_Start_Receive_DMA
 .text.UART_EndTxTransfer
                0x000000000800a8f0       0x82 Drivers/STM32H7xx_HAL_Driver/Src/stm32h7xx_hal_uart.o
 *fill*         0x000000000800a972        0x2 
 .text.UART_EndRxTransfer
                0x000000000800a974       0xcc Drivers/STM32H7xx_HAL_Driver/Src/stm32h7xx_hal_uart.o
 .text.UART_DMATransmitCplt
                0x000000000800aa40       0x96 Drivers/STM32H7xx_HAL_Driver/Src/stm32h7xx_hal_uart.o
 .text.UART_DMATxHalfCplt
                0x000000000800aad6       0x1c Drivers/STM32H7xx_HAL_Driver/Src/stm32h7xx_hal_uart.o
 .text.UART_DMAReceiveCplt
                0x000000000800aaf2      0x122 Drivers/STM32H7xx_HAL_Driver/Src/stm32h7xx_hal_uart.o
 .text.UART_DMARxHalfCplt
                0x000000000800ac14       0x38 Drivers/STM32H7xx_HAL_Driver/Src/stm32h7xx_hal_uart.o
 .text.UART_DMAError
                0x000000000800ac4c       0x80 Drivers/STM32H7xx_HAL_Driver/Src/stm32h7xx_hal_uart.o
 .text.UART_DMAAbortOnError
                0x000000000800accc       0x2c Drivers/STM32H7xx_HAL_Driver/Src/stm32h7xx_hal_uart.o
 .text.UART_EndTransmit_IT
                0x000000000800acf8       0x56 Drivers/STM32H7xx_HAL_Driver/Src/stm32h7xx_hal_uart.o
 .text.HAL_UARTEx_WakeupCallback
                0x000000000800ad4e       0x14 Drivers/STM32H7xx_HAL_Driver/Src/stm32h7xx_hal_uart_ex.o
                0x000000000800ad4e                HAL_UARTEx_WakeupCallback
 .text.HAL_UARTEx_RxFifoFullCallback
                0x000000000800ad62       0x14 Drivers/STM32H7xx_HAL_Driver/Src/stm32h7xx_hal_uart_ex.o
                0x000000000800ad62                HAL_UARTEx_RxFifoFullCallback
 .text.HAL_UARTEx_TxFifoEmptyCallback
                0x000000000800ad76       0x14 Drivers/STM32H7xx_HAL_Driver/Src/stm32h7xx_hal_uart_ex.o
                0x000000000800ad76                HAL_UARTEx_TxFifoEmptyCallback
 .text.HAL_UARTEx_DisableFifoMode
                0x000000000800ad8a       0x72 Drivers/STM32H7xx_HAL_Driver/Src/stm32h7xx_hal_uart_ex.o
                0x000000000800ad8a                HAL_UARTEx_DisableFifoMode
 .text.HAL_UARTEx_SetTxFifoThreshold
                0x000000000800adfc       0x7c Drivers/STM32H7xx_HAL_Driver/Src/stm32h7xx_hal_uart_ex.o
                0x000000000800adfc                HAL_UARTEx_SetTxFifoThreshold
 .text.HAL_UARTEx_SetRxFifoThreshold
                0x000000000800ae78       0x7c Drivers/STM32H7xx_HAL_Driver/Src/stm32h7xx_hal_uart_ex.o
                0x000000000800ae78                HAL_UARTEx_SetRxFifoThreshold
 .text.UARTEx_SetNbDataToProcess
                0x000000000800aef4       0x9c Drivers/STM32H7xx_HAL_Driver/Src/stm32h7xx_hal_uart_ex.o
 .text.initPID  0x000000000800af90       0xa0 LibROV3/Algorithm.o
                0x000000000800af90                initPID
 .text.calculatePID_position
                0x000000000800b030      0x234 LibROV3/Algorithm.o
                0x000000000800b030                calculatePID_position
 .text.CaptureReportData
                0x000000000800b264      0x248 LibROV3/BasicCtrl.o
                0x000000000800b264                CaptureReportData
 .text.ReportDataAnalysis
                0x000000000800b4ac      0x400 LibROV3/BasicCtrl.o
                0x000000000800b4ac                ReportDataAnalysis
 .text.CaptureControlData
                0x000000000800b8ac      0x268 LibROV3/BasicCtrl.o
                0x000000000800b8ac                CaptureControlData
 .text.ControlDataGenerate
                0x000000000800bb14      0x174 LibROV3/BasicCtrl.o
                0x000000000800bb14                ControlDataGenerate
 .text.InitP30  0x000000000800bc88       0x72 LibROV3/Sensor.o
                0x000000000800bc88                InitP30
 *fill*         0x000000000800bcfa        0x2 
 .text.ReceiveP30
                0x000000000800bcfc      0x164 LibROV3/Sensor.o
                0x000000000800bcfc                ReceiveP30
 .text.ReceiveDeep
                0x000000000800be60      0x244 LibROV3/Sensor.o
                0x000000000800be60                ReceiveDeep
 .text.InitGY39
                0x000000000800c0a4       0x2a LibROV3/Sensor.o
                0x000000000800c0a4                InitGY39
 .text.ReceiveGY39
                0x000000000800c0ce       0x9e LibROV3/Sensor.o
                0x000000000800c0ce                ReceiveGY39
 .text.ReceiveWT931
                0x000000000800c16c      0x268 LibROV3/Sensor.o
                0x000000000800c16c                ReceiveWT931
 .text.makeFreeRtosPriority
                0x000000000800c3d4       0x30 Middlewares/Third_Party/FreeRTOS/Source/CMSIS_RTOS/cmsis_os.o
 .text.osKernelStart
                0x000000000800c404        0xe Middlewares/Third_Party/FreeRTOS/Source/CMSIS_RTOS/cmsis_os.o
                0x000000000800c404                osKernelStart
 .text.osThreadCreate
                0x000000000800c412       0x98 Middlewares/Third_Party/FreeRTOS/Source/CMSIS_RTOS/cmsis_os.o
                0x000000000800c412                osThreadCreate
 .text.osDelay  0x000000000800c4aa       0x28 Middlewares/Third_Party/FreeRTOS/Source/CMSIS_RTOS/cmsis_os.o
                0x000000000800c4aa                osDelay
 .text.osSemaphoreCreate
                0x000000000800c4d2       0x64 Middlewares/Third_Party/FreeRTOS/Source/CMSIS_RTOS/cmsis_os.o
                0x000000000800c4d2                osSemaphoreCreate
 .text.osMessageCreate
                0x000000000800c536       0x50 Middlewares/Third_Party/FreeRTOS/Source/CMSIS_RTOS/cmsis_os.o
                0x000000000800c536                osMessageCreate
 .text.vListInitialise
                0x000000000800c586       0x40 Middlewares/Third_Party/FreeRTOS/Source/list.o
                0x000000000800c586                vListInitialise
 .text.vListInitialiseItem
                0x000000000800c5c6       0x1a Middlewares/Third_Party/FreeRTOS/Source/list.o
                0x000000000800c5c6                vListInitialiseItem
 .text.vListInsertEnd
                0x000000000800c5e0       0x48 Middlewares/Third_Party/FreeRTOS/Source/list.o
                0x000000000800c5e0                vListInsertEnd
 .text.vListInsert
                0x000000000800c628       0x72 Middlewares/Third_Party/FreeRTOS/Source/list.o
                0x000000000800c628                vListInsert
 .text.uxListRemove
                0x000000000800c69a       0x54 Middlewares/Third_Party/FreeRTOS/Source/list.o
                0x000000000800c69a                uxListRemove
 *fill*         0x000000000800c6ee        0x2 
 .text.xQueueGenericReset
                0x000000000800c6f0       0xd0 Middlewares/Third_Party/FreeRTOS/Source/queue.o
                0x000000000800c6f0                xQueueGenericReset
 .text.xQueueGenericCreateStatic
                0x000000000800c7c0       0xf0 Middlewares/Third_Party/FreeRTOS/Source/queue.o
                0x000000000800c7c0                xQueueGenericCreateStatic
 .text.xQueueGenericCreate
                0x000000000800c8b0       0x74 Middlewares/Third_Party/FreeRTOS/Source/queue.o
                0x000000000800c8b0                xQueueGenericCreate
 .text.prvInitialiseNewQueue
                0x000000000800c924       0x3e Middlewares/Third_Party/FreeRTOS/Source/queue.o
 *fill*         0x000000000800c962        0x2 
 .text.xQueueGenericSend
                0x000000000800c964      0x1fc Middlewares/Third_Party/FreeRTOS/Source/queue.o
                0x000000000800c964                xQueueGenericSend
 .text.xQueueGiveFromISR
                0x000000000800cb60      0x11a Middlewares/Third_Party/FreeRTOS/Source/queue.o
                0x000000000800cb60                xQueueGiveFromISR
 *fill*         0x000000000800cc7a        0x2 
 .text.xQueueReceive
                0x000000000800cc7c      0x1c0 Middlewares/Third_Party/FreeRTOS/Source/queue.o
                0x000000000800cc7c                xQueueReceive
 .text.xQueueSemaphoreTake
                0x000000000800ce3c      0x218 Middlewares/Third_Party/FreeRTOS/Source/queue.o
                0x000000000800ce3c                xQueueSemaphoreTake
 .text.prvGetDisinheritPriorityAfterTimeout
                0x000000000800d054       0x30 Middlewares/Third_Party/FreeRTOS/Source/queue.o
 .text.prvCopyDataToQueue
                0x000000000800d084       0xd4 Middlewares/Third_Party/FreeRTOS/Source/queue.o
 .text.prvCopyDataFromQueue
                0x000000000800d158       0x4c Middlewares/Third_Party/FreeRTOS/Source/queue.o
 .text.prvUnlockQueue
                0x000000000800d1a4       0xa4 Middlewares/Third_Party/FreeRTOS/Source/queue.o
 .text.prvIsQueueEmpty
                0x000000000800d248       0x2c Middlewares/Third_Party/FreeRTOS/Source/queue.o
 .text.prvIsQueueFull
                0x000000000800d274       0x30 Middlewares/Third_Party/FreeRTOS/Source/queue.o
 .text.xTaskCreateStatic
                0x000000000800d2a4       0xba Middlewares/Third_Party/FreeRTOS/Source/tasks.o
                0x000000000800d2a4                xTaskCreateStatic
 .text.xTaskCreate
                0x000000000800d35e       0x8a Middlewares/Third_Party/FreeRTOS/Source/tasks.o
                0x000000000800d35e                xTaskCreate
 .text.prvInitialiseNewTask
                0x000000000800d3e8      0x10e Middlewares/Third_Party/FreeRTOS/Source/tasks.o
 *fill*         0x000000000800d4f6        0x2 
 .text.prvAddNewTaskToReadyList
                0x000000000800d4f8       0xd4 Middlewares/Third_Party/FreeRTOS/Source/tasks.o
 .text.vTaskDelay
                0x000000000800d5cc       0x68 Middlewares/Third_Party/FreeRTOS/Source/tasks.o
                0x000000000800d5cc                vTaskDelay
 .text.vTaskStartScheduler
                0x000000000800d634       0xc0 Middlewares/Third_Party/FreeRTOS/Source/tasks.o
                0x000000000800d634                vTaskStartScheduler
 .text.vTaskSuspendAll
                0x000000000800d6f4       0x1c Middlewares/Third_Party/FreeRTOS/Source/tasks.o
                0x000000000800d6f4                vTaskSuspendAll
 .text.xTaskResumeAll
                0x000000000800d710      0x138 Middlewares/Third_Party/FreeRTOS/Source/tasks.o
                0x000000000800d710                xTaskResumeAll
 .text.xTaskIncrementTick
                0x000000000800d848      0x170 Middlewares/Third_Party/FreeRTOS/Source/tasks.o
                0x000000000800d848                xTaskIncrementTick
 .text.vTaskSwitchContext
                0x000000000800d9b8       0xb8 Middlewares/Third_Party/FreeRTOS/Source/tasks.o
                0x000000000800d9b8                vTaskSwitchContext
 .text.vTaskPlaceOnEventList
                0x000000000800da70       0x48 Middlewares/Third_Party/FreeRTOS/Source/tasks.o
                0x000000000800da70                vTaskPlaceOnEventList
 .text.xTaskRemoveFromEventList
                0x000000000800dab8       0xc4 Middlewares/Third_Party/FreeRTOS/Source/tasks.o
                0x000000000800dab8                xTaskRemoveFromEventList
 .text.vTaskInternalSetTimeOutState
                0x000000000800db7c       0x2c Middlewares/Third_Party/FreeRTOS/Source/tasks.o
                0x000000000800db7c                vTaskInternalSetTimeOutState
 .text.xTaskCheckForTimeOut
                0x000000000800dba8       0xc4 Middlewares/Third_Party/FreeRTOS/Source/tasks.o
                0x000000000800dba8                xTaskCheckForTimeOut
 .text.vTaskMissedYield
                0x000000000800dc6c       0x18 Middlewares/Third_Party/FreeRTOS/Source/tasks.o
                0x000000000800dc6c                vTaskMissedYield
 .text.prvIdleTask
                0x000000000800dc84       0x30 Middlewares/Third_Party/FreeRTOS/Source/tasks.o
 .text.prvInitialiseTaskLists
                0x000000000800dcb4       0x80 Middlewares/Third_Party/FreeRTOS/Source/tasks.o
 .text.prvCheckTasksWaitingTermination
                0x000000000800dd34       0x5c Middlewares/Third_Party/FreeRTOS/Source/tasks.o
 .text.prvDeleteTCB
                0x000000000800dd90       0x5e Middlewares/Third_Party/FreeRTOS/Source/tasks.o
 *fill*         0x000000000800ddee        0x2 
 .text.prvResetNextTaskUnblockTime
                0x000000000800ddf0       0x40 Middlewares/Third_Party/FreeRTOS/Source/tasks.o
 .text.xTaskGetSchedulerState
                0x000000000800de30       0x3c Middlewares/Third_Party/FreeRTOS/Source/tasks.o
                0x000000000800de30                xTaskGetSchedulerState
 .text.xTaskPriorityInherit
                0x000000000800de6c       0xec Middlewares/Third_Party/FreeRTOS/Source/tasks.o
                0x000000000800de6c                xTaskPriorityInherit
 .text.xTaskPriorityDisinherit
                0x000000000800df58      0x10c Middlewares/Third_Party/FreeRTOS/Source/tasks.o
                0x000000000800df58                xTaskPriorityDisinherit
 .text.vTaskPriorityDisinheritAfterTimeout
                0x000000000800e064      0x11c Middlewares/Third_Party/FreeRTOS/Source/tasks.o
                0x000000000800e064                vTaskPriorityDisinheritAfterTimeout
 .text.pvTaskIncrementMutexHeldCount
                0x000000000800e180       0x28 Middlewares/Third_Party/FreeRTOS/Source/tasks.o
                0x000000000800e180                pvTaskIncrementMutexHeldCount
 .text.prvAddCurrentTaskToDelayedList
                0x000000000800e1a8       0xcc Middlewares/Third_Party/FreeRTOS/Source/tasks.o
 .text.pxPortInitialiseStack
                0x000000000800e274       0x68 Middlewares/Third_Party/FreeRTOS/Source/portable/GCC/ARM_CM4F/port.o
                0x000000000800e274                pxPortInitialiseStack
 .text.prvTaskExitError
                0x000000000800e2dc       0x58 Middlewares/Third_Party/FreeRTOS/Source/portable/GCC/ARM_CM4F/port.o
 *fill*         0x000000000800e334        0xc 
 .text.SVC_Handler
                0x000000000800e340       0x28 Middlewares/Third_Party/FreeRTOS/Source/portable/GCC/ARM_CM4F/port.o
                0x000000000800e340                SVC_Handler
 .text.prvPortStartFirstTask
                0x000000000800e368       0x28 Middlewares/Third_Party/FreeRTOS/Source/portable/GCC/ARM_CM4F/port.o
 .text.xPortStartScheduler
                0x000000000800e390      0x144 Middlewares/Third_Party/FreeRTOS/Source/portable/GCC/ARM_CM4F/port.o
                0x000000000800e390                xPortStartScheduler
 .text.vPortEnterCritical
                0x000000000800e4d4       0x60 Middlewares/Third_Party/FreeRTOS/Source/portable/GCC/ARM_CM4F/port.o
                0x000000000800e4d4                vPortEnterCritical
 .text.vPortExitCritical
                0x000000000800e534       0x54 Middlewares/Third_Party/FreeRTOS/Source/portable/GCC/ARM_CM4F/port.o
                0x000000000800e534                vPortExitCritical
 *fill*         0x000000000800e588        0x8 
 .text.PendSV_Handler
                0x000000000800e590       0x68 Middlewares/Third_Party/FreeRTOS/Source/portable/GCC/ARM_CM4F/port.o
                0x000000000800e590                PendSV_Handler
 .text.SysTick_Handler
                0x000000000800e5f8       0x44 Middlewares/Third_Party/FreeRTOS/Source/portable/GCC/ARM_CM4F/port.o
                0x000000000800e5f8                SysTick_Handler
 .text.vPortSetupTimerInterrupt
                0x000000000800e63c       0x48 Middlewares/Third_Party/FreeRTOS/Source/portable/GCC/ARM_CM4F/port.o
                0x000000000800e63c                vPortSetupTimerInterrupt
 .text.vPortEnableVFP
                0x000000000800e684       0x14 Middlewares/Third_Party/FreeRTOS/Source/portable/GCC/ARM_CM4F/port.o
 .text.vPortValidateInterruptPriority
                0x000000000800e698       0x80 Middlewares/Third_Party/FreeRTOS/Source/portable/GCC/ARM_CM4F/port.o
                0x000000000800e698                vPortValidateInterruptPriority
 .text.pvPortMalloc
                0x000000000800e718      0x198 Middlewares/Third_Party/FreeRTOS/Source/portable/MemMang/heap_4.o
                0x000000000800e718                pvPortMalloc
 .text.vPortFree
                0x000000000800e8b0       0xc4 Middlewares/Third_Party/FreeRTOS/Source/portable/MemMang/heap_4.o
                0x000000000800e8b0                vPortFree
 .text.prvHeapInit
                0x000000000800e974       0xc4 Middlewares/Third_Party/FreeRTOS/Source/portable/MemMang/heap_4.o
 .text.prvInsertBlockIntoFreeList
                0x000000000800ea38       0xb4 Middlewares/Third_Party/FreeRTOS/Source/portable/MemMang/heap_4.o
 .text.__libc_init_array
                0x000000000800eaec       0x48 d:/stm32cubeide_1.6.1/stm32cubeide/plugins/com.st.stm32cube.ide.mcu.externaltools.gnu-tools-for-stm32.9-2020-q2-update.win32_1.5.0.202011040924/tools/bin/../lib/gcc/arm-none-eabi/9.3.1/../../../../arm-none-eabi/lib/thumb/v7e-m+dp/hard\libc_nano.a(lib_a-init.o)
                0x000000000800eaec                __libc_init_array
 .text.memcpy   0x000000000800eb34       0x1c d:/stm32cubeide_1.6.1/stm32cubeide/plugins/com.st.stm32cube.ide.mcu.externaltools.gnu-tools-for-stm32.9-2020-q2-update.win32_1.5.0.202011040924/tools/bin/../lib/gcc/arm-none-eabi/9.3.1/../../../../arm-none-eabi/lib/thumb/v7e-m+dp/hard\libc_nano.a(lib_a-memcpy-stub.o)
                0x000000000800eb34                memcpy
 .text.memset   0x000000000800eb50       0x10 d:/stm32cubeide_1.6.1/stm32cubeide/plugins/com.st.stm32cube.ide.mcu.externaltools.gnu-tools-for-stm32.9-2020-q2-update.win32_1.5.0.202011040924/tools/bin/../lib/gcc/arm-none-eabi/9.3.1/../../../../arm-none-eabi/lib/thumb/v7e-m+dp/hard\libc_nano.a(lib_a-memset.o)
                0x000000000800eb50                memset
 *(.glue_7)
 .glue_7        0x000000000800eb60        0x0 linker stubs
 *(.glue_7t)
 .glue_7t       0x000000000800eb60        0x0 linker stubs
 *(.eh_frame)
 .eh_frame      0x000000000800eb60        0x0 d:/stm32cubeide_1.6.1/stm32cubeide/plugins/com.st.stm32cube.ide.mcu.externaltools.gnu-tools-for-stm32.9-2020-q2-update.win32_1.5.0.202011040924/tools/bin/../lib/gcc/arm-none-eabi/9.3.1/thumb/v7e-m+dp/hard/crtbegin.o
 *(.init)
 .init          0x000000000800eb60        0x4 d:/stm32cubeide_1.6.1/stm32cubeide/plugins/com.st.stm32cube.ide.mcu.externaltools.gnu-tools-for-stm32.9-2020-q2-update.win32_1.5.0.202011040924/tools/bin/../lib/gcc/arm-none-eabi/9.3.1/thumb/v7e-m+dp/hard/crti.o
                0x000000000800eb60                _init
 .init          0x000000000800eb64        0x8 d:/stm32cubeide_1.6.1/stm32cubeide/plugins/com.st.stm32cube.ide.mcu.externaltools.gnu-tools-for-stm32.9-2020-q2-update.win32_1.5.0.202011040924/tools/bin/../lib/gcc/arm-none-eabi/9.3.1/thumb/v7e-m+dp/hard/crtn.o
 *(.fini)
 .fini          0x000000000800eb6c        0x4 d:/stm32cubeide_1.6.1/stm32cubeide/plugins/com.st.stm32cube.ide.mcu.externaltools.gnu-tools-for-stm32.9-2020-q2-update.win32_1.5.0.202011040924/tools/bin/../lib/gcc/arm-none-eabi/9.3.1/thumb/v7e-m+dp/hard/crti.o
                0x000000000800eb6c                _fini
 .fini          0x000000000800eb70        0x8 d:/stm32cubeide_1.6.1/stm32cubeide/plugins/com.st.stm32cube.ide.mcu.externaltools.gnu-tools-for-stm32.9-2020-q2-update.win32_1.5.0.202011040924/tools/bin/../lib/gcc/arm-none-eabi/9.3.1/thumb/v7e-m+dp/hard/crtn.o
                0x000000000800eb78                . = ALIGN (0x4)
                0x000000000800eb78                _etext = .

.vfp11_veneer   0x000000000800eb78        0x0
 .vfp11_veneer  0x000000000800eb78        0x0 linker stubs

.v4_bx          0x000000000800eb78        0x0
 .v4_bx         0x000000000800eb78        0x0 linker stubs

.iplt           0x000000000800eb78        0x0
 .iplt          0x000000000800eb78        0x0 d:/stm32cubeide_1.6.1/stm32cubeide/plugins/com.st.stm32cube.ide.mcu.externaltools.gnu-tools-for-stm32.9-2020-q2-update.win32_1.5.0.202011040924/tools/bin/../lib/gcc/arm-none-eabi/9.3.1/thumb/v7e-m+dp/hard/crtbegin.o

.rodata         0x000000000800eb78      0x288
                0x000000000800eb78                . = ALIGN (0x4)
 *(.rodata)
 .rodata        0x000000000800eb78      0x23c Core/Src/freertos.o
 .rodata        0x000000000800edb4        0x3 LibROV3/Sensor.o
 *fill*         0x000000000800edb7        0x1 
 .rodata        0x000000000800edb8        0x5 Middlewares/Third_Party/FreeRTOS/Source/tasks.o
 *(.rodata*)
 *fill*         0x000000000800edbd        0x3 
 .rodata.D1CorePrescTable
                0x000000000800edc0       0x10 Core/Src/system_stm32h7xx.o
                0x000000000800edc0                D1CorePrescTable
 .rodata.flagBitshiftOffset.11064
                0x000000000800edd0        0x8 Drivers/STM32H7xx_HAL_Driver/Src/stm32h7xx_hal_dma.o
 .rodata.UARTPrescTable
                0x000000000800edd8       0x18 Drivers/STM32H7xx_HAL_Driver/Src/stm32h7xx_hal_uart.o
                0x000000000800edd8                UARTPrescTable
 .rodata.numerator.11031
                0x000000000800edf0        0x8 Drivers/STM32H7xx_HAL_Driver/Src/stm32h7xx_hal_uart_ex.o
 .rodata.denominator.11032
                0x000000000800edf8        0x8 Drivers/STM32H7xx_HAL_Driver/Src/stm32h7xx_hal_uart_ex.o
                0x000000000800ee00                . = ALIGN (0x4)

.ARM.extab
 *(.ARM.extab* .gnu.linkonce.armextab.*)

.ARM            0x000000000800ee00        0x8
                0x000000000800ee00                __exidx_start = .
 *(.ARM.exidx*)
 .ARM.exidx     0x000000000800ee00        0x8 d:/stm32cubeide_1.6.1/stm32cubeide/plugins/com.st.stm32cube.ide.mcu.externaltools.gnu-tools-for-stm32.9-2020-q2-update.win32_1.5.0.202011040924/tools/bin/../lib/gcc/arm-none-eabi/9.3.1/thumb/v7e-m+dp/hard\libgcc.a(_udivmoddi4.o)
                0x000000000800ee08                __exidx_end = .

.rel.dyn        0x000000000800ee08        0x0
 .rel.iplt      0x000000000800ee08        0x0 d:/stm32cubeide_1.6.1/stm32cubeide/plugins/com.st.stm32cube.ide.mcu.externaltools.gnu-tools-for-stm32.9-2020-q2-update.win32_1.5.0.202011040924/tools/bin/../lib/gcc/arm-none-eabi/9.3.1/thumb/v7e-m+dp/hard/crtbegin.o

.preinit_array  0x000000000800ee08        0x0
                0x000000000800ee08                PROVIDE (__preinit_array_start = .)
 *(.preinit_array*)
                0x000000000800ee08                PROVIDE (__preinit_array_end = .)

.init_array     0x000000000800ee08        0x4
                0x000000000800ee08                PROVIDE (__init_array_start = .)
 *(SORT_BY_NAME(.init_array.*))
 *(.init_array*)
 .init_array    0x000000000800ee08        0x4 d:/stm32cubeide_1.6.1/stm32cubeide/plugins/com.st.stm32cube.ide.mcu.externaltools.gnu-tools-for-stm32.9-2020-q2-update.win32_1.5.0.202011040924/tools/bin/../lib/gcc/arm-none-eabi/9.3.1/thumb/v7e-m+dp/hard/crtbegin.o
                0x000000000800ee0c                PROVIDE (__init_array_end = .)

.fini_array     0x000000000800ee0c        0x4
                [!provide]                        PROVIDE (__fini_array_start = .)
 *(SORT_BY_NAME(.fini_array.*))
 *(.fini_array*)
 .fini_array    0x000000000800ee0c        0x4 d:/stm32cubeide_1.6.1/stm32cubeide/plugins/com.st.stm32cube.ide.mcu.externaltools.gnu-tools-for-stm32.9-2020-q2-update.win32_1.5.0.202011040924/tools/bin/../lib/gcc/arm-none-eabi/9.3.1/thumb/v7e-m+dp/hard/crtbegin.o
                [!provide]                        PROVIDE (__fini_array_end = .)
                0x000000000800ee10                _sidata = LOADADDR (.data)

.data           0x0000000024000000       0x34 load address 0x000000000800ee10
                0x0000000024000000                . = ALIGN (0x4)
                0x0000000024000000                _sdata = .
 *(.data)
 *(.data*)
 .data.Cmd_TxBuffer.13547
                0x0000000024000000       0x1e Core/Src/freertos.o
 *fill*         0x000000002400001e        0x2 
 .data.SystemCoreClock
                0x0000000024000020        0x4 Core/Src/system_stm32h7xx.o
                0x0000000024000020                SystemCoreClock
 .data.SystemD2Clock
                0x0000000024000024        0x4 Core/Src/system_stm32h7xx.o
                0x0000000024000024                SystemD2Clock
 .data.uwTickPrio
                0x0000000024000028        0x4 Drivers/STM32H7xx_HAL_Driver/Src/stm32h7xx_hal.o
                0x0000000024000028                uwTickPrio
 .data.uwTickFreq
                0x000000002400002c        0x1 Drivers/STM32H7xx_HAL_Driver/Src/stm32h7xx_hal.o
                0x000000002400002c                uwTickFreq
 *fill*         0x000000002400002d        0x3 
 .data.uxCriticalNesting
                0x0000000024000030        0x4 Middlewares/Third_Party/FreeRTOS/Source/portable/GCC/ARM_CM4F/port.o
 *(.RamFunc)
 *(.RamFunc*)
                0x0000000024000034                . = ALIGN (0x4)
                0x0000000024000034                _edata = .

.igot.plt       0x0000000024000034        0x0 load address 0x000000000800ee44
 .igot.plt      0x0000000024000034        0x0 d:/stm32cubeide_1.6.1/stm32cubeide/plugins/com.st.stm32cube.ide.mcu.externaltools.gnu-tools-for-stm32.9-2020-q2-update.win32_1.5.0.202011040924/tools/bin/../lib/gcc/arm-none-eabi/9.3.1/thumb/v7e-m+dp/hard/crtbegin.o
                0x0000000024000034                . = ALIGN (0x4)

.bss            0x0000000024000034     0x9960 load address 0x000000000800ee44
                0x0000000024000034                _sbss = .
                0x0000000024000034                __bss_start__ = _sbss
 *(.bss)
 .bss           0x0000000024000034       0x1c d:/stm32cubeide_1.6.1/stm32cubeide/plugins/com.st.stm32cube.ide.mcu.externaltools.gnu-tools-for-stm32.9-2020-q2-update.win32_1.5.0.202011040924/tools/bin/../lib/gcc/arm-none-eabi/9.3.1/thumb/v7e-m+dp/hard/crtbegin.o
 *(.bss*)
 .bss.xIdleTaskTCBBuffer
                0x0000000024000050       0x54 Core/Src/freertos.o
 .bss.xIdleStack
                0x00000000240000a4      0x200 Core/Src/freertos.o
 .bss.control_data_origin.13546
                0x00000000240002a4       0x20 Core/Src/freertos.o
 .bss.IS_HOVER.13551
                0x00000000240002c4        0x1 Core/Src/freertos.o
 .bss.IS_FIRST_HOVER.13552
                0x00000000240002c5        0x1 Core/Src/freertos.o
 *fill*         0x00000000240002c6        0x2 
 .bss.hover_pid_result.13550
                0x00000000240002c8        0x4 Core/Src/freertos.o
 .bss.IS_ORBIT.13556
                0x00000000240002cc        0x1 Core/Src/freertos.o
 .bss.IS_FIRST_ORBIT.13557
                0x00000000240002cd        0x1 Core/Src/freertos.o
 *fill*         0x00000000240002ce        0x2 
 .bss.orbit_pid_result.13555
                0x00000000240002d0        0x4 Core/Src/freertos.o
 .bss.hover_target.13549
                0x00000000240002d4        0x2 Core/Src/freertos.o
 .bss.orbit_target.13554
                0x00000000240002d6        0x2 Core/Src/freertos.o
 .bss.report_data.13571
                0x00000000240002d8       0x38 Core/Src/freertos.o
 .bss.gy39_data.13566
                0x0000000024000310        0xc Core/Src/freertos.o
 .bss.wt931_data.13565
                0x000000002400031c       0x18 Core/Src/freertos.o
 .bss.wd_data.13567
                0x0000000024000334        0xc Core/Src/freertos.o
 .bss.p30_data.13568
                0x0000000024000340        0xc Core/Src/freertos.o
 .bss.rpt_data_powcarbin.13569
                0x000000002400034c       0x38 Core/Src/freertos.o
 .bss.CARBIN_REPORT_SEL.13564
                0x0000000024000384        0x1 Core/Src/freertos.o
 *fill*         0x0000000024000385        0x3 
 .bss.pxCurrentTCB
                0x0000000024000388        0x4 Middlewares/Third_Party/FreeRTOS/Source/tasks.o
                0x0000000024000388                pxCurrentTCB
 .bss.pxReadyTasksLists
                0x000000002400038c       0x8c Middlewares/Third_Party/FreeRTOS/Source/tasks.o
 .bss.xDelayedTaskList1
                0x0000000024000418       0x14 Middlewares/Third_Party/FreeRTOS/Source/tasks.o
 .bss.xDelayedTaskList2
                0x000000002400042c       0x14 Middlewares/Third_Party/FreeRTOS/Source/tasks.o
 .bss.pxDelayedTaskList
                0x0000000024000440        0x4 Middlewares/Third_Party/FreeRTOS/Source/tasks.o
 .bss.pxOverflowDelayedTaskList
                0x0000000024000444        0x4 Middlewares/Third_Party/FreeRTOS/Source/tasks.o
 .bss.xPendingReadyList
                0x0000000024000448       0x14 Middlewares/Third_Party/FreeRTOS/Source/tasks.o
 .bss.xTasksWaitingTermination
                0x000000002400045c       0x14 Middlewares/Third_Party/FreeRTOS/Source/tasks.o
 .bss.uxDeletedTasksWaitingCleanUp
                0x0000000024000470        0x4 Middlewares/Third_Party/FreeRTOS/Source/tasks.o
 .bss.xSuspendedTaskList
                0x0000000024000474       0x14 Middlewares/Third_Party/FreeRTOS/Source/tasks.o
 .bss.uxCurrentNumberOfTasks
                0x0000000024000488        0x4 Middlewares/Third_Party/FreeRTOS/Source/tasks.o
 .bss.xTickCount
                0x000000002400048c        0x4 Middlewares/Third_Party/FreeRTOS/Source/tasks.o
 .bss.uxTopReadyPriority
                0x0000000024000490        0x4 Middlewares/Third_Party/FreeRTOS/Source/tasks.o
 .bss.xSchedulerRunning
                0x0000000024000494        0x4 Middlewares/Third_Party/FreeRTOS/Source/tasks.o
 .bss.xPendedTicks
                0x0000000024000498        0x4 Middlewares/Third_Party/FreeRTOS/Source/tasks.o
 .bss.xYieldPending
                0x000000002400049c        0x4 Middlewares/Third_Party/FreeRTOS/Source/tasks.o
 .bss.xNumOfOverflows
                0x00000000240004a0        0x4 Middlewares/Third_Party/FreeRTOS/Source/tasks.o
 .bss.uxTaskNumber
                0x00000000240004a4        0x4 Middlewares/Third_Party/FreeRTOS/Source/tasks.o
 .bss.xNextTaskUnblockTime
                0x00000000240004a8        0x4 Middlewares/Third_Party/FreeRTOS/Source/tasks.o
 .bss.xIdleTaskHandle
                0x00000000240004ac        0x4 Middlewares/Third_Party/FreeRTOS/Source/tasks.o
 .bss.uxSchedulerSuspended
                0x00000000240004b0        0x4 Middlewares/Third_Party/FreeRTOS/Source/tasks.o
 .bss.ucMaxSysCallPriority
                0x00000000240004b4        0x1 Middlewares/Third_Party/FreeRTOS/Source/portable/GCC/ARM_CM4F/port.o
 *fill*         0x00000000240004b5        0x3 
 .bss.ulMaxPRIGROUPValue
                0x00000000240004b8        0x4 Middlewares/Third_Party/FreeRTOS/Source/portable/GCC/ARM_CM4F/port.o
 .bss.ucHeap    0x00000000240004bc     0x3c00 Middlewares/Third_Party/FreeRTOS/Source/portable/MemMang/heap_4.o
 .bss.xStart    0x00000000240040bc        0x8 Middlewares/Third_Party/FreeRTOS/Source/portable/MemMang/heap_4.o
 .bss.pxEnd     0x00000000240040c4        0x4 Middlewares/Third_Party/FreeRTOS/Source/portable/MemMang/heap_4.o
 .bss.xFreeBytesRemaining
                0x00000000240040c8        0x4 Middlewares/Third_Party/FreeRTOS/Source/portable/MemMang/heap_4.o
 .bss.xMinimumEverFreeBytesRemaining
                0x00000000240040cc        0x4 Middlewares/Third_Party/FreeRTOS/Source/portable/MemMang/heap_4.o
 .bss.xNumberOfSuccessfulAllocations
                0x00000000240040d0        0x4 Middlewares/Third_Party/FreeRTOS/Source/portable/MemMang/heap_4.o
 .bss.xNumberOfSuccessfulFrees
                0x00000000240040d4        0x4 Middlewares/Third_Party/FreeRTOS/Source/portable/MemMang/heap_4.o
 .bss.xBlockAllocatedBit
                0x00000000240040d8        0x4 Middlewares/Third_Party/FreeRTOS/Source/portable/MemMang/heap_4.o
 *(COMMON)
 COMMON         0x00000000240040dc     0x5058 Core/Src/freertos.o
                0x00000000240040dc                GY39_QueueBuffer
                0x00000000240040f4                P30_DONE_semControlBlock
                0x000000002400413c                Thread_ControlControlBlock
                0x0000000024004190                Thread_IdleControlBlock
                0x00000000240041e4                WT931_DONE_semHandle
                0x00000000240041e8                Cmd_QueueBuffer
                0x0000000024004208                WD_QueueHandle
                0x000000002400420c                WdHover_QueueBuffer
                0x0000000024004224                WdHover_QueueControlBlock
                0x000000002400426c                RPT_DONE_semControlBlock
                0x00000000240042b4                Thread_IdleBuffer
                0x0000000024004ab4                Thread_CatchCmdBuffer
                0x00000000240052b4                GY39_DONE_semControlBlock
                0x00000000240052fc                Thread_GY39Buffer
                0x0000000024005afc                WdHover_QueueHandle
                0x0000000024005b00                Thread_WDHandle
                0x0000000024005b04                WT931_QueueHandle
                0x0000000024005b08                GY39_QueueHandle
                0x0000000024005b0c                GY39_DONE_semHandle
                0x0000000024005b10                WD_DONE_semControlBlock
                0x0000000024005b58                Rpt_QueueBuffer
                0x0000000024005b90                WT931_DONE_semControlBlock
                0x0000000024005bd8                RPT_DONE_semHandle
                0x0000000024005bdc                WT931_QueueBuffer
                0x0000000024005c0c                Thread_WT931Handle
                0x0000000024005c10                Thread_CatchRptControlBlock
                0x0000000024005c64                Thread_CatchRptBuffer
                0x0000000024006464                Thread_P30Handle
                0x0000000024006468                ImuOrbit_QueueControlBlock
                0x00000000240064b0                Thread_WT931ControlBlock
                0x0000000024006504                Thread_CatchRptHandle
                0x0000000024006508                CMD_DONE_semHandle
                0x000000002400650c                Thread_P30Buffer
                0x0000000024006d0c                Cmd_QueueControlBlock
                0x0000000024006d54                Rpt_QueueControlBlock
                0x0000000024006d9c                Rpt_QueueHandle
                0x0000000024006da0                Thread_ReportControlBlock
                0x0000000024006df4                WT931_QueueControlBlock
                0x0000000024006e3c                WD_DONE_semHandle
                0x0000000024006e40                Cmd_QueueHandle
                0x0000000024006e44                P30_QueueControlBlock
                0x0000000024006e8c                ImuOrbit_QueueHandle
                0x0000000024006e90                P30_QueueHandle
                0x0000000024006e94                GY39_QueueControlBlock
                0x0000000024006edc                Thread_CatchCmdHandle
                0x0000000024006ee0                P30_QueueBuffer
                0x0000000024006ef8                Thread_WT931Buffer
                0x00000000240076f8                Thread_ReportBuffer
                0x0000000024007ef8                Thread_GY39ControlBlock
                0x0000000024007f4c                WD_QueueBuffer
                0x0000000024007f64                Thread_ReportHandle
                0x0000000024007f68                Thread_CatchCmdControlBlock
                0x0000000024007fbc                Thread_WDBuffer
                0x00000000240087bc                CMD_DONE_semControlBlock
                0x0000000024008804                Thread_WDControlBlock
                0x0000000024008858                Thread_IdleHandle
                0x000000002400885c                WD_QueueControlBlock
                0x00000000240088a4                Thread_ControlBuffer
                0x00000000240090a4                Thread_GY39Handle
                0x00000000240090a8                Thread_P30ControlBlock
                0x00000000240090fc                ImuOrbit_QueueBuffer
                0x000000002400912c                P30_DONE_semHandle
                0x0000000024009130                Thread_ControlHandle
 COMMON         0x0000000024009134       0x4c Core/Src/stm32h7xx_hal_timebase_tim.o
                0x0000000024009134                htim6
 COMMON         0x0000000024009180      0x810 Core/Src/usart.o
                0x0000000024009180                hdma_uart4_rx
                0x00000000240091f8                hdma_usart2_rx
                0x0000000024009270                hdma_usart3_rx
                0x00000000240092e8                huart3
                0x0000000024009378                hdma_usart1_tx
                0x00000000240093f0                huart5
                0x0000000024009480                hdma_usart1_rx
                0x00000000240094f8                hdma_usart2_tx
                0x0000000024009570                hdma_uart8_rx
                0x00000000240095e8                huart1
                0x0000000024009678                hdma_uart8_tx
                0x00000000240096f0                huart8
                0x0000000024009780                huart4
                0x0000000024009810                huart2
                0x00000000240098a0                hdma_uart5_rx
                0x0000000024009918                hdma_uart5_tx
 COMMON         0x0000000024009990        0x4 Drivers/STM32H7xx_HAL_Driver/Src/stm32h7xx_hal.o
                0x0000000024009990                uwTick
                0x0000000024009994                . = ALIGN (0x4)
                0x0000000024009994                _ebss = .
                0x0000000024009994                __bss_end__ = _ebss

._user_heap_stack
                0x0000000024009994      0x604 load address 0x000000000800ee44
                0x0000000024009998                . = ALIGN (0x8)
 *fill*         0x0000000024009994        0x4 
                [!provide]                        PROVIDE (end = .)
                0x0000000024009998                PROVIDE (_end = .)
                0x0000000024009b98                . = (. + _Min_Heap_Size)
 *fill*         0x0000000024009998      0x200 
                0x0000000024009f98                . = (. + _Min_Stack_Size)
 *fill*         0x0000000024009b98      0x400 
                0x0000000024009f98                . = ALIGN (0x8)

/DISCARD/
 libc.a(*)
 libm.a(*)
 libgcc.a(*)

.ARM.attributes
                0x0000000000000000       0x2e
 *(.ARM.attributes)
 .ARM.attributes
                0x0000000000000000       0x1e d:/stm32cubeide_1.6.1/stm32cubeide/plugins/com.st.stm32cube.ide.mcu.externaltools.gnu-tools-for-stm32.9-2020-q2-update.win32_1.5.0.202011040924/tools/bin/../lib/gcc/arm-none-eabi/9.3.1/thumb/v7e-m+dp/hard/crti.o
 .ARM.attributes
                0x000000000000001e       0x32 d:/stm32cubeide_1.6.1/stm32cubeide/plugins/com.st.stm32cube.ide.mcu.externaltools.gnu-tools-for-stm32.9-2020-q2-update.win32_1.5.0.202011040924/tools/bin/../lib/gcc/arm-none-eabi/9.3.1/thumb/v7e-m+dp/hard/crtbegin.o
 .ARM.attributes
                0x0000000000000050       0x32 Core/Src/dma.o
 .ARM.attributes
                0x0000000000000082       0x32 Core/Src/freertos.o
 .ARM.attributes
                0x00000000000000b4       0x32 Core/Src/gpio.o
 .ARM.attributes
                0x00000000000000e6       0x32 Core/Src/main.o
 .ARM.attributes
                0x0000000000000118       0x32 Core/Src/stm32h7xx_hal_msp.o
 .ARM.attributes
                0x000000000000014a       0x32 Core/Src/stm32h7xx_hal_timebase_tim.o
 .ARM.attributes
                0x000000000000017c       0x32 Core/Src/stm32h7xx_it.o
 .ARM.attributes
                0x00000000000001ae       0x32 Core/Src/system_stm32h7xx.o
 .ARM.attributes
                0x00000000000001e0       0x32 Core/Src/usart.o
 .ARM.attributes
                0x0000000000000212       0x21 Core/Startup/startup_stm32h750vbtx.o
 .ARM.attributes
                0x0000000000000233       0x32 Drivers/STM32H7xx_HAL_Driver/Src/stm32h7xx_hal.o
 .ARM.attributes
                0x0000000000000265       0x32 Drivers/STM32H7xx_HAL_Driver/Src/stm32h7xx_hal_cortex.o
 .ARM.attributes
                0x0000000000000297       0x32 Drivers/STM32H7xx_HAL_Driver/Src/stm32h7xx_hal_dma.o
 .ARM.attributes
                0x00000000000002c9       0x32 Drivers/STM32H7xx_HAL_Driver/Src/stm32h7xx_hal_gpio.o
 .ARM.attributes
                0x00000000000002fb       0x32 Drivers/STM32H7xx_HAL_Driver/Src/stm32h7xx_hal_pwr_ex.o
 .ARM.attributes
                0x000000000000032d       0x32 Drivers/STM32H7xx_HAL_Driver/Src/stm32h7xx_hal_rcc.o
 .ARM.attributes
                0x000000000000035f       0x32 Drivers/STM32H7xx_HAL_Driver/Src/stm32h7xx_hal_rcc_ex.o
 .ARM.attributes
                0x0000000000000391       0x32 Drivers/STM32H7xx_HAL_Driver/Src/stm32h7xx_hal_tim.o
 .ARM.attributes
                0x00000000000003c3       0x32 Drivers/STM32H7xx_HAL_Driver/Src/stm32h7xx_hal_tim_ex.o
 .ARM.attributes
                0x00000000000003f5       0x32 Drivers/STM32H7xx_HAL_Driver/Src/stm32h7xx_hal_uart.o
 .ARM.attributes
                0x0000000000000427       0x32 Drivers/STM32H7xx_HAL_Driver/Src/stm32h7xx_hal_uart_ex.o
 .ARM.attributes
                0x0000000000000459       0x32 LibROV3/Algorithm.o
 .ARM.attributes
                0x000000000000048b       0x32 LibROV3/BasicCtrl.o
 .ARM.attributes
                0x00000000000004bd       0x32 LibROV3/Sensor.o
 .ARM.attributes
                0x00000000000004ef       0x32 Middlewares/Third_Party/FreeRTOS/Source/CMSIS_RTOS/cmsis_os.o
 .ARM.attributes
                0x0000000000000521       0x32 Middlewares/Third_Party/FreeRTOS/Source/list.o
 .ARM.attributes
                0x0000000000000553       0x32 Middlewares/Third_Party/FreeRTOS/Source/queue.o
 .ARM.attributes
                0x0000000000000585       0x32 Middlewares/Third_Party/FreeRTOS/Source/tasks.o
 .ARM.attributes
                0x00000000000005b7       0x32 Middlewares/Third_Party/FreeRTOS/Source/portable/GCC/ARM_CM4F/port.o
 .ARM.attributes
                0x00000000000005e9       0x32 Middlewares/Third_Party/FreeRTOS/Source/portable/MemMang/heap_4.o
 .ARM.attributes
                0x000000000000061b       0x32 d:/stm32cubeide_1.6.1/stm32cubeide/plugins/com.st.stm32cube.ide.mcu.externaltools.gnu-tools-for-stm32.9-2020-q2-update.win32_1.5.0.202011040924/tools/bin/../lib/gcc/arm-none-eabi/9.3.1/../../../../arm-none-eabi/lib/thumb/v7e-m+dp/hard\libc_nano.a(lib_a-init.o)
 .ARM.attributes
                0x000000000000064d       0x32 d:/stm32cubeide_1.6.1/stm32cubeide/plugins/com.st.stm32cube.ide.mcu.externaltools.gnu-tools-for-stm32.9-2020-q2-update.win32_1.5.0.202011040924/tools/bin/../lib/gcc/arm-none-eabi/9.3.1/../../../../arm-none-eabi/lib/thumb/v7e-m+dp/hard\libc_nano.a(lib_a-memcpy-stub.o)
 .ARM.attributes
                0x000000000000067f       0x32 d:/stm32cubeide_1.6.1/stm32cubeide/plugins/com.st.stm32cube.ide.mcu.externaltools.gnu-tools-for-stm32.9-2020-q2-update.win32_1.5.0.202011040924/tools/bin/../lib/gcc/arm-none-eabi/9.3.1/../../../../arm-none-eabi/lib/thumb/v7e-m+dp/hard\libc_nano.a(lib_a-memset.o)
 .ARM.attributes
                0x00000000000006b1       0x1e d:/stm32cubeide_1.6.1/stm32cubeide/plugins/com.st.stm32cube.ide.mcu.externaltools.gnu-tools-for-stm32.9-2020-q2-update.win32_1.5.0.202011040924/tools/bin/../lib/gcc/arm-none-eabi/9.3.1/thumb/v7e-m+dp/hard\libgcc.a(_aeabi_uldivmod.o)
 .ARM.attributes
                0x00000000000006cf       0x32 d:/stm32cubeide_1.6.1/stm32cubeide/plugins/com.st.stm32cube.ide.mcu.externaltools.gnu-tools-for-stm32.9-2020-q2-update.win32_1.5.0.202011040924/tools/bin/../lib/gcc/arm-none-eabi/9.3.1/thumb/v7e-m+dp/hard\libgcc.a(_udivmoddi4.o)
 .ARM.attributes
                0x0000000000000701       0x1e d:/stm32cubeide_1.6.1/stm32cubeide/plugins/com.st.stm32cube.ide.mcu.externaltools.gnu-tools-for-stm32.9-2020-q2-update.win32_1.5.0.202011040924/tools/bin/../lib/gcc/arm-none-eabi/9.3.1/thumb/v7e-m+dp/hard\libgcc.a(_dvmd_tls.o)
 .ARM.attributes
                0x000000000000071f       0x1e d:/stm32cubeide_1.6.1/stm32cubeide/plugins/com.st.stm32cube.ide.mcu.externaltools.gnu-tools-for-stm32.9-2020-q2-update.win32_1.5.0.202011040924/tools/bin/../lib/gcc/arm-none-eabi/9.3.1/thumb/v7e-m+dp/hard/crtn.o
OUTPUT(OurEDA-B2S_CtrlH7.elf elf32-littlearm)
LOAD linker stubs
LOAD d:/stm32cubeide_1.6.1/stm32cubeide/plugins/com.st.stm32cube.ide.mcu.externaltools.gnu-tools-for-stm32.9-2020-q2-update.win32_1.5.0.202011040924/tools/bin/../lib/gcc/arm-none-eabi/9.3.1/../../../../arm-none-eabi/lib/thumb/v7e-m+dp/hard\libc.a
LOAD d:/stm32cubeide_1.6.1/stm32cubeide/plugins/com.st.stm32cube.ide.mcu.externaltools.gnu-tools-for-stm32.9-2020-q2-update.win32_1.5.0.202011040924/tools/bin/../lib/gcc/arm-none-eabi/9.3.1/../../../../arm-none-eabi/lib/thumb/v7e-m+dp/hard\libm.a
LOAD d:/stm32cubeide_1.6.1/stm32cubeide/plugins/com.st.stm32cube.ide.mcu.externaltools.gnu-tools-for-stm32.9-2020-q2-update.win32_1.5.0.202011040924/tools/bin/../lib/gcc/arm-none-eabi/9.3.1/thumb/v7e-m+dp/hard\libgcc.a

.debug_info     0x0000000000000000    0x31977
 .debug_info    0x0000000000000000     0x139b Core/Src/dma.o
 .debug_info    0x000000000000139b     0x27d9 Core/Src/freertos.o
 .debug_info    0x0000000000003b74     0x1191 Core/Src/gpio.o
 .debug_info    0x0000000000004d05     0x2330 Core/Src/main.o
 .debug_info    0x0000000000007035     0x137e Core/Src/stm32h7xx_hal_msp.o
 .debug_info    0x00000000000083b3     0x1afe Core/Src/stm32h7xx_hal_timebase_tim.o
 .debug_info    0x0000000000009eb1     0x1abf Core/Src/stm32h7xx_it.o
 .debug_info    0x000000000000b970     0x1787 Core/Src/system_stm32h7xx.o
 .debug_info    0x000000000000d0f7     0x1f01 Core/Src/usart.o
 .debug_info    0x000000000000eff8       0x22 Core/Startup/startup_stm32h750vbtx.o
 .debug_info    0x000000000000f01a     0x1fa3 Drivers/STM32H7xx_HAL_Driver/Src/stm32h7xx_hal.o
 .debug_info    0x0000000000010fbd     0x1c19 Drivers/STM32H7xx_HAL_Driver/Src/stm32h7xx_hal_cortex.o
 .debug_info    0x0000000000012bd6     0x174c Drivers/STM32H7xx_HAL_Driver/Src/stm32h7xx_hal_dma.o
 .debug_info    0x0000000000014322     0x17e6 Drivers/STM32H7xx_HAL_Driver/Src/stm32h7xx_hal_gpio.o
 .debug_info    0x0000000000015b08     0x1b45 Drivers/STM32H7xx_HAL_Driver/Src/stm32h7xx_hal_pwr_ex.o
 .debug_info    0x000000000001764d     0x1951 Drivers/STM32H7xx_HAL_Driver/Src/stm32h7xx_hal_rcc.o
 .debug_info    0x0000000000018f9e     0x1d00 Drivers/STM32H7xx_HAL_Driver/Src/stm32h7xx_hal_rcc_ex.o
 .debug_info    0x000000000001ac9e     0x37ca Drivers/STM32H7xx_HAL_Driver/Src/stm32h7xx_hal_tim.o
 .debug_info    0x000000000001e468     0x225f Drivers/STM32H7xx_HAL_Driver/Src/stm32h7xx_hal_tim_ex.o
 .debug_info    0x00000000000206c7     0x558a Drivers/STM32H7xx_HAL_Driver/Src/stm32h7xx_hal_uart.o
 .debug_info    0x0000000000025c51     0x19a9 Drivers/STM32H7xx_HAL_Driver/Src/stm32h7xx_hal_uart_ex.o
 .debug_info    0x00000000000275fa      0xd4b LibROV3/Algorithm.o
 .debug_info    0x0000000000028345      0xe73 LibROV3/BasicCtrl.o
 .debug_info    0x00000000000291b8      0x415 LibROV3/Sensor.o
 .debug_info    0x00000000000295cd     0x203c Middlewares/Third_Party/FreeRTOS/Source/CMSIS_RTOS/cmsis_os.o
 .debug_info    0x000000000002b609      0xb82 Middlewares/Third_Party/FreeRTOS/Source/list.o
 .debug_info    0x000000000002c18b     0x1ffc Middlewares/Third_Party/FreeRTOS/Source/queue.o
 .debug_info    0x000000000002e187     0x2575 Middlewares/Third_Party/FreeRTOS/Source/tasks.o
 .debug_info    0x00000000000306fc      0x4f1 Middlewares/Third_Party/FreeRTOS/Source/portable/GCC/ARM_CM4F/port.o
 .debug_info    0x0000000000030bed      0xd8a Middlewares/Third_Party/FreeRTOS/Source/portable/MemMang/heap_4.o

.debug_abbrev   0x0000000000000000     0x50cc
 .debug_abbrev  0x0000000000000000      0x21a Core/Src/dma.o
 .debug_abbrev  0x000000000000021a      0x2fc Core/Src/freertos.o
 .debug_abbrev  0x0000000000000516      0x229 Core/Src/gpio.o
 .debug_abbrev  0x000000000000073f      0x2af Core/Src/main.o
 .debug_abbrev  0x00000000000009ee      0x20f Core/Src/stm32h7xx_hal_msp.o
 .debug_abbrev  0x0000000000000bfd      0x271 Core/Src/stm32h7xx_hal_timebase_tim.o
 .debug_abbrev  0x0000000000000e6e      0x261 Core/Src/stm32h7xx_it.o
 .debug_abbrev  0x00000000000010cf      0x262 Core/Src/system_stm32h7xx.o
 .debug_abbrev  0x0000000000001331      0x2c1 Core/Src/usart.o
 .debug_abbrev  0x00000000000015f2       0x12 Core/Startup/startup_stm32h750vbtx.o
 .debug_abbrev  0x0000000000001604      0x31b Drivers/STM32H7xx_HAL_Driver/Src/stm32h7xx_hal.o
 .debug_abbrev  0x000000000000191f      0x409 Drivers/STM32H7xx_HAL_Driver/Src/stm32h7xx_hal_cortex.o
 .debug_abbrev  0x0000000000001d28      0x2c1 Drivers/STM32H7xx_HAL_Driver/Src/stm32h7xx_hal_dma.o
 .debug_abbrev  0x0000000000001fe9      0x2cb Drivers/STM32H7xx_HAL_Driver/Src/stm32h7xx_hal_gpio.o
 .debug_abbrev  0x00000000000022b4      0x350 Drivers/STM32H7xx_HAL_Driver/Src/stm32h7xx_hal_pwr_ex.o
 .debug_abbrev  0x0000000000002604      0x322 Drivers/STM32H7xx_HAL_Driver/Src/stm32h7xx_hal_rcc.o
 .debug_abbrev  0x0000000000002926      0x31d Drivers/STM32H7xx_HAL_Driver/Src/stm32h7xx_hal_rcc_ex.o
 .debug_abbrev  0x0000000000002c43      0x2f9 Drivers/STM32H7xx_HAL_Driver/Src/stm32h7xx_hal_tim.o
 .debug_abbrev  0x0000000000002f3c      0x301 Drivers/STM32H7xx_HAL_Driver/Src/stm32h7xx_hal_tim_ex.o
 .debug_abbrev  0x000000000000323d      0x37d Drivers/STM32H7xx_HAL_Driver/Src/stm32h7xx_hal_uart.o
 .debug_abbrev  0x00000000000035ba      0x33d Drivers/STM32H7xx_HAL_Driver/Src/stm32h7xx_hal_uart_ex.o
 .debug_abbrev  0x00000000000038f7      0x264 LibROV3/Algorithm.o
 .debug_abbrev  0x0000000000003b5b      0x289 LibROV3/BasicCtrl.o
 .debug_abbrev  0x0000000000003de4      0x11c LibROV3/Sensor.o
 .debug_abbrev  0x0000000000003f00      0x3d1 Middlewares/Third_Party/FreeRTOS/Source/CMSIS_RTOS/cmsis_os.o
 .debug_abbrev  0x00000000000042d1      0x1f7 Middlewares/Third_Party/FreeRTOS/Source/list.o
 .debug_abbrev  0x00000000000044c8      0x380 Middlewares/Third_Party/FreeRTOS/Source/queue.o
 .debug_abbrev  0x0000000000004848      0x380 Middlewares/Third_Party/FreeRTOS/Source/tasks.o
 .debug_abbrev  0x0000000000004bc8      0x231 Middlewares/Third_Party/FreeRTOS/Source/portable/GCC/ARM_CM4F/port.o
 .debug_abbrev  0x0000000000004df9      0x2d3 Middlewares/Third_Party/FreeRTOS/Source/portable/MemMang/heap_4.o

.debug_aranges  0x0000000000000000     0x1830
 .debug_aranges
                0x0000000000000000       0x20 Core/Src/dma.o
 .debug_aranges
                0x0000000000000020       0x78 Core/Src/freertos.o
 .debug_aranges
                0x0000000000000098       0x20 Core/Src/gpio.o
 .debug_aranges
                0x00000000000000b8       0x40 Core/Src/main.o
 .debug_aranges
                0x00000000000000f8       0x20 Core/Src/stm32h7xx_hal_msp.o
 .debug_aranges
                0x0000000000000118       0x30 Core/Src/stm32h7xx_hal_timebase_tim.o
 .debug_aranges
                0x0000000000000148       0xd0 Core/Src/stm32h7xx_it.o
 .debug_aranges
                0x0000000000000218       0x28 Core/Src/system_stm32h7xx.o
 .debug_aranges
                0x0000000000000240       0x60 Core/Src/usart.o
 .debug_aranges
                0x00000000000002a0       0x28 Core/Startup/startup_stm32h750vbtx.o
 .debug_aranges
                0x00000000000002c8      0x198 Drivers/STM32H7xx_HAL_Driver/Src/stm32h7xx_hal.o
 .debug_aranges
                0x0000000000000460      0x120 Drivers/STM32H7xx_HAL_Driver/Src/stm32h7xx_hal_cortex.o
 .debug_aranges
                0x0000000000000580       0xa0 Drivers/STM32H7xx_HAL_Driver/Src/stm32h7xx_hal_dma.o
 .debug_aranges
                0x0000000000000620       0x58 Drivers/STM32H7xx_HAL_Driver/Src/stm32h7xx_hal_gpio.o
 .debug_aranges
                0x0000000000000678      0x158 Drivers/STM32H7xx_HAL_Driver/Src/stm32h7xx_hal_pwr_ex.o
 .debug_aranges
                0x00000000000007d0       0x88 Drivers/STM32H7xx_HAL_Driver/Src/stm32h7xx_hal_rcc.o
 .debug_aranges
                0x0000000000000858       0xf8 Drivers/STM32H7xx_HAL_Driver/Src/stm32h7xx_hal_rcc_ex.o
 .debug_aranges
                0x0000000000000950      0x3e0 Drivers/STM32H7xx_HAL_Driver/Src/stm32h7xx_hal_tim.o
 .debug_aranges
                0x0000000000000d30      0x188 Drivers/STM32H7xx_HAL_Driver/Src/stm32h7xx_hal_tim_ex.o
 .debug_aranges
                0x0000000000000eb8      0x248 Drivers/STM32H7xx_HAL_Driver/Src/stm32h7xx_hal_uart.o
 .debug_aranges
                0x0000000000001100       0xa0 Drivers/STM32H7xx_HAL_Driver/Src/stm32h7xx_hal_uart_ex.o
 .debug_aranges
                0x00000000000011a0       0x50 LibROV3/Algorithm.o
 .debug_aranges
                0x00000000000011f0       0x48 LibROV3/BasicCtrl.o
 .debug_aranges
                0x0000000000001238       0x48 LibROV3/Sensor.o
 .debug_aranges
                0x0000000000001280      0x1d8 Middlewares/Third_Party/FreeRTOS/Source/CMSIS_RTOS/cmsis_os.o
 .debug_aranges
                0x0000000000001458       0x40 Middlewares/Third_Party/FreeRTOS/Source/list.o
 .debug_aranges
                0x0000000000001498      0x108 Middlewares/Third_Party/FreeRTOS/Source/queue.o
 .debug_aranges
                0x00000000000015a0      0x1b8 Middlewares/Third_Party/FreeRTOS/Source/tasks.o
 .debug_aranges
                0x0000000000001758       0x80 Middlewares/Third_Party/FreeRTOS/Source/portable/GCC/ARM_CM4F/port.o
 .debug_aranges
                0x00000000000017d8       0x58 Middlewares/Third_Party/FreeRTOS/Source/portable/MemMang/heap_4.o

.debug_ranges   0x0000000000000000     0x1688
 .debug_ranges  0x0000000000000000       0x10 Core/Src/dma.o
 .debug_ranges  0x0000000000000010       0x68 Core/Src/freertos.o
 .debug_ranges  0x0000000000000078       0x10 Core/Src/gpio.o
 .debug_ranges  0x0000000000000088       0x30 Core/Src/main.o
 .debug_ranges  0x00000000000000b8       0x10 Core/Src/stm32h7xx_hal_msp.o
 .debug_ranges  0x00000000000000c8       0x20 Core/Src/stm32h7xx_hal_timebase_tim.o
 .debug_ranges  0x00000000000000e8       0xc0 Core/Src/stm32h7xx_it.o
 .debug_ranges  0x00000000000001a8       0x18 Core/Src/system_stm32h7xx.o
 .debug_ranges  0x00000000000001c0       0x50 Core/Src/usart.o
 .debug_ranges  0x0000000000000210       0x20 Core/Startup/startup_stm32h750vbtx.o
 .debug_ranges  0x0000000000000230      0x188 Drivers/STM32H7xx_HAL_Driver/Src/stm32h7xx_hal.o
 .debug_ranges  0x00000000000003b8      0x110 Drivers/STM32H7xx_HAL_Driver/Src/stm32h7xx_hal_cortex.o
 .debug_ranges  0x00000000000004c8       0x90 Drivers/STM32H7xx_HAL_Driver/Src/stm32h7xx_hal_dma.o
 .debug_ranges  0x0000000000000558       0x48 Drivers/STM32H7xx_HAL_Driver/Src/stm32h7xx_hal_gpio.o
 .debug_ranges  0x00000000000005a0      0x148 Drivers/STM32H7xx_HAL_Driver/Src/stm32h7xx_hal_pwr_ex.o
 .debug_ranges  0x00000000000006e8       0x78 Drivers/STM32H7xx_HAL_Driver/Src/stm32h7xx_hal_rcc.o
 .debug_ranges  0x0000000000000760       0xe8 Drivers/STM32H7xx_HAL_Driver/Src/stm32h7xx_hal_rcc_ex.o
 .debug_ranges  0x0000000000000848      0x3d0 Drivers/STM32H7xx_HAL_Driver/Src/stm32h7xx_hal_tim.o
 .debug_ranges  0x0000000000000c18      0x178 Drivers/STM32H7xx_HAL_Driver/Src/stm32h7xx_hal_tim_ex.o
 .debug_ranges  0x0000000000000d90      0x268 Drivers/STM32H7xx_HAL_Driver/Src/stm32h7xx_hal_uart.o
 .debug_ranges  0x0000000000000ff8       0x90 Drivers/STM32H7xx_HAL_Driver/Src/stm32h7xx_hal_uart_ex.o
 .debug_ranges  0x0000000000001088       0x40 LibROV3/Algorithm.o
 .debug_ranges  0x00000000000010c8       0x38 LibROV3/BasicCtrl.o
 .debug_ranges  0x0000000000001100       0x38 LibROV3/Sensor.o
 .debug_ranges  0x0000000000001138      0x1c8 Middlewares/Third_Party/FreeRTOS/Source/CMSIS_RTOS/cmsis_os.o
 .debug_ranges  0x0000000000001300       0x30 Middlewares/Third_Party/FreeRTOS/Source/list.o
 .debug_ranges  0x0000000000001330       0xf8 Middlewares/Third_Party/FreeRTOS/Source/queue.o
 .debug_ranges  0x0000000000001428      0x1a8 Middlewares/Third_Party/FreeRTOS/Source/tasks.o